Archive member included to satisfy reference by file (symbol)

c:/asat/arm-gcc/10 2020-q4-major/bin/../lib/gcc/arm-none-eabi/10.2.1/thumb/v7e-m+fp/hard\libgcc.a(_arm_addsubdf3.o)
                              CMakeFiles/TEST_INTEGRATION.elf.dir/src/main.cpp.obj (__aeabi_f2d)
c:/asat/arm-gcc/10 2020-q4-major/bin/../lib/gcc/arm-none-eabi/10.2.1/thumb/v7e-m+fp/hard\libgcc.a(unwind-arm.o)
                              CMakeFiles/TEST_INTEGRATION.elf.dir/src/main.cpp.obj (__aeabi_unwind_cpp_pr0)
c:/asat/arm-gcc/10 2020-q4-major/bin/../lib/gcc/arm-none-eabi/10.2.1/thumb/v7e-m+fp/hard\libgcc.a(libunwind.o)
                              c:/asat/arm-gcc/10 2020-q4-major/bin/../lib/gcc/arm-none-eabi/10.2.1/thumb/v7e-m+fp/hard\libgcc.a(unwind-arm.o) (restore_core_regs)
c:/asat/arm-gcc/10 2020-q4-major/bin/../lib/gcc/arm-none-eabi/10.2.1/thumb/v7e-m+fp/hard\libgcc.a(pr-support.o)
                              c:/asat/arm-gcc/10 2020-q4-major/bin/../lib/gcc/arm-none-eabi/10.2.1/thumb/v7e-m+fp/hard\libgcc.a(unwind-arm.o) (__gnu_unwind_execute)
c:/asat/arm-gcc/10 2020-q4-major/bin/../lib/gcc/arm-none-eabi/10.2.1/../../../../arm-none-eabi/lib/thumb/v7e-m+fp/hard\libg_nano.a(lib_a-abort.o)
                              c:/asat/arm-gcc/10 2020-q4-major/bin/../lib/gcc/arm-none-eabi/10.2.1/thumb/v7e-m+fp/hard\libgcc.a(unwind-arm.o) (abort)
c:/asat/arm-gcc/10 2020-q4-major/bin/../lib/gcc/arm-none-eabi/10.2.1/../../../../arm-none-eabi/lib/thumb/v7e-m+fp/hard\libg_nano.a(lib_a-exit.o)
                              c:/asat/arm-gcc/10 2020-q4-major/bin/../lib/gcc/arm-none-eabi/10.2.1/../../../../arm-none-eabi/lib/thumb/v7e-m+fp/hard/crt0.o (exit)
c:/asat/arm-gcc/10 2020-q4-major/bin/../lib/gcc/arm-none-eabi/10.2.1/../../../../arm-none-eabi/lib/thumb/v7e-m+fp/hard\libg_nano.a(lib_a-impure.o)
                              c:/asat/arm-gcc/10 2020-q4-major/bin/../lib/gcc/arm-none-eabi/10.2.1/../../../../arm-none-eabi/lib/thumb/v7e-m+fp/hard\libg_nano.a(lib_a-exit.o) (_global_impure_ptr)
c:/asat/arm-gcc/10 2020-q4-major/bin/../lib/gcc/arm-none-eabi/10.2.1/../../../../arm-none-eabi/lib/thumb/v7e-m+fp/hard\libg_nano.a(lib_a-init.o)
                              c:/asat/arm-gcc/10 2020-q4-major/bin/../lib/gcc/arm-none-eabi/10.2.1/../../../../arm-none-eabi/lib/thumb/v7e-m+fp/hard/crt0.o (__libc_init_array)
c:/asat/arm-gcc/10 2020-q4-major/bin/../lib/gcc/arm-none-eabi/10.2.1/../../../../arm-none-eabi/lib/thumb/v7e-m+fp/hard\libg_nano.a(lib_a-memcpy-stub.o)
                              c:/asat/arm-gcc/10 2020-q4-major/bin/../lib/gcc/arm-none-eabi/10.2.1/thumb/v7e-m+fp/hard\libgcc.a(unwind-arm.o) (memcpy)
c:/asat/arm-gcc/10 2020-q4-major/bin/../lib/gcc/arm-none-eabi/10.2.1/../../../../arm-none-eabi/lib/thumb/v7e-m+fp/hard\libg_nano.a(lib_a-memset.o)
                              c:/asat/arm-gcc/10 2020-q4-major/bin/../lib/gcc/arm-none-eabi/10.2.1/../../../../arm-none-eabi/lib/thumb/v7e-m+fp/hard/crt0.o (memset)
c:/asat/arm-gcc/10 2020-q4-major/bin/../lib/gcc/arm-none-eabi/10.2.1/../../../../arm-none-eabi/lib/thumb/v7e-m+fp/hard\libg_nano.a(lib_a-signal.o)
                              c:/asat/arm-gcc/10 2020-q4-major/bin/../lib/gcc/arm-none-eabi/10.2.1/../../../../arm-none-eabi/lib/thumb/v7e-m+fp/hard\libg_nano.a(lib_a-abort.o) (raise)
c:/asat/arm-gcc/10 2020-q4-major/bin/../lib/gcc/arm-none-eabi/10.2.1/../../../../arm-none-eabi/lib/thumb/v7e-m+fp/hard\libg_nano.a(lib_a-signalr.o)
                              c:/asat/arm-gcc/10 2020-q4-major/bin/../lib/gcc/arm-none-eabi/10.2.1/../../../../arm-none-eabi/lib/thumb/v7e-m+fp/hard\libg_nano.a(lib_a-signal.o) (_kill_r)
c:/asat/arm-gcc/10 2020-q4-major/bin/../lib/gcc/arm-none-eabi/10.2.1/../../../../arm-none-eabi/lib/thumb/v7e-m+fp/hard\libg_nano.a(lib_a-nano-mallocr.o)
                              c:/asat/arm-gcc/10 2020-q4-major/bin/../lib/gcc/arm-none-eabi/10.2.1/../../../../arm-none-eabi/lib/thumb/v7e-m+fp/hard\libg_nano.a(lib_a-signal.o) (_malloc_r)
c:/asat/arm-gcc/10 2020-q4-major/bin/../lib/gcc/arm-none-eabi/10.2.1/../../../../arm-none-eabi/lib/thumb/v7e-m+fp/hard\libg_nano.a(lib_a-reent.o)
                              c:/asat/arm-gcc/10 2020-q4-major/bin/../lib/gcc/arm-none-eabi/10.2.1/../../../../arm-none-eabi/lib/thumb/v7e-m+fp/hard\libg_nano.a(lib_a-signalr.o) (errno)
c:/asat/arm-gcc/10 2020-q4-major/bin/../lib/gcc/arm-none-eabi/10.2.1/../../../../arm-none-eabi/lib/thumb/v7e-m+fp/hard\libg_nano.a(lib_a-sbrkr.o)
                              c:/asat/arm-gcc/10 2020-q4-major/bin/../lib/gcc/arm-none-eabi/10.2.1/../../../../arm-none-eabi/lib/thumb/v7e-m+fp/hard\libg_nano.a(lib_a-nano-mallocr.o) (_sbrk_r)
c:/asat/arm-gcc/10 2020-q4-major/bin/../lib/gcc/arm-none-eabi/10.2.1/../../../../arm-none-eabi/lib/thumb/v7e-m+fp/hard\libg_nano.a(lib_a-mlock.o)
                              c:/asat/arm-gcc/10 2020-q4-major/bin/../lib/gcc/arm-none-eabi/10.2.1/../../../../arm-none-eabi/lib/thumb/v7e-m+fp/hard\libg_nano.a(lib_a-nano-mallocr.o) (__malloc_lock)
c:/asat/arm-gcc/10 2020-q4-major/bin/../lib/gcc/arm-none-eabi/10.2.1/../../../../arm-none-eabi/lib/thumb/v7e-m+fp/hard\libg_nano.a(lib_a-nano-freer.o)
                              c:/asat/arm-gcc/10 2020-q4-major/bin/../lib/gcc/arm-none-eabi/10.2.1/../../../../arm-none-eabi/lib/thumb/v7e-m+fp/hard\libg_nano.a(lib_a-reent.o) (_free_r)
c:/asat/arm-gcc/10 2020-q4-major/bin/../lib/gcc/arm-none-eabi/10.2.1/../../../../arm-none-eabi/lib/thumb/v7e-m+fp/hard\libg_nano.a(lib_a-lock.o)
                              c:/asat/arm-gcc/10 2020-q4-major/bin/../lib/gcc/arm-none-eabi/10.2.1/../../../../arm-none-eabi/lib/thumb/v7e-m+fp/hard\libg_nano.a(lib_a-mlock.o) (__retarget_lock_acquire_recursive)
c:/asat/arm-gcc/10 2020-q4-major/bin/../lib/gcc/arm-none-eabi/10.2.1/../../../../arm-none-eabi/lib/thumb/v7e-m+fp/hard\libnosys.a(getpid.o)
                              c:/asat/arm-gcc/10 2020-q4-major/bin/../lib/gcc/arm-none-eabi/10.2.1/../../../../arm-none-eabi/lib/thumb/v7e-m+fp/hard\libg_nano.a(lib_a-signalr.o) (_getpid)
c:/asat/arm-gcc/10 2020-q4-major/bin/../lib/gcc/arm-none-eabi/10.2.1/../../../../arm-none-eabi/lib/thumb/v7e-m+fp/hard\libnosys.a(kill.o)
                              c:/asat/arm-gcc/10 2020-q4-major/bin/../lib/gcc/arm-none-eabi/10.2.1/../../../../arm-none-eabi/lib/thumb/v7e-m+fp/hard\libg_nano.a(lib_a-signalr.o) (_kill)
c:/asat/arm-gcc/10 2020-q4-major/bin/../lib/gcc/arm-none-eabi/10.2.1/../../../../arm-none-eabi/lib/thumb/v7e-m+fp/hard\libnosys.a(sbrk.o)
                              c:/asat/arm-gcc/10 2020-q4-major/bin/../lib/gcc/arm-none-eabi/10.2.1/../../../../arm-none-eabi/lib/thumb/v7e-m+fp/hard\libg_nano.a(lib_a-sbrkr.o) (_sbrk)
c:/asat/arm-gcc/10 2020-q4-major/bin/../lib/gcc/arm-none-eabi/10.2.1/../../../../arm-none-eabi/lib/thumb/v7e-m+fp/hard\libnosys.a(_exit.o)
                              c:/asat/arm-gcc/10 2020-q4-major/bin/../lib/gcc/arm-none-eabi/10.2.1/../../../../arm-none-eabi/lib/thumb/v7e-m+fp/hard\libg_nano.a(lib_a-abort.o) (_exit)

Discarded input sections

 .text          0x00000000        0x0 c:/asat/arm-gcc/10 2020-q4-major/bin/../lib/gcc/arm-none-eabi/10.2.1/thumb/v7e-m+fp/hard/crti.o
 .data          0x00000000        0x0 c:/asat/arm-gcc/10 2020-q4-major/bin/../lib/gcc/arm-none-eabi/10.2.1/thumb/v7e-m+fp/hard/crti.o
 .bss           0x00000000        0x0 c:/asat/arm-gcc/10 2020-q4-major/bin/../lib/gcc/arm-none-eabi/10.2.1/thumb/v7e-m+fp/hard/crti.o
 .data          0x00000000        0x4 c:/asat/arm-gcc/10 2020-q4-major/bin/../lib/gcc/arm-none-eabi/10.2.1/thumb/v7e-m+fp/hard/crtbegin.o
 .rodata        0x00000000       0x24 c:/asat/arm-gcc/10 2020-q4-major/bin/../lib/gcc/arm-none-eabi/10.2.1/thumb/v7e-m+fp/hard/crtbegin.o
 .text          0x00000000       0x7c c:/asat/arm-gcc/10 2020-q4-major/bin/../lib/gcc/arm-none-eabi/10.2.1/../../../../arm-none-eabi/lib/thumb/v7e-m+fp/hard/crt0.o
 .data          0x00000000        0x0 c:/asat/arm-gcc/10 2020-q4-major/bin/../lib/gcc/arm-none-eabi/10.2.1/../../../../arm-none-eabi/lib/thumb/v7e-m+fp/hard/crt0.o
 .bss           0x00000000        0x0 c:/asat/arm-gcc/10 2020-q4-major/bin/../lib/gcc/arm-none-eabi/10.2.1/../../../../arm-none-eabi/lib/thumb/v7e-m+fp/hard/crt0.o
 .ARM.extab     0x00000000        0x0 c:/asat/arm-gcc/10 2020-q4-major/bin/../lib/gcc/arm-none-eabi/10.2.1/../../../../arm-none-eabi/lib/thumb/v7e-m+fp/hard/crt0.o
 .ARM.exidx     0x00000000       0x10 c:/asat/arm-gcc/10 2020-q4-major/bin/../lib/gcc/arm-none-eabi/10.2.1/../../../../arm-none-eabi/lib/thumb/v7e-m+fp/hard/crt0.o
 .ARM.attributes
                0x00000000       0x1c c:/asat/arm-gcc/10 2020-q4-major/bin/../lib/gcc/arm-none-eabi/10.2.1/../../../../arm-none-eabi/lib/thumb/v7e-m+fp/hard/crt0.o
 .text          0x00000000        0x0 CMakeFiles/TEST_INTEGRATION.elf.dir/src/MCP9808/Src/MCP9808-internal.cpp.obj
 .data          0x00000000        0x0 CMakeFiles/TEST_INTEGRATION.elf.dir/src/MCP9808/Src/MCP9808-internal.cpp.obj
 .bss           0x00000000        0x0 CMakeFiles/TEST_INTEGRATION.elf.dir/src/MCP9808/Src/MCP9808-internal.cpp.obj
 .text._ZN7MCP98088writeRegEhRt
                0x00000000       0x3c CMakeFiles/TEST_INTEGRATION.elf.dir/src/MCP9808/Src/MCP9808-internal.cpp.obj
 .ARM.extab.text._ZN7MCP98088writeRegEhRt
                0x00000000        0xc CMakeFiles/TEST_INTEGRATION.elf.dir/src/MCP9808/Src/MCP9808-internal.cpp.obj
 .ARM.exidx.text._ZN7MCP98088writeRegEhRt
                0x00000000        0x8 CMakeFiles/TEST_INTEGRATION.elf.dir/src/MCP9808/Src/MCP9808-internal.cpp.obj
 .text._ZN7MCP98087readRegEhRt
                0x00000000       0x46 CMakeFiles/TEST_INTEGRATION.elf.dir/src/MCP9808/Src/MCP9808-internal.cpp.obj
 .ARM.extab.text._ZN7MCP98087readRegEhRt
                0x00000000        0xc CMakeFiles/TEST_INTEGRATION.elf.dir/src/MCP9808/Src/MCP9808-internal.cpp.obj
 .ARM.exidx.text._ZN7MCP98087readRegEhRt
                0x00000000        0x8 CMakeFiles/TEST_INTEGRATION.elf.dir/src/MCP9808/Src/MCP9808-internal.cpp.obj
 .text._ZN7MCP98086setRegEhtt
                0x00000000       0x4e CMakeFiles/TEST_INTEGRATION.elf.dir/src/MCP9808/Src/MCP9808-internal.cpp.obj
 .ARM.extab.text._ZN7MCP98086setRegEhtt
                0x00000000        0xc CMakeFiles/TEST_INTEGRATION.elf.dir/src/MCP9808/Src/MCP9808-internal.cpp.obj
 .ARM.exidx.text._ZN7MCP98086setRegEhtt
                0x00000000        0x8 CMakeFiles/TEST_INTEGRATION.elf.dir/src/MCP9808/Src/MCP9808-internal.cpp.obj
 .debug_info    0x00000000      0x721 CMakeFiles/TEST_INTEGRATION.elf.dir/src/MCP9808/Src/MCP9808-internal.cpp.obj
 .debug_abbrev  0x00000000      0x169 CMakeFiles/TEST_INTEGRATION.elf.dir/src/MCP9808/Src/MCP9808-internal.cpp.obj
 .debug_aranges
                0x00000000       0x30 CMakeFiles/TEST_INTEGRATION.elf.dir/src/MCP9808/Src/MCP9808-internal.cpp.obj
 .debug_ranges  0x00000000       0x20 CMakeFiles/TEST_INTEGRATION.elf.dir/src/MCP9808/Src/MCP9808-internal.cpp.obj
 .debug_line    0x00000000      0x2bf CMakeFiles/TEST_INTEGRATION.elf.dir/src/MCP9808/Src/MCP9808-internal.cpp.obj
 .debug_str     0x00000000      0x704 CMakeFiles/TEST_INTEGRATION.elf.dir/src/MCP9808/Src/MCP9808-internal.cpp.obj
 .comment       0x00000000       0x4e CMakeFiles/TEST_INTEGRATION.elf.dir/src/MCP9808/Src/MCP9808-internal.cpp.obj
 .debug_frame   0x00000000       0x7c CMakeFiles/TEST_INTEGRATION.elf.dir/src/MCP9808/Src/MCP9808-internal.cpp.obj
 .ARM.attributes
                0x00000000       0x34 CMakeFiles/TEST_INTEGRATION.elf.dir/src/MCP9808/Src/MCP9808-internal.cpp.obj
 .text          0x00000000        0x0 CMakeFiles/TEST_INTEGRATION.elf.dir/src/MCP9808/Src/MCP9808.cpp.obj
 .data          0x00000000        0x0 CMakeFiles/TEST_INTEGRATION.elf.dir/src/MCP9808/Src/MCP9808.cpp.obj
 .bss           0x00000000        0x0 CMakeFiles/TEST_INTEGRATION.elf.dir/src/MCP9808/Src/MCP9808.cpp.obj
 .text._ZN7MCP980811setHystTempEt
                0x00000000       0x22 CMakeFiles/TEST_INTEGRATION.elf.dir/src/MCP9808/Src/MCP9808.cpp.obj
 .ARM.extab.text._ZN7MCP980811setHystTempEt
                0x00000000        0xc CMakeFiles/TEST_INTEGRATION.elf.dir/src/MCP9808/Src/MCP9808.cpp.obj
 .ARM.exidx.text._ZN7MCP980811setHystTempEt
                0x00000000        0x8 CMakeFiles/TEST_INTEGRATION.elf.dir/src/MCP9808/Src/MCP9808.cpp.obj
 .text._ZN7MCP980813setLowPwrModeEt
                0x00000000       0x22 CMakeFiles/TEST_INTEGRATION.elf.dir/src/MCP9808/Src/MCP9808.cpp.obj
 .ARM.extab.text._ZN7MCP980813setLowPwrModeEt
                0x00000000        0xc CMakeFiles/TEST_INTEGRATION.elf.dir/src/MCP9808/Src/MCP9808.cpp.obj
 .ARM.exidx.text._ZN7MCP980813setLowPwrModeEt
                0x00000000        0x8 CMakeFiles/TEST_INTEGRATION.elf.dir/src/MCP9808/Src/MCP9808.cpp.obj
 .text._ZN7MCP980815setCritTempLockEt
                0x00000000       0x22 CMakeFiles/TEST_INTEGRATION.elf.dir/src/MCP9808/Src/MCP9808.cpp.obj
 .ARM.extab.text._ZN7MCP980815setCritTempLockEt
                0x00000000        0xc CMakeFiles/TEST_INTEGRATION.elf.dir/src/MCP9808/Src/MCP9808.cpp.obj
 .ARM.exidx.text._ZN7MCP980815setCritTempLockEt
                0x00000000        0x8 CMakeFiles/TEST_INTEGRATION.elf.dir/src/MCP9808/Src/MCP9808.cpp.obj
 .text._ZN7MCP980814setTempWinLockEt
                0x00000000       0x22 CMakeFiles/TEST_INTEGRATION.elf.dir/src/MCP9808/Src/MCP9808.cpp.obj
 .ARM.extab.text._ZN7MCP980814setTempWinLockEt
                0x00000000        0xc CMakeFiles/TEST_INTEGRATION.elf.dir/src/MCP9808/Src/MCP9808.cpp.obj
 .ARM.exidx.text._ZN7MCP980814setTempWinLockEt
                0x00000000        0x8 CMakeFiles/TEST_INTEGRATION.elf.dir/src/MCP9808/Src/MCP9808.cpp.obj
 .text._ZN7MCP980815clearInterruptsEv
                0x00000000       0x1e CMakeFiles/TEST_INTEGRATION.elf.dir/src/MCP9808/Src/MCP9808.cpp.obj
 .ARM.extab.text._ZN7MCP980815clearInterruptsEv
                0x00000000        0xc CMakeFiles/TEST_INTEGRATION.elf.dir/src/MCP9808/Src/MCP9808.cpp.obj
 .ARM.exidx.text._ZN7MCP980815clearInterruptsEv
                0x00000000        0x8 CMakeFiles/TEST_INTEGRATION.elf.dir/src/MCP9808/Src/MCP9808.cpp.obj
 .text._ZN7MCP980814setAlertStatusEt
                0x00000000       0x22 CMakeFiles/TEST_INTEGRATION.elf.dir/src/MCP9808/Src/MCP9808.cpp.obj
 .ARM.extab.text._ZN7MCP980814setAlertStatusEt
                0x00000000        0xc CMakeFiles/TEST_INTEGRATION.elf.dir/src/MCP9808/Src/MCP9808.cpp.obj
 .ARM.exidx.text._ZN7MCP980814setAlertStatusEt
                0x00000000        0x8 CMakeFiles/TEST_INTEGRATION.elf.dir/src/MCP9808/Src/MCP9808.cpp.obj
 .text._ZN7MCP980815setAlertControlEt
                0x00000000       0x22 CMakeFiles/TEST_INTEGRATION.elf.dir/src/MCP9808/Src/MCP9808.cpp.obj
 .ARM.extab.text._ZN7MCP980815setAlertControlEt
                0x00000000        0xc CMakeFiles/TEST_INTEGRATION.elf.dir/src/MCP9808/Src/MCP9808.cpp.obj
 .ARM.exidx.text._ZN7MCP980815setAlertControlEt
                0x00000000        0x8 CMakeFiles/TEST_INTEGRATION.elf.dir/src/MCP9808/Src/MCP9808.cpp.obj
 .text._ZN7MCP980817setAlertSelectionEt
                0x00000000       0x22 CMakeFiles/TEST_INTEGRATION.elf.dir/src/MCP9808/Src/MCP9808.cpp.obj
 .ARM.extab.text._ZN7MCP980817setAlertSelectionEt
                0x00000000        0xc CMakeFiles/TEST_INTEGRATION.elf.dir/src/MCP9808/Src/MCP9808.cpp.obj
 .ARM.exidx.text._ZN7MCP980817setAlertSelectionEt
                0x00000000        0x8 CMakeFiles/TEST_INTEGRATION.elf.dir/src/MCP9808/Src/MCP9808.cpp.obj
 .text._ZN7MCP980816setAlertPolarityEt
                0x00000000       0x22 CMakeFiles/TEST_INTEGRATION.elf.dir/src/MCP9808/Src/MCP9808.cpp.obj
 .ARM.extab.text._ZN7MCP980816setAlertPolarityEt
                0x00000000        0xc CMakeFiles/TEST_INTEGRATION.elf.dir/src/MCP9808/Src/MCP9808.cpp.obj
 .ARM.exidx.text._ZN7MCP980816setAlertPolarityEt
                0x00000000        0x8 CMakeFiles/TEST_INTEGRATION.elf.dir/src/MCP9808/Src/MCP9808.cpp.obj
 .text._ZN7MCP980812setAlertModeEt
                0x00000000       0x22 CMakeFiles/TEST_INTEGRATION.elf.dir/src/MCP9808/Src/MCP9808.cpp.obj
 .ARM.extab.text._ZN7MCP980812setAlertModeEt
                0x00000000        0xc CMakeFiles/TEST_INTEGRATION.elf.dir/src/MCP9808/Src/MCP9808.cpp.obj
 .ARM.exidx.text._ZN7MCP980812setAlertModeEt
                0x00000000        0x8 CMakeFiles/TEST_INTEGRATION.elf.dir/src/MCP9808/Src/MCP9808.cpp.obj
 .text._ZN7MCP980813setResolutionEt
                0x00000000       0x24 CMakeFiles/TEST_INTEGRATION.elf.dir/src/MCP9808/Src/MCP9808.cpp.obj
 .ARM.extab.text._ZN7MCP980813setResolutionEt
                0x00000000        0xc CMakeFiles/TEST_INTEGRATION.elf.dir/src/MCP9808/Src/MCP9808.cpp.obj
 .ARM.exidx.text._ZN7MCP980813setResolutionEt
                0x00000000        0x8 CMakeFiles/TEST_INTEGRATION.elf.dir/src/MCP9808/Src/MCP9808.cpp.obj
 .text._ZN7MCP98087getTempERf
                0x00000000       0x88 CMakeFiles/TEST_INTEGRATION.elf.dir/src/MCP9808/Src/MCP9808.cpp.obj
 .ARM.extab.text._ZN7MCP98087getTempERf
                0x00000000        0xc CMakeFiles/TEST_INTEGRATION.elf.dir/src/MCP9808/Src/MCP9808.cpp.obj
 .ARM.exidx.text._ZN7MCP98087getTempERf
                0x00000000        0x8 CMakeFiles/TEST_INTEGRATION.elf.dir/src/MCP9808/Src/MCP9808.cpp.obj
 .debug_info    0x00000000      0x886 CMakeFiles/TEST_INTEGRATION.elf.dir/src/MCP9808/Src/MCP9808.cpp.obj
 .debug_abbrev  0x00000000      0x182 CMakeFiles/TEST_INTEGRATION.elf.dir/src/MCP9808/Src/MCP9808.cpp.obj
 .debug_aranges
                0x00000000       0x78 CMakeFiles/TEST_INTEGRATION.elf.dir/src/MCP9808/Src/MCP9808.cpp.obj
 .debug_ranges  0x00000000       0x68 CMakeFiles/TEST_INTEGRATION.elf.dir/src/MCP9808/Src/MCP9808.cpp.obj
 .debug_line    0x00000000      0x389 CMakeFiles/TEST_INTEGRATION.elf.dir/src/MCP9808/Src/MCP9808.cpp.obj
 .debug_str     0x00000000      0x6d4 CMakeFiles/TEST_INTEGRATION.elf.dir/src/MCP9808/Src/MCP9808.cpp.obj
 .comment       0x00000000       0x4e CMakeFiles/TEST_INTEGRATION.elf.dir/src/MCP9808/Src/MCP9808.cpp.obj
 .debug_frame   0x00000000      0x1c0 CMakeFiles/TEST_INTEGRATION.elf.dir/src/MCP9808/Src/MCP9808.cpp.obj
 .ARM.attributes
                0x00000000       0x34 CMakeFiles/TEST_INTEGRATION.elf.dir/src/MCP9808/Src/MCP9808.cpp.obj
 .text          0x00000000        0x0 CMakeFiles/TEST_INTEGRATION.elf.dir/src/SampleClass.cpp.obj
 .data          0x00000000        0x0 CMakeFiles/TEST_INTEGRATION.elf.dir/src/SampleClass.cpp.obj
 .bss           0x00000000        0x0 CMakeFiles/TEST_INTEGRATION.elf.dir/src/SampleClass.cpp.obj
 .debug_line    0x00000000        0x0 CMakeFiles/TEST_INTEGRATION.elf.dir/src/SampleClass.cpp.obj
 .debug_str     0x00000000      0x136 CMakeFiles/TEST_INTEGRATION.elf.dir/src/SampleClass.cpp.obj
 .comment       0x00000000       0x4e CMakeFiles/TEST_INTEGRATION.elf.dir/src/SampleClass.cpp.obj
 .ARM.attributes
                0x00000000       0x39 CMakeFiles/TEST_INTEGRATION.elf.dir/src/SampleClass.cpp.obj
 .text          0x00000000        0x0 CMakeFiles/TEST_INTEGRATION.elf.dir/src/main.cpp.obj
 .data          0x00000000        0x0 CMakeFiles/TEST_INTEGRATION.elf.dir/src/main.cpp.obj
 .bss           0x00000000        0x0 CMakeFiles/TEST_INTEGRATION.elf.dir/src/main.cpp.obj
 .text.PIO_PinRead
                0x00000000       0x48 CMakeFiles/TEST_INTEGRATION.elf.dir/src/main.cpp.obj
 .ARM.extab.text.PIO_PinRead
                0x00000000        0xc CMakeFiles/TEST_INTEGRATION.elf.dir/src/main.cpp.obj
 .ARM.exidx.text.PIO_PinRead
                0x00000000        0x8 CMakeFiles/TEST_INTEGRATION.elf.dir/src/main.cpp.obj
 .bss.pinval    0x00000000        0x1 CMakeFiles/TEST_INTEGRATION.elf.dir/src/main.cpp.obj
 .data.xTask1   0x00000000        0x4 CMakeFiles/TEST_INTEGRATION.elf.dir/src/main.cpp.obj
 .bss.TempSensor
                0x00000000        0x1 CMakeFiles/TEST_INTEGRATION.elf.dir/src/main.cpp.obj
 .bss.temp      0x00000000        0x4 CMakeFiles/TEST_INTEGRATION.elf.dir/src/main.cpp.obj
 .rodata        0x00000000       0x22 CMakeFiles/TEST_INTEGRATION.elf.dir/src/main.cpp.obj
 .text._Z10xTask1CodePv
                0x00000000       0x3c CMakeFiles/TEST_INTEGRATION.elf.dir/src/main.cpp.obj
 .ARM.extab.text._Z10xTask1CodePv
                0x00000000        0xc CMakeFiles/TEST_INTEGRATION.elf.dir/src/main.cpp.obj
 .ARM.exidx.text._Z10xTask1CodePv
                0x00000000        0x8 CMakeFiles/TEST_INTEGRATION.elf.dir/src/main.cpp.obj
 .text._Z10xTask2CodePv
                0x00000000       0x24 CMakeFiles/TEST_INTEGRATION.elf.dir/src/main.cpp.obj
 .ARM.extab.text._Z10xTask2CodePv
                0x00000000        0xc CMakeFiles/TEST_INTEGRATION.elf.dir/src/main.cpp.obj
 .ARM.exidx.text._Z10xTask2CodePv
                0x00000000        0x8 CMakeFiles/TEST_INTEGRATION.elf.dir/src/main.cpp.obj
 .text.main     0x00000000       0x50 CMakeFiles/TEST_INTEGRATION.elf.dir/src/main.cpp.obj
 .ARM.extab.text.main
                0x00000000        0x0 CMakeFiles/TEST_INTEGRATION.elf.dir/src/main.cpp.obj
 .ARM.exidx.text.main
                0x00000000        0x8 CMakeFiles/TEST_INTEGRATION.elf.dir/src/main.cpp.obj
 .debug_info    0x00000000     0x112d CMakeFiles/TEST_INTEGRATION.elf.dir/src/main.cpp.obj
 .debug_abbrev  0x00000000      0x29f CMakeFiles/TEST_INTEGRATION.elf.dir/src/main.cpp.obj
 .debug_aranges
                0x00000000       0x38 CMakeFiles/TEST_INTEGRATION.elf.dir/src/main.cpp.obj
 .debug_ranges  0x00000000       0x28 CMakeFiles/TEST_INTEGRATION.elf.dir/src/main.cpp.obj
 .debug_line    0x00000000      0x490 CMakeFiles/TEST_INTEGRATION.elf.dir/src/main.cpp.obj
 .debug_str     0x00000000      0xfd6 CMakeFiles/TEST_INTEGRATION.elf.dir/src/main.cpp.obj
 .comment       0x00000000       0x4e CMakeFiles/TEST_INTEGRATION.elf.dir/src/main.cpp.obj
 .debug_frame   0x00000000       0x94 CMakeFiles/TEST_INTEGRATION.elf.dir/src/main.cpp.obj
 .ARM.attributes
                0x00000000       0x34 CMakeFiles/TEST_INTEGRATION.elf.dir/src/main.cpp.obj
 .text          0x00000000      0x378 c:/asat/arm-gcc/10 2020-q4-major/bin/../lib/gcc/arm-none-eabi/10.2.1/thumb/v7e-m+fp/hard\libgcc.a(_arm_addsubdf3.o)
 .data          0x00000000        0x0 c:/asat/arm-gcc/10 2020-q4-major/bin/../lib/gcc/arm-none-eabi/10.2.1/thumb/v7e-m+fp/hard\libgcc.a(_arm_addsubdf3.o)
 .bss           0x00000000        0x0 c:/asat/arm-gcc/10 2020-q4-major/bin/../lib/gcc/arm-none-eabi/10.2.1/thumb/v7e-m+fp/hard\libgcc.a(_arm_addsubdf3.o)
 .debug_frame   0x00000000       0xac c:/asat/arm-gcc/10 2020-q4-major/bin/../lib/gcc/arm-none-eabi/10.2.1/thumb/v7e-m+fp/hard\libgcc.a(_arm_addsubdf3.o)
 .ARM.attributes
                0x00000000       0x1e c:/asat/arm-gcc/10 2020-q4-major/bin/../lib/gcc/arm-none-eabi/10.2.1/thumb/v7e-m+fp/hard\libgcc.a(_arm_addsubdf3.o)
 .text          0x00000000      0x9d8 c:/asat/arm-gcc/10 2020-q4-major/bin/../lib/gcc/arm-none-eabi/10.2.1/thumb/v7e-m+fp/hard\libgcc.a(unwind-arm.o)
 .data          0x00000000        0x0 c:/asat/arm-gcc/10 2020-q4-major/bin/../lib/gcc/arm-none-eabi/10.2.1/thumb/v7e-m+fp/hard\libgcc.a(unwind-arm.o)
 .bss           0x00000000        0x0 c:/asat/arm-gcc/10 2020-q4-major/bin/../lib/gcc/arm-none-eabi/10.2.1/thumb/v7e-m+fp/hard\libgcc.a(unwind-arm.o)
 .ARM.extab     0x00000000        0x0 c:/asat/arm-gcc/10 2020-q4-major/bin/../lib/gcc/arm-none-eabi/10.2.1/thumb/v7e-m+fp/hard\libgcc.a(unwind-arm.o)
 .ARM.exidx     0x00000000       0xd8 c:/asat/arm-gcc/10 2020-q4-major/bin/../lib/gcc/arm-none-eabi/10.2.1/thumb/v7e-m+fp/hard\libgcc.a(unwind-arm.o)
 .debug_frame   0x00000000      0x2d4 c:/asat/arm-gcc/10 2020-q4-major/bin/../lib/gcc/arm-none-eabi/10.2.1/thumb/v7e-m+fp/hard\libgcc.a(unwind-arm.o)
 .ARM.attributes
                0x00000000       0x34 c:/asat/arm-gcc/10 2020-q4-major/bin/../lib/gcc/arm-none-eabi/10.2.1/thumb/v7e-m+fp/hard\libgcc.a(unwind-arm.o)
 .text          0x00000000      0x1ac c:/asat/arm-gcc/10 2020-q4-major/bin/../lib/gcc/arm-none-eabi/10.2.1/thumb/v7e-m+fp/hard\libgcc.a(libunwind.o)
 .data          0x00000000        0x0 c:/asat/arm-gcc/10 2020-q4-major/bin/../lib/gcc/arm-none-eabi/10.2.1/thumb/v7e-m+fp/hard\libgcc.a(libunwind.o)
 .bss           0x00000000        0x0 c:/asat/arm-gcc/10 2020-q4-major/bin/../lib/gcc/arm-none-eabi/10.2.1/thumb/v7e-m+fp/hard\libgcc.a(libunwind.o)
 .ARM.attributes
                0x00000000       0x1e c:/asat/arm-gcc/10 2020-q4-major/bin/../lib/gcc/arm-none-eabi/10.2.1/thumb/v7e-m+fp/hard\libgcc.a(libunwind.o)
 .text          0x00000000      0x350 c:/asat/arm-gcc/10 2020-q4-major/bin/../lib/gcc/arm-none-eabi/10.2.1/thumb/v7e-m+fp/hard\libgcc.a(pr-support.o)
 .data          0x00000000        0x0 c:/asat/arm-gcc/10 2020-q4-major/bin/../lib/gcc/arm-none-eabi/10.2.1/thumb/v7e-m+fp/hard\libgcc.a(pr-support.o)
 .bss           0x00000000        0x0 c:/asat/arm-gcc/10 2020-q4-major/bin/../lib/gcc/arm-none-eabi/10.2.1/thumb/v7e-m+fp/hard\libgcc.a(pr-support.o)
 .ARM.extab     0x00000000       0x18 c:/asat/arm-gcc/10 2020-q4-major/bin/../lib/gcc/arm-none-eabi/10.2.1/thumb/v7e-m+fp/hard\libgcc.a(pr-support.o)
 .ARM.exidx     0x00000000       0x38 c:/asat/arm-gcc/10 2020-q4-major/bin/../lib/gcc/arm-none-eabi/10.2.1/thumb/v7e-m+fp/hard\libgcc.a(pr-support.o)
 .text.unlikely
                0x00000000        0xc c:/asat/arm-gcc/10 2020-q4-major/bin/../lib/gcc/arm-none-eabi/10.2.1/thumb/v7e-m+fp/hard\libgcc.a(pr-support.o)
 .ARM.extab.text.unlikely
                0x00000000        0x0 c:/asat/arm-gcc/10 2020-q4-major/bin/../lib/gcc/arm-none-eabi/10.2.1/thumb/v7e-m+fp/hard\libgcc.a(pr-support.o)
 .ARM.exidx.text.unlikely
                0x00000000       0x10 c:/asat/arm-gcc/10 2020-q4-major/bin/../lib/gcc/arm-none-eabi/10.2.1/thumb/v7e-m+fp/hard\libgcc.a(pr-support.o)
 .debug_frame   0x00000000      0x104 c:/asat/arm-gcc/10 2020-q4-major/bin/../lib/gcc/arm-none-eabi/10.2.1/thumb/v7e-m+fp/hard\libgcc.a(pr-support.o)
 .ARM.attributes
                0x00000000       0x34 c:/asat/arm-gcc/10 2020-q4-major/bin/../lib/gcc/arm-none-eabi/10.2.1/thumb/v7e-m+fp/hard\libgcc.a(pr-support.o)
 .text          0x00000000        0x0 c:/asat/arm-gcc/10 2020-q4-major/bin/../lib/gcc/arm-none-eabi/10.2.1/../../../../arm-none-eabi/lib/thumb/v7e-m+fp/hard\libg_nano.a(lib_a-abort.o)
 .data          0x00000000        0x0 c:/asat/arm-gcc/10 2020-q4-major/bin/../lib/gcc/arm-none-eabi/10.2.1/../../../../arm-none-eabi/lib/thumb/v7e-m+fp/hard\libg_nano.a(lib_a-abort.o)
 .bss           0x00000000        0x0 c:/asat/arm-gcc/10 2020-q4-major/bin/../lib/gcc/arm-none-eabi/10.2.1/../../../../arm-none-eabi/lib/thumb/v7e-m+fp/hard\libg_nano.a(lib_a-abort.o)
 .text.abort    0x00000000        0xe c:/asat/arm-gcc/10 2020-q4-major/bin/../lib/gcc/arm-none-eabi/10.2.1/../../../../arm-none-eabi/lib/thumb/v7e-m+fp/hard\libg_nano.a(lib_a-abort.o)
 .debug_frame   0x00000000       0x28 c:/asat/arm-gcc/10 2020-q4-major/bin/../lib/gcc/arm-none-eabi/10.2.1/../../../../arm-none-eabi/lib/thumb/v7e-m+fp/hard\libg_nano.a(lib_a-abort.o)
 .ARM.attributes
                0x00000000       0x34 c:/asat/arm-gcc/10 2020-q4-major/bin/../lib/gcc/arm-none-eabi/10.2.1/../../../../arm-none-eabi/lib/thumb/v7e-m+fp/hard\libg_nano.a(lib_a-abort.o)
 .text          0x00000000        0x0 c:/asat/arm-gcc/10 2020-q4-major/bin/../lib/gcc/arm-none-eabi/10.2.1/../../../../arm-none-eabi/lib/thumb/v7e-m+fp/hard\libg_nano.a(lib_a-exit.o)
 .data          0x00000000        0x0 c:/asat/arm-gcc/10 2020-q4-major/bin/../lib/gcc/arm-none-eabi/10.2.1/../../../../arm-none-eabi/lib/thumb/v7e-m+fp/hard\libg_nano.a(lib_a-exit.o)
 .bss           0x00000000        0x0 c:/asat/arm-gcc/10 2020-q4-major/bin/../lib/gcc/arm-none-eabi/10.2.1/../../../../arm-none-eabi/lib/thumb/v7e-m+fp/hard\libg_nano.a(lib_a-exit.o)
 .text.exit     0x00000000       0x28 c:/asat/arm-gcc/10 2020-q4-major/bin/../lib/gcc/arm-none-eabi/10.2.1/../../../../arm-none-eabi/lib/thumb/v7e-m+fp/hard\libg_nano.a(lib_a-exit.o)
 .debug_frame   0x00000000       0x28 c:/asat/arm-gcc/10 2020-q4-major/bin/../lib/gcc/arm-none-eabi/10.2.1/../../../../arm-none-eabi/lib/thumb/v7e-m+fp/hard\libg_nano.a(lib_a-exit.o)
 .ARM.attributes
                0x00000000       0x34 c:/asat/arm-gcc/10 2020-q4-major/bin/../lib/gcc/arm-none-eabi/10.2.1/../../../../arm-none-eabi/lib/thumb/v7e-m+fp/hard\libg_nano.a(lib_a-exit.o)
 .text          0x00000000        0x0 c:/asat/arm-gcc/10 2020-q4-major/bin/../lib/gcc/arm-none-eabi/10.2.1/../../../../arm-none-eabi/lib/thumb/v7e-m+fp/hard\libg_nano.a(lib_a-impure.o)
 .data          0x00000000        0x0 c:/asat/arm-gcc/10 2020-q4-major/bin/../lib/gcc/arm-none-eabi/10.2.1/../../../../arm-none-eabi/lib/thumb/v7e-m+fp/hard\libg_nano.a(lib_a-impure.o)
 .bss           0x00000000        0x0 c:/asat/arm-gcc/10 2020-q4-major/bin/../lib/gcc/arm-none-eabi/10.2.1/../../../../arm-none-eabi/lib/thumb/v7e-m+fp/hard\libg_nano.a(lib_a-impure.o)
 .data._impure_ptr
                0x00000000        0x4 c:/asat/arm-gcc/10 2020-q4-major/bin/../lib/gcc/arm-none-eabi/10.2.1/../../../../arm-none-eabi/lib/thumb/v7e-m+fp/hard\libg_nano.a(lib_a-impure.o)
 .data.impure_data
                0x00000000       0x60 c:/asat/arm-gcc/10 2020-q4-major/bin/../lib/gcc/arm-none-eabi/10.2.1/../../../../arm-none-eabi/lib/thumb/v7e-m+fp/hard\libg_nano.a(lib_a-impure.o)
 .rodata._global_impure_ptr
                0x00000000        0x4 c:/asat/arm-gcc/10 2020-q4-major/bin/../lib/gcc/arm-none-eabi/10.2.1/../../../../arm-none-eabi/lib/thumb/v7e-m+fp/hard\libg_nano.a(lib_a-impure.o)
 .ARM.attributes
                0x00000000       0x32 c:/asat/arm-gcc/10 2020-q4-major/bin/../lib/gcc/arm-none-eabi/10.2.1/../../../../arm-none-eabi/lib/thumb/v7e-m+fp/hard\libg_nano.a(lib_a-impure.o)
 .text          0x00000000        0x0 c:/asat/arm-gcc/10 2020-q4-major/bin/../lib/gcc/arm-none-eabi/10.2.1/../../../../arm-none-eabi/lib/thumb/v7e-m+fp/hard\libg_nano.a(lib_a-init.o)
 .data          0x00000000        0x0 c:/asat/arm-gcc/10 2020-q4-major/bin/../lib/gcc/arm-none-eabi/10.2.1/../../../../arm-none-eabi/lib/thumb/v7e-m+fp/hard\libg_nano.a(lib_a-init.o)
 .bss           0x00000000        0x0 c:/asat/arm-gcc/10 2020-q4-major/bin/../lib/gcc/arm-none-eabi/10.2.1/../../../../arm-none-eabi/lib/thumb/v7e-m+fp/hard\libg_nano.a(lib_a-init.o)
 .text.__libc_init_array
                0x00000000       0x48 c:/asat/arm-gcc/10 2020-q4-major/bin/../lib/gcc/arm-none-eabi/10.2.1/../../../../arm-none-eabi/lib/thumb/v7e-m+fp/hard\libg_nano.a(lib_a-init.o)
 .debug_frame   0x00000000       0x2c c:/asat/arm-gcc/10 2020-q4-major/bin/../lib/gcc/arm-none-eabi/10.2.1/../../../../arm-none-eabi/lib/thumb/v7e-m+fp/hard\libg_nano.a(lib_a-init.o)
 .ARM.attributes
                0x00000000       0x34 c:/asat/arm-gcc/10 2020-q4-major/bin/../lib/gcc/arm-none-eabi/10.2.1/../../../../arm-none-eabi/lib/thumb/v7e-m+fp/hard\libg_nano.a(lib_a-init.o)
 .text          0x00000000        0x0 c:/asat/arm-gcc/10 2020-q4-major/bin/../lib/gcc/arm-none-eabi/10.2.1/../../../../arm-none-eabi/lib/thumb/v7e-m+fp/hard\libg_nano.a(lib_a-memcpy-stub.o)
 .data          0x00000000        0x0 c:/asat/arm-gcc/10 2020-q4-major/bin/../lib/gcc/arm-none-eabi/10.2.1/../../../../arm-none-eabi/lib/thumb/v7e-m+fp/hard\libg_nano.a(lib_a-memcpy-stub.o)
 .bss           0x00000000        0x0 c:/asat/arm-gcc/10 2020-q4-major/bin/../lib/gcc/arm-none-eabi/10.2.1/../../../../arm-none-eabi/lib/thumb/v7e-m+fp/hard\libg_nano.a(lib_a-memcpy-stub.o)
 .text.memcpy   0x00000000       0x1c c:/asat/arm-gcc/10 2020-q4-major/bin/../lib/gcc/arm-none-eabi/10.2.1/../../../../arm-none-eabi/lib/thumb/v7e-m+fp/hard\libg_nano.a(lib_a-memcpy-stub.o)
 .debug_frame   0x00000000       0x28 c:/asat/arm-gcc/10 2020-q4-major/bin/../lib/gcc/arm-none-eabi/10.2.1/../../../../arm-none-eabi/lib/thumb/v7e-m+fp/hard\libg_nano.a(lib_a-memcpy-stub.o)
 .ARM.attributes
                0x00000000       0x34 c:/asat/arm-gcc/10 2020-q4-major/bin/../lib/gcc/arm-none-eabi/10.2.1/../../../../arm-none-eabi/lib/thumb/v7e-m+fp/hard\libg_nano.a(lib_a-memcpy-stub.o)
 .text          0x00000000        0x0 c:/asat/arm-gcc/10 2020-q4-major/bin/../lib/gcc/arm-none-eabi/10.2.1/../../../../arm-none-eabi/lib/thumb/v7e-m+fp/hard\libg_nano.a(lib_a-memset.o)
 .data          0x00000000        0x0 c:/asat/arm-gcc/10 2020-q4-major/bin/../lib/gcc/arm-none-eabi/10.2.1/../../../../arm-none-eabi/lib/thumb/v7e-m+fp/hard\libg_nano.a(lib_a-memset.o)
 .bss           0x00000000        0x0 c:/asat/arm-gcc/10 2020-q4-major/bin/../lib/gcc/arm-none-eabi/10.2.1/../../../../arm-none-eabi/lib/thumb/v7e-m+fp/hard\libg_nano.a(lib_a-memset.o)
 .text.memset   0x00000000       0x10 c:/asat/arm-gcc/10 2020-q4-major/bin/../lib/gcc/arm-none-eabi/10.2.1/../../../../arm-none-eabi/lib/thumb/v7e-m+fp/hard\libg_nano.a(lib_a-memset.o)
 .debug_frame   0x00000000       0x20 c:/asat/arm-gcc/10 2020-q4-major/bin/../lib/gcc/arm-none-eabi/10.2.1/../../../../arm-none-eabi/lib/thumb/v7e-m+fp/hard\libg_nano.a(lib_a-memset.o)
 .ARM.attributes
                0x00000000       0x34 c:/asat/arm-gcc/10 2020-q4-major/bin/../lib/gcc/arm-none-eabi/10.2.1/../../../../arm-none-eabi/lib/thumb/v7e-m+fp/hard\libg_nano.a(lib_a-memset.o)
 .text          0x00000000        0x0 c:/asat/arm-gcc/10 2020-q4-major/bin/../lib/gcc/arm-none-eabi/10.2.1/../../../../arm-none-eabi/lib/thumb/v7e-m+fp/hard\libg_nano.a(lib_a-signal.o)
 .data          0x00000000        0x0 c:/asat/arm-gcc/10 2020-q4-major/bin/../lib/gcc/arm-none-eabi/10.2.1/../../../../arm-none-eabi/lib/thumb/v7e-m+fp/hard\libg_nano.a(lib_a-signal.o)
 .bss           0x00000000        0x0 c:/asat/arm-gcc/10 2020-q4-major/bin/../lib/gcc/arm-none-eabi/10.2.1/../../../../arm-none-eabi/lib/thumb/v7e-m+fp/hard\libg_nano.a(lib_a-signal.o)
 .text._init_signal_r
                0x00000000       0x28 c:/asat/arm-gcc/10 2020-q4-major/bin/../lib/gcc/arm-none-eabi/10.2.1/../../../../arm-none-eabi/lib/thumb/v7e-m+fp/hard\libg_nano.a(lib_a-signal.o)
 .text._signal_r
                0x00000000       0x30 c:/asat/arm-gcc/10 2020-q4-major/bin/../lib/gcc/arm-none-eabi/10.2.1/../../../../arm-none-eabi/lib/thumb/v7e-m+fp/hard\libg_nano.a(lib_a-signal.o)
 .text._raise_r
                0x00000000       0x50 c:/asat/arm-gcc/10 2020-q4-major/bin/../lib/gcc/arm-none-eabi/10.2.1/../../../../arm-none-eabi/lib/thumb/v7e-m+fp/hard\libg_nano.a(lib_a-signal.o)
 .text.__sigtramp_r
                0x00000000       0x48 c:/asat/arm-gcc/10 2020-q4-major/bin/../lib/gcc/arm-none-eabi/10.2.1/../../../../arm-none-eabi/lib/thumb/v7e-m+fp/hard\libg_nano.a(lib_a-signal.o)
 .text.raise    0x00000000       0x10 c:/asat/arm-gcc/10 2020-q4-major/bin/../lib/gcc/arm-none-eabi/10.2.1/../../../../arm-none-eabi/lib/thumb/v7e-m+fp/hard\libg_nano.a(lib_a-signal.o)
 .text.signal   0x00000000       0x10 c:/asat/arm-gcc/10 2020-q4-major/bin/../lib/gcc/arm-none-eabi/10.2.1/../../../../arm-none-eabi/lib/thumb/v7e-m+fp/hard\libg_nano.a(lib_a-signal.o)
 .text._init_signal
                0x00000000        0xc c:/asat/arm-gcc/10 2020-q4-major/bin/../lib/gcc/arm-none-eabi/10.2.1/../../../../arm-none-eabi/lib/thumb/v7e-m+fp/hard\libg_nano.a(lib_a-signal.o)
 .text.__sigtramp
                0x00000000       0x10 c:/asat/arm-gcc/10 2020-q4-major/bin/../lib/gcc/arm-none-eabi/10.2.1/../../../../arm-none-eabi/lib/thumb/v7e-m+fp/hard\libg_nano.a(lib_a-signal.o)
 .debug_frame   0x00000000       0xcc c:/asat/arm-gcc/10 2020-q4-major/bin/../lib/gcc/arm-none-eabi/10.2.1/../../../../arm-none-eabi/lib/thumb/v7e-m+fp/hard\libg_nano.a(lib_a-signal.o)
 .ARM.attributes
                0x00000000       0x34 c:/asat/arm-gcc/10 2020-q4-major/bin/../lib/gcc/arm-none-eabi/10.2.1/../../../../arm-none-eabi/lib/thumb/v7e-m+fp/hard\libg_nano.a(lib_a-signal.o)
 .text          0x00000000        0x0 c:/asat/arm-gcc/10 2020-q4-major/bin/../lib/gcc/arm-none-eabi/10.2.1/../../../../arm-none-eabi/lib/thumb/v7e-m+fp/hard\libg_nano.a(lib_a-signalr.o)
 .data          0x00000000        0x0 c:/asat/arm-gcc/10 2020-q4-major/bin/../lib/gcc/arm-none-eabi/10.2.1/../../../../arm-none-eabi/lib/thumb/v7e-m+fp/hard\libg_nano.a(lib_a-signalr.o)
 .bss           0x00000000        0x0 c:/asat/arm-gcc/10 2020-q4-major/bin/../lib/gcc/arm-none-eabi/10.2.1/../../../../arm-none-eabi/lib/thumb/v7e-m+fp/hard\libg_nano.a(lib_a-signalr.o)
 .text._kill_r  0x00000000       0x24 c:/asat/arm-gcc/10 2020-q4-major/bin/../lib/gcc/arm-none-eabi/10.2.1/../../../../arm-none-eabi/lib/thumb/v7e-m+fp/hard\libg_nano.a(lib_a-signalr.o)
 .text._getpid_r
                0x00000000        0x4 c:/asat/arm-gcc/10 2020-q4-major/bin/../lib/gcc/arm-none-eabi/10.2.1/../../../../arm-none-eabi/lib/thumb/v7e-m+fp/hard\libg_nano.a(lib_a-signalr.o)
 .debug_frame   0x00000000       0x3c c:/asat/arm-gcc/10 2020-q4-major/bin/../lib/gcc/arm-none-eabi/10.2.1/../../../../arm-none-eabi/lib/thumb/v7e-m+fp/hard\libg_nano.a(lib_a-signalr.o)
 .ARM.attributes
                0x00000000       0x34 c:/asat/arm-gcc/10 2020-q4-major/bin/../lib/gcc/arm-none-eabi/10.2.1/../../../../arm-none-eabi/lib/thumb/v7e-m+fp/hard\libg_nano.a(lib_a-signalr.o)
 .text          0x00000000        0x0 c:/asat/arm-gcc/10 2020-q4-major/bin/../lib/gcc/arm-none-eabi/10.2.1/../../../../arm-none-eabi/lib/thumb/v7e-m+fp/hard\libg_nano.a(lib_a-nano-mallocr.o)
 .data          0x00000000        0x0 c:/asat/arm-gcc/10 2020-q4-major/bin/../lib/gcc/arm-none-eabi/10.2.1/../../../../arm-none-eabi/lib/thumb/v7e-m+fp/hard\libg_nano.a(lib_a-nano-mallocr.o)
 .bss           0x00000000        0x0 c:/asat/arm-gcc/10 2020-q4-major/bin/../lib/gcc/arm-none-eabi/10.2.1/../../../../arm-none-eabi/lib/thumb/v7e-m+fp/hard\libg_nano.a(lib_a-nano-mallocr.o)
 .text._malloc_r
                0x00000000       0xb4 c:/asat/arm-gcc/10 2020-q4-major/bin/../lib/gcc/arm-none-eabi/10.2.1/../../../../arm-none-eabi/lib/thumb/v7e-m+fp/hard\libg_nano.a(lib_a-nano-mallocr.o)
 .bss.__malloc_free_list
                0x00000000        0x4 c:/asat/arm-gcc/10 2020-q4-major/bin/../lib/gcc/arm-none-eabi/10.2.1/../../../../arm-none-eabi/lib/thumb/v7e-m+fp/hard\libg_nano.a(lib_a-nano-mallocr.o)
 .bss.__malloc_sbrk_start
                0x00000000        0x4 c:/asat/arm-gcc/10 2020-q4-major/bin/../lib/gcc/arm-none-eabi/10.2.1/../../../../arm-none-eabi/lib/thumb/v7e-m+fp/hard\libg_nano.a(lib_a-nano-mallocr.o)
 .debug_frame   0x00000000       0x30 c:/asat/arm-gcc/10 2020-q4-major/bin/../lib/gcc/arm-none-eabi/10.2.1/../../../../arm-none-eabi/lib/thumb/v7e-m+fp/hard\libg_nano.a(lib_a-nano-mallocr.o)
 .ARM.attributes
                0x00000000       0x34 c:/asat/arm-gcc/10 2020-q4-major/bin/../lib/gcc/arm-none-eabi/10.2.1/../../../../arm-none-eabi/lib/thumb/v7e-m+fp/hard\libg_nano.a(lib_a-nano-mallocr.o)
 .text          0x00000000        0x0 c:/asat/arm-gcc/10 2020-q4-major/bin/../lib/gcc/arm-none-eabi/10.2.1/../../../../arm-none-eabi/lib/thumb/v7e-m+fp/hard\libg_nano.a(lib_a-reent.o)
 .data          0x00000000        0x0 c:/asat/arm-gcc/10 2020-q4-major/bin/../lib/gcc/arm-none-eabi/10.2.1/../../../../arm-none-eabi/lib/thumb/v7e-m+fp/hard\libg_nano.a(lib_a-reent.o)
 .bss           0x00000000        0x0 c:/asat/arm-gcc/10 2020-q4-major/bin/../lib/gcc/arm-none-eabi/10.2.1/../../../../arm-none-eabi/lib/thumb/v7e-m+fp/hard\libg_nano.a(lib_a-reent.o)
 .text.cleanup_glue
                0x00000000       0x1a c:/asat/arm-gcc/10 2020-q4-major/bin/../lib/gcc/arm-none-eabi/10.2.1/../../../../arm-none-eabi/lib/thumb/v7e-m+fp/hard\libg_nano.a(lib_a-reent.o)
 .text._reclaim_reent
                0x00000000       0xb8 c:/asat/arm-gcc/10 2020-q4-major/bin/../lib/gcc/arm-none-eabi/10.2.1/../../../../arm-none-eabi/lib/thumb/v7e-m+fp/hard\libg_nano.a(lib_a-reent.o)
 .bss.errno     0x00000000        0x4 c:/asat/arm-gcc/10 2020-q4-major/bin/../lib/gcc/arm-none-eabi/10.2.1/../../../../arm-none-eabi/lib/thumb/v7e-m+fp/hard\libg_nano.a(lib_a-reent.o)
 .debug_frame   0x00000000       0x5c c:/asat/arm-gcc/10 2020-q4-major/bin/../lib/gcc/arm-none-eabi/10.2.1/../../../../arm-none-eabi/lib/thumb/v7e-m+fp/hard\libg_nano.a(lib_a-reent.o)
 .ARM.attributes
                0x00000000       0x34 c:/asat/arm-gcc/10 2020-q4-major/bin/../lib/gcc/arm-none-eabi/10.2.1/../../../../arm-none-eabi/lib/thumb/v7e-m+fp/hard\libg_nano.a(lib_a-reent.o)
 .text          0x00000000        0x0 c:/asat/arm-gcc/10 2020-q4-major/bin/../lib/gcc/arm-none-eabi/10.2.1/../../../../arm-none-eabi/lib/thumb/v7e-m+fp/hard\libg_nano.a(lib_a-sbrkr.o)
 .data          0x00000000        0x0 c:/asat/arm-gcc/10 2020-q4-major/bin/../lib/gcc/arm-none-eabi/10.2.1/../../../../arm-none-eabi/lib/thumb/v7e-m+fp/hard\libg_nano.a(lib_a-sbrkr.o)
 .bss           0x00000000        0x0 c:/asat/arm-gcc/10 2020-q4-major/bin/../lib/gcc/arm-none-eabi/10.2.1/../../../../arm-none-eabi/lib/thumb/v7e-m+fp/hard\libg_nano.a(lib_a-sbrkr.o)
 .text._sbrk_r  0x00000000       0x20 c:/asat/arm-gcc/10 2020-q4-major/bin/../lib/gcc/arm-none-eabi/10.2.1/../../../../arm-none-eabi/lib/thumb/v7e-m+fp/hard\libg_nano.a(lib_a-sbrkr.o)
 .debug_frame   0x00000000       0x2c c:/asat/arm-gcc/10 2020-q4-major/bin/../lib/gcc/arm-none-eabi/10.2.1/../../../../arm-none-eabi/lib/thumb/v7e-m+fp/hard\libg_nano.a(lib_a-sbrkr.o)
 .ARM.attributes
                0x00000000       0x34 c:/asat/arm-gcc/10 2020-q4-major/bin/../lib/gcc/arm-none-eabi/10.2.1/../../../../arm-none-eabi/lib/thumb/v7e-m+fp/hard\libg_nano.a(lib_a-sbrkr.o)
 .text          0x00000000        0x0 c:/asat/arm-gcc/10 2020-q4-major/bin/../lib/gcc/arm-none-eabi/10.2.1/../../../../arm-none-eabi/lib/thumb/v7e-m+fp/hard\libg_nano.a(lib_a-mlock.o)
 .data          0x00000000        0x0 c:/asat/arm-gcc/10 2020-q4-major/bin/../lib/gcc/arm-none-eabi/10.2.1/../../../../arm-none-eabi/lib/thumb/v7e-m+fp/hard\libg_nano.a(lib_a-mlock.o)
 .bss           0x00000000        0x0 c:/asat/arm-gcc/10 2020-q4-major/bin/../lib/gcc/arm-none-eabi/10.2.1/../../../../arm-none-eabi/lib/thumb/v7e-m+fp/hard\libg_nano.a(lib_a-mlock.o)
 .text.__malloc_lock
                0x00000000        0xc c:/asat/arm-gcc/10 2020-q4-major/bin/../lib/gcc/arm-none-eabi/10.2.1/../../../../arm-none-eabi/lib/thumb/v7e-m+fp/hard\libg_nano.a(lib_a-mlock.o)
 .text.__malloc_unlock
                0x00000000        0xc c:/asat/arm-gcc/10 2020-q4-major/bin/../lib/gcc/arm-none-eabi/10.2.1/../../../../arm-none-eabi/lib/thumb/v7e-m+fp/hard\libg_nano.a(lib_a-mlock.o)
 .debug_frame   0x00000000       0x30 c:/asat/arm-gcc/10 2020-q4-major/bin/../lib/gcc/arm-none-eabi/10.2.1/../../../../arm-none-eabi/lib/thumb/v7e-m+fp/hard\libg_nano.a(lib_a-mlock.o)
 .ARM.attributes
                0x00000000       0x34 c:/asat/arm-gcc/10 2020-q4-major/bin/../lib/gcc/arm-none-eabi/10.2.1/../../../../arm-none-eabi/lib/thumb/v7e-m+fp/hard\libg_nano.a(lib_a-mlock.o)
 .text          0x00000000        0x0 c:/asat/arm-gcc/10 2020-q4-major/bin/../lib/gcc/arm-none-eabi/10.2.1/../../../../arm-none-eabi/lib/thumb/v7e-m+fp/hard\libg_nano.a(lib_a-nano-freer.o)
 .data          0x00000000        0x0 c:/asat/arm-gcc/10 2020-q4-major/bin/../lib/gcc/arm-none-eabi/10.2.1/../../../../arm-none-eabi/lib/thumb/v7e-m+fp/hard\libg_nano.a(lib_a-nano-freer.o)
 .bss           0x00000000        0x0 c:/asat/arm-gcc/10 2020-q4-major/bin/../lib/gcc/arm-none-eabi/10.2.1/../../../../arm-none-eabi/lib/thumb/v7e-m+fp/hard\libg_nano.a(lib_a-nano-freer.o)
 .text._free_r  0x00000000       0x98 c:/asat/arm-gcc/10 2020-q4-major/bin/../lib/gcc/arm-none-eabi/10.2.1/../../../../arm-none-eabi/lib/thumb/v7e-m+fp/hard\libg_nano.a(lib_a-nano-freer.o)
 .debug_frame   0x00000000       0x38 c:/asat/arm-gcc/10 2020-q4-major/bin/../lib/gcc/arm-none-eabi/10.2.1/../../../../arm-none-eabi/lib/thumb/v7e-m+fp/hard\libg_nano.a(lib_a-nano-freer.o)
 .ARM.attributes
                0x00000000       0x34 c:/asat/arm-gcc/10 2020-q4-major/bin/../lib/gcc/arm-none-eabi/10.2.1/../../../../arm-none-eabi/lib/thumb/v7e-m+fp/hard\libg_nano.a(lib_a-nano-freer.o)
 .text          0x00000000        0x0 c:/asat/arm-gcc/10 2020-q4-major/bin/../lib/gcc/arm-none-eabi/10.2.1/../../../../arm-none-eabi/lib/thumb/v7e-m+fp/hard\libg_nano.a(lib_a-lock.o)
 .data          0x00000000        0x0 c:/asat/arm-gcc/10 2020-q4-major/bin/../lib/gcc/arm-none-eabi/10.2.1/../../../../arm-none-eabi/lib/thumb/v7e-m+fp/hard\libg_nano.a(lib_a-lock.o)
 .bss           0x00000000        0x0 c:/asat/arm-gcc/10 2020-q4-major/bin/../lib/gcc/arm-none-eabi/10.2.1/../../../../arm-none-eabi/lib/thumb/v7e-m+fp/hard\libg_nano.a(lib_a-lock.o)
 .text.__retarget_lock_init
                0x00000000        0x2 c:/asat/arm-gcc/10 2020-q4-major/bin/../lib/gcc/arm-none-eabi/10.2.1/../../../../arm-none-eabi/lib/thumb/v7e-m+fp/hard\libg_nano.a(lib_a-lock.o)
 .text.__retarget_lock_init_recursive
                0x00000000        0x2 c:/asat/arm-gcc/10 2020-q4-major/bin/../lib/gcc/arm-none-eabi/10.2.1/../../../../arm-none-eabi/lib/thumb/v7e-m+fp/hard\libg_nano.a(lib_a-lock.o)
 .text.__retarget_lock_close
                0x00000000        0x2 c:/asat/arm-gcc/10 2020-q4-major/bin/../lib/gcc/arm-none-eabi/10.2.1/../../../../arm-none-eabi/lib/thumb/v7e-m+fp/hard\libg_nano.a(lib_a-lock.o)
 .text.__retarget_lock_close_recursive
                0x00000000        0x2 c:/asat/arm-gcc/10 2020-q4-major/bin/../lib/gcc/arm-none-eabi/10.2.1/../../../../arm-none-eabi/lib/thumb/v7e-m+fp/hard\libg_nano.a(lib_a-lock.o)
 .text.__retarget_lock_acquire
                0x00000000        0x2 c:/asat/arm-gcc/10 2020-q4-major/bin/../lib/gcc/arm-none-eabi/10.2.1/../../../../arm-none-eabi/lib/thumb/v7e-m+fp/hard\libg_nano.a(lib_a-lock.o)
 .text.__retarget_lock_acquire_recursive
                0x00000000        0x2 c:/asat/arm-gcc/10 2020-q4-major/bin/../lib/gcc/arm-none-eabi/10.2.1/../../../../arm-none-eabi/lib/thumb/v7e-m+fp/hard\libg_nano.a(lib_a-lock.o)
 .text.__retarget_lock_try_acquire
                0x00000000        0x4 c:/asat/arm-gcc/10 2020-q4-major/bin/../lib/gcc/arm-none-eabi/10.2.1/../../../../arm-none-eabi/lib/thumb/v7e-m+fp/hard\libg_nano.a(lib_a-lock.o)
 .text.__retarget_lock_try_acquire_recursive
                0x00000000        0x4 c:/asat/arm-gcc/10 2020-q4-major/bin/../lib/gcc/arm-none-eabi/10.2.1/../../../../arm-none-eabi/lib/thumb/v7e-m+fp/hard\libg_nano.a(lib_a-lock.o)
 .text.__retarget_lock_release
                0x00000000        0x2 c:/asat/arm-gcc/10 2020-q4-major/bin/../lib/gcc/arm-none-eabi/10.2.1/../../../../arm-none-eabi/lib/thumb/v7e-m+fp/hard\libg_nano.a(lib_a-lock.o)
 .text.__retarget_lock_release_recursive
                0x00000000        0x2 c:/asat/arm-gcc/10 2020-q4-major/bin/../lib/gcc/arm-none-eabi/10.2.1/../../../../arm-none-eabi/lib/thumb/v7e-m+fp/hard\libg_nano.a(lib_a-lock.o)
 .bss.__lock___arc4random_mutex
                0x00000000        0x1 c:/asat/arm-gcc/10 2020-q4-major/bin/../lib/gcc/arm-none-eabi/10.2.1/../../../../arm-none-eabi/lib/thumb/v7e-m+fp/hard\libg_nano.a(lib_a-lock.o)
 .bss.__lock___at_quick_exit_mutex
                0x00000000        0x1 c:/asat/arm-gcc/10 2020-q4-major/bin/../lib/gcc/arm-none-eabi/10.2.1/../../../../arm-none-eabi/lib/thumb/v7e-m+fp/hard\libg_nano.a(lib_a-lock.o)
 .bss.__lock___atexit_recursive_mutex
                0x00000000        0x1 c:/asat/arm-gcc/10 2020-q4-major/bin/../lib/gcc/arm-none-eabi/10.2.1/../../../../arm-none-eabi/lib/thumb/v7e-m+fp/hard\libg_nano.a(lib_a-lock.o)
 .bss.__lock___dd_hash_mutex
                0x00000000        0x1 c:/asat/arm-gcc/10 2020-q4-major/bin/../lib/gcc/arm-none-eabi/10.2.1/../../../../arm-none-eabi/lib/thumb/v7e-m+fp/hard\libg_nano.a(lib_a-lock.o)
 .bss.__lock___env_recursive_mutex
                0x00000000        0x1 c:/asat/arm-gcc/10 2020-q4-major/bin/../lib/gcc/arm-none-eabi/10.2.1/../../../../arm-none-eabi/lib/thumb/v7e-m+fp/hard\libg_nano.a(lib_a-lock.o)
 .bss.__lock___malloc_recursive_mutex
                0x00000000        0x1 c:/asat/arm-gcc/10 2020-q4-major/bin/../lib/gcc/arm-none-eabi/10.2.1/../../../../arm-none-eabi/lib/thumb/v7e-m+fp/hard\libg_nano.a(lib_a-lock.o)
 .bss.__lock___sfp_recursive_mutex
                0x00000000        0x1 c:/asat/arm-gcc/10 2020-q4-major/bin/../lib/gcc/arm-none-eabi/10.2.1/../../../../arm-none-eabi/lib/thumb/v7e-m+fp/hard\libg_nano.a(lib_a-lock.o)
 .bss.__lock___sinit_recursive_mutex
                0x00000000        0x1 c:/asat/arm-gcc/10 2020-q4-major/bin/../lib/gcc/arm-none-eabi/10.2.1/../../../../arm-none-eabi/lib/thumb/v7e-m+fp/hard\libg_nano.a(lib_a-lock.o)
 .bss.__lock___tz_mutex
                0x00000000        0x1 c:/asat/arm-gcc/10 2020-q4-major/bin/../lib/gcc/arm-none-eabi/10.2.1/../../../../arm-none-eabi/lib/thumb/v7e-m+fp/hard\libg_nano.a(lib_a-lock.o)
 .debug_frame   0x00000000       0xb0 c:/asat/arm-gcc/10 2020-q4-major/bin/../lib/gcc/arm-none-eabi/10.2.1/../../../../arm-none-eabi/lib/thumb/v7e-m+fp/hard\libg_nano.a(lib_a-lock.o)
 .ARM.attributes
                0x00000000       0x34 c:/asat/arm-gcc/10 2020-q4-major/bin/../lib/gcc/arm-none-eabi/10.2.1/../../../../arm-none-eabi/lib/thumb/v7e-m+fp/hard\libg_nano.a(lib_a-lock.o)
 .text          0x00000000        0x0 c:/asat/arm-gcc/10 2020-q4-major/bin/../lib/gcc/arm-none-eabi/10.2.1/../../../../arm-none-eabi/lib/thumb/v7e-m+fp/hard\libnosys.a(getpid.o)
 .data          0x00000000        0x0 c:/asat/arm-gcc/10 2020-q4-major/bin/../lib/gcc/arm-none-eabi/10.2.1/../../../../arm-none-eabi/lib/thumb/v7e-m+fp/hard\libnosys.a(getpid.o)
 .bss           0x00000000        0x0 c:/asat/arm-gcc/10 2020-q4-major/bin/../lib/gcc/arm-none-eabi/10.2.1/../../../../arm-none-eabi/lib/thumb/v7e-m+fp/hard\libnosys.a(getpid.o)
 .stab          0x00000000       0x24 c:/asat/arm-gcc/10 2020-q4-major/bin/../lib/gcc/arm-none-eabi/10.2.1/../../../../arm-none-eabi/lib/thumb/v7e-m+fp/hard\libnosys.a(getpid.o)
 .text._getpid  0x00000000       0x10 c:/asat/arm-gcc/10 2020-q4-major/bin/../lib/gcc/arm-none-eabi/10.2.1/../../../../arm-none-eabi/lib/thumb/v7e-m+fp/hard\libnosys.a(getpid.o)
 .debug_frame   0x00000000       0x20 c:/asat/arm-gcc/10 2020-q4-major/bin/../lib/gcc/arm-none-eabi/10.2.1/../../../../arm-none-eabi/lib/thumb/v7e-m+fp/hard\libnosys.a(getpid.o)
 .ARM.attributes
                0x00000000       0x34 c:/asat/arm-gcc/10 2020-q4-major/bin/../lib/gcc/arm-none-eabi/10.2.1/../../../../arm-none-eabi/lib/thumb/v7e-m+fp/hard\libnosys.a(getpid.o)
 .text          0x00000000        0x0 c:/asat/arm-gcc/10 2020-q4-major/bin/../lib/gcc/arm-none-eabi/10.2.1/../../../../arm-none-eabi/lib/thumb/v7e-m+fp/hard\libnosys.a(kill.o)
 .data          0x00000000        0x0 c:/asat/arm-gcc/10 2020-q4-major/bin/../lib/gcc/arm-none-eabi/10.2.1/../../../../arm-none-eabi/lib/thumb/v7e-m+fp/hard\libnosys.a(kill.o)
 .bss           0x00000000        0x0 c:/asat/arm-gcc/10 2020-q4-major/bin/../lib/gcc/arm-none-eabi/10.2.1/../../../../arm-none-eabi/lib/thumb/v7e-m+fp/hard\libnosys.a(kill.o)
 .stab          0x00000000       0x18 c:/asat/arm-gcc/10 2020-q4-major/bin/../lib/gcc/arm-none-eabi/10.2.1/../../../../arm-none-eabi/lib/thumb/v7e-m+fp/hard\libnosys.a(kill.o)
                                 0x24 (size before relaxing)
 .text._kill    0x00000000       0x10 c:/asat/arm-gcc/10 2020-q4-major/bin/../lib/gcc/arm-none-eabi/10.2.1/../../../../arm-none-eabi/lib/thumb/v7e-m+fp/hard\libnosys.a(kill.o)
 .debug_frame   0x00000000       0x20 c:/asat/arm-gcc/10 2020-q4-major/bin/../lib/gcc/arm-none-eabi/10.2.1/../../../../arm-none-eabi/lib/thumb/v7e-m+fp/hard\libnosys.a(kill.o)
 .ARM.attributes
                0x00000000       0x34 c:/asat/arm-gcc/10 2020-q4-major/bin/../lib/gcc/arm-none-eabi/10.2.1/../../../../arm-none-eabi/lib/thumb/v7e-m+fp/hard\libnosys.a(kill.o)
 .text          0x00000000        0x0 c:/asat/arm-gcc/10 2020-q4-major/bin/../lib/gcc/arm-none-eabi/10.2.1/../../../../arm-none-eabi/lib/thumb/v7e-m+fp/hard\libnosys.a(sbrk.o)
 .data          0x00000000        0x0 c:/asat/arm-gcc/10 2020-q4-major/bin/../lib/gcc/arm-none-eabi/10.2.1/../../../../arm-none-eabi/lib/thumb/v7e-m+fp/hard\libnosys.a(sbrk.o)
 .bss           0x00000000        0x0 c:/asat/arm-gcc/10 2020-q4-major/bin/../lib/gcc/arm-none-eabi/10.2.1/../../../../arm-none-eabi/lib/thumb/v7e-m+fp/hard\libnosys.a(sbrk.o)
 .text._sbrk    0x00000000       0x1c c:/asat/arm-gcc/10 2020-q4-major/bin/../lib/gcc/arm-none-eabi/10.2.1/../../../../arm-none-eabi/lib/thumb/v7e-m+fp/hard\libnosys.a(sbrk.o)
 .bss.heap_end.0
                0x00000000        0x4 c:/asat/arm-gcc/10 2020-q4-major/bin/../lib/gcc/arm-none-eabi/10.2.1/../../../../arm-none-eabi/lib/thumb/v7e-m+fp/hard\libnosys.a(sbrk.o)
 .debug_frame   0x00000000       0x20 c:/asat/arm-gcc/10 2020-q4-major/bin/../lib/gcc/arm-none-eabi/10.2.1/../../../../arm-none-eabi/lib/thumb/v7e-m+fp/hard\libnosys.a(sbrk.o)
 .ARM.attributes
                0x00000000       0x34 c:/asat/arm-gcc/10 2020-q4-major/bin/../lib/gcc/arm-none-eabi/10.2.1/../../../../arm-none-eabi/lib/thumb/v7e-m+fp/hard\libnosys.a(sbrk.o)
 .text          0x00000000        0x0 c:/asat/arm-gcc/10 2020-q4-major/bin/../lib/gcc/arm-none-eabi/10.2.1/../../../../arm-none-eabi/lib/thumb/v7e-m+fp/hard\libnosys.a(_exit.o)
 .data          0x00000000        0x0 c:/asat/arm-gcc/10 2020-q4-major/bin/../lib/gcc/arm-none-eabi/10.2.1/../../../../arm-none-eabi/lib/thumb/v7e-m+fp/hard\libnosys.a(_exit.o)
 .bss           0x00000000        0x0 c:/asat/arm-gcc/10 2020-q4-major/bin/../lib/gcc/arm-none-eabi/10.2.1/../../../../arm-none-eabi/lib/thumb/v7e-m+fp/hard\libnosys.a(_exit.o)
 .text._exit    0x00000000        0x4 c:/asat/arm-gcc/10 2020-q4-major/bin/../lib/gcc/arm-none-eabi/10.2.1/../../../../arm-none-eabi/lib/thumb/v7e-m+fp/hard\libnosys.a(_exit.o)
 .debug_frame   0x00000000       0x20 c:/asat/arm-gcc/10 2020-q4-major/bin/../lib/gcc/arm-none-eabi/10.2.1/../../../../arm-none-eabi/lib/thumb/v7e-m+fp/hard\libnosys.a(_exit.o)
 .ARM.attributes
                0x00000000       0x34 c:/asat/arm-gcc/10 2020-q4-major/bin/../lib/gcc/arm-none-eabi/10.2.1/../../../../arm-none-eabi/lib/thumb/v7e-m+fp/hard\libnosys.a(_exit.o)
 .text          0x00000000        0x0 c:/asat/arm-gcc/10 2020-q4-major/bin/../lib/gcc/arm-none-eabi/10.2.1/thumb/v7e-m+fp/hard/crtend.o
 .data          0x00000000        0x0 c:/asat/arm-gcc/10 2020-q4-major/bin/../lib/gcc/arm-none-eabi/10.2.1/thumb/v7e-m+fp/hard/crtend.o
 .bss           0x00000000        0x0 c:/asat/arm-gcc/10 2020-q4-major/bin/../lib/gcc/arm-none-eabi/10.2.1/thumb/v7e-m+fp/hard/crtend.o
 .rodata        0x00000000       0x24 c:/asat/arm-gcc/10 2020-q4-major/bin/../lib/gcc/arm-none-eabi/10.2.1/thumb/v7e-m+fp/hard/crtend.o
 .eh_frame      0x00000000        0x4 c:/asat/arm-gcc/10 2020-q4-major/bin/../lib/gcc/arm-none-eabi/10.2.1/thumb/v7e-m+fp/hard/crtend.o
 .ARM.attributes
                0x00000000       0x32 c:/asat/arm-gcc/10 2020-q4-major/bin/../lib/gcc/arm-none-eabi/10.2.1/thumb/v7e-m+fp/hard/crtend.o
 .text          0x00000000        0x0 c:/asat/arm-gcc/10 2020-q4-major/bin/../lib/gcc/arm-none-eabi/10.2.1/thumb/v7e-m+fp/hard/crtn.o
 .data          0x00000000        0x0 c:/asat/arm-gcc/10 2020-q4-major/bin/../lib/gcc/arm-none-eabi/10.2.1/thumb/v7e-m+fp/hard/crtn.o
 .bss           0x00000000        0x0 c:/asat/arm-gcc/10 2020-q4-major/bin/../lib/gcc/arm-none-eabi/10.2.1/thumb/v7e-m+fp/hard/crtn.o

Memory Configuration

Name             Origin             Length             Attributes
rom              0x00400000         0x00200000         xr
ram              0x20400000         0x00060000         xrw
*default*        0x00000000         0xffffffff

Linker script and memory map

LOAD c:/asat/arm-gcc/10 2020-q4-major/bin/../lib/gcc/arm-none-eabi/10.2.1/thumb/v7e-m+fp/hard/crti.o
LOAD c:/asat/arm-gcc/10 2020-q4-major/bin/../lib/gcc/arm-none-eabi/10.2.1/thumb/v7e-m+fp/hard/crtbegin.o
LOAD c:/asat/arm-gcc/10 2020-q4-major/bin/../lib/gcc/arm-none-eabi/10.2.1/../../../../arm-none-eabi/lib/thumb/v7e-m+fp/hard/crt0.o
LOAD CMakeFiles/TEST_INTEGRATION.elf.dir/src/MCP9808/Src/MCP9808-internal.cpp.obj
LOAD CMakeFiles/TEST_INTEGRATION.elf.dir/src/MCP9808/Src/MCP9808.cpp.obj
LOAD CMakeFiles/TEST_INTEGRATION.elf.dir/src/SampleClass.cpp.obj
LOAD CMakeFiles/TEST_INTEGRATION.elf.dir/src/main.cpp.obj
LOAD c:/asat/arm-gcc/10 2020-q4-major/bin/../lib/gcc/arm-none-eabi/10.2.1/../../../../arm-none-eabi/lib/thumb/v7e-m+fp/hard\libstdc++_nano.a
LOAD c:/asat/arm-gcc/10 2020-q4-major/bin/../lib/gcc/arm-none-eabi/10.2.1/../../../../arm-none-eabi/lib/thumb/v7e-m+fp/hard\libm.a
START GROUP
LOAD c:/asat/arm-gcc/10 2020-q4-major/bin/../lib/gcc/arm-none-eabi/10.2.1/thumb/v7e-m+fp/hard\libgcc.a
LOAD c:/asat/arm-gcc/10 2020-q4-major/bin/../lib/gcc/arm-none-eabi/10.2.1/../../../../arm-none-eabi/lib/thumb/v7e-m+fp/hard\libg_nano.a
LOAD c:/asat/arm-gcc/10 2020-q4-major/bin/../lib/gcc/arm-none-eabi/10.2.1/../../../../arm-none-eabi/lib/thumb/v7e-m+fp/hard\libc_nano.a
END GROUP
START GROUP
LOAD c:/asat/arm-gcc/10 2020-q4-major/bin/../lib/gcc/arm-none-eabi/10.2.1/thumb/v7e-m+fp/hard\libgcc.a
LOAD c:/asat/arm-gcc/10 2020-q4-major/bin/../lib/gcc/arm-none-eabi/10.2.1/../../../../arm-none-eabi/lib/thumb/v7e-m+fp/hard\libc_nano.a
LOAD c:/asat/arm-gcc/10 2020-q4-major/bin/../lib/gcc/arm-none-eabi/10.2.1/../../../../arm-none-eabi/lib/thumb/v7e-m+fp/hard\libnosys.a
END GROUP
START GROUP
LOAD c:/asat/arm-gcc/10 2020-q4-major/bin/../lib/gcc/arm-none-eabi/10.2.1/thumb/v7e-m+fp/hard\libgcc.a
LOAD c:/asat/arm-gcc/10 2020-q4-major/bin/../lib/gcc/arm-none-eabi/10.2.1/../../../../arm-none-eabi/lib/thumb/v7e-m+fp/hard\libc_nano.a
LOAD c:/asat/arm-gcc/10 2020-q4-major/bin/../lib/gcc/arm-none-eabi/10.2.1/../../../../arm-none-eabi/lib/thumb/v7e-m+fp/hard\libnosys.a
END GROUP
LOAD c:/asat/arm-gcc/10 2020-q4-major/bin/../lib/gcc/arm-none-eabi/10.2.1/thumb/v7e-m+fp/hard/crtend.o
LOAD c:/asat/arm-gcc/10 2020-q4-major/bin/../lib/gcc/arm-none-eabi/10.2.1/thumb/v7e-m+fp/hard/crtn.o
                0x00002000                STACK_SIZE = DEFINED (STACK_SIZE)?STACK_SIZE:DEFINED (__stack_size__)?__stack_size__:0x2000

.text           0x00400000       0x60
                0x00400000                . = ALIGN (0x4)
                0x00400000                _sfixed = .
 *(.vectors .vectors.*)
 *(.text .text.* .gnu.linkonce.t.*)
 .text          0x00400000       0x40 c:/asat/arm-gcc/10 2020-q4-major/bin/../lib/gcc/arm-none-eabi/10.2.1/thumb/v7e-m+fp/hard/crtbegin.o
 *(.glue_7t)
 .glue_7t       0x00400040        0x0 linker stubs
 *(.glue_7)
 .glue_7        0x00400040        0x0 linker stubs
 *(.rodata .rodata* .gnu.linkonce.r.*)
 *(.ARM.extab* .gnu.linkonce.armextab.*)
                0x00400040                . = ALIGN (0x4)
 *(.init)
 .init          0x00400040        0x4 c:/asat/arm-gcc/10 2020-q4-major/bin/../lib/gcc/arm-none-eabi/10.2.1/thumb/v7e-m+fp/hard/crti.o
                0x00400040                _init
 .init          0x00400044        0x8 c:/asat/arm-gcc/10 2020-q4-major/bin/../lib/gcc/arm-none-eabi/10.2.1/thumb/v7e-m+fp/hard/crtn.o
                0x0040004c                . = ALIGN (0x4)
                0x0040004c                __preinit_array_start = .
 *(.preinit_array)
                0x0040004c                __preinit_array_end = .
                0x0040004c                . = ALIGN (0x4)
                0x0040004c                __init_array_start = .
 *(SORT_BY_NAME(.init_array.*))
 *(.init_array)
 .init_array    0x0040004c        0x4 c:/asat/arm-gcc/10 2020-q4-major/bin/../lib/gcc/arm-none-eabi/10.2.1/thumb/v7e-m+fp/hard/crtbegin.o
                0x00400050                __init_array_end = .
                0x00400050                . = ALIGN (0x4)
 *crtbegin.o(.ctors)
 *(EXCLUDE_FILE(*crtend.o) .ctors)
 *(SORT_BY_NAME(.ctors.*))
 *crtend.o(.ctors)
                0x00400050                . = ALIGN (0x4)
 *(.fini)
 .fini          0x00400050        0x4 c:/asat/arm-gcc/10 2020-q4-major/bin/../lib/gcc/arm-none-eabi/10.2.1/thumb/v7e-m+fp/hard/crti.o
                0x00400050                _fini
 .fini          0x00400054        0x8 c:/asat/arm-gcc/10 2020-q4-major/bin/../lib/gcc/arm-none-eabi/10.2.1/thumb/v7e-m+fp/hard/crtn.o
                0x0040005c                . = ALIGN (0x4)
                0x0040005c                __fini_array_start = .
 *(.fini_array)
 .fini_array    0x0040005c        0x4 c:/asat/arm-gcc/10 2020-q4-major/bin/../lib/gcc/arm-none-eabi/10.2.1/thumb/v7e-m+fp/hard/crtbegin.o
 *(SORT_BY_NAME(.fini_array.*))
                0x00400060                __fini_array_end = .
 *crtbegin.o(.dtors)
 *(EXCLUDE_FILE(*crtend.o) .dtors)
 *(SORT_BY_NAME(.dtors.*))
 *crtend.o(.dtors)
                0x00400060                . = ALIGN (0x4)
                0x00400060                _efixed = .
                0x00400060                PROVIDE (__exidx_start = .)

.vfp11_veneer   0x00400060        0x0
 .vfp11_veneer  0x00400060        0x0 linker stubs

.v4_bx          0x00400060        0x0
 .v4_bx         0x00400060        0x0 linker stubs

.iplt           0x00400060        0x0
 .iplt          0x00400060        0x0 c:/asat/arm-gcc/10 2020-q4-major/bin/../lib/gcc/arm-none-eabi/10.2.1/thumb/v7e-m+fp/hard/crtbegin.o

.igot.plt       0x00400060        0x0
 .igot.plt      0x00400060        0x0 c:/asat/arm-gcc/10 2020-q4-major/bin/../lib/gcc/arm-none-eabi/10.2.1/thumb/v7e-m+fp/hard/crtbegin.o

.eh_frame       0x00400060        0x0
 .eh_frame      0x00400060        0x0 c:/asat/arm-gcc/10 2020-q4-major/bin/../lib/gcc/arm-none-eabi/10.2.1/thumb/v7e-m+fp/hard/crtbegin.o

.rel.dyn        0x00400060        0x0
 .rel.iplt      0x00400060        0x0 c:/asat/arm-gcc/10 2020-q4-major/bin/../lib/gcc/arm-none-eabi/10.2.1/thumb/v7e-m+fp/hard/crtbegin.o

.ARM.exidx
 *(.ARM.exidx* .gnu.linkonce.armexidx.*)
                0x00400060                PROVIDE (__exidx_end = .)
                0x00400060                . = ALIGN (0x4)
                0x00400060                _etext = .

.relocate       0x20400000        0x0 load address 0x00400060
                0x20400000                . = ALIGN (0x4)
                0x20400000                _srelocate = .
 *(.ramfunc .ramfunc.*)
 *(.data .data.*)
                0x20400000                . = ALIGN (0x4)
                0x20400000                _erelocate = .

.bss            0x20400000       0x1c
                0x20400000                . = ALIGN (0x4)
                0x20400000                _sbss = .
                0x20400000                _szero = .
 *(.bss .bss.*)
 .bss           0x20400000       0x1c c:/asat/arm-gcc/10 2020-q4-major/bin/../lib/gcc/arm-none-eabi/10.2.1/thumb/v7e-m+fp/hard/crtbegin.o
 *(COMMON)
                0x2040001c                . = ALIGN (0x4)
                0x2040001c                _ebss = .
                0x2040001c                _ezero = .

.stack          0x2040001c     0x2004
                0x20400020                . = ALIGN (0x8)
 *fill*         0x2040001c        0x4 
                0x20400020                _sstack = .
                0x20402020                . = (. + STACK_SIZE)
 *fill*         0x20400020     0x2000 
                0x20402020                . = ALIGN (0x8)
                0x20402020                _stack = .
                0x20402020                . = ALIGN (0x4)
                0x20402020                _end = .
OUTPUT(TEST_INTEGRATION.elf elf32-littlearm)
LOAD linker stubs

.ARM.attributes
                0x00000000       0x30
 .ARM.attributes
                0x00000000       0x1e c:/asat/arm-gcc/10 2020-q4-major/bin/../lib/gcc/arm-none-eabi/10.2.1/thumb/v7e-m+fp/hard/crti.o
 .ARM.attributes
                0x0000001e       0x34 c:/asat/arm-gcc/10 2020-q4-major/bin/../lib/gcc/arm-none-eabi/10.2.1/thumb/v7e-m+fp/hard/crtbegin.o
 .ARM.attributes
                0x00000052       0x1e c:/asat/arm-gcc/10 2020-q4-major/bin/../lib/gcc/arm-none-eabi/10.2.1/thumb/v7e-m+fp/hard/crtn.o

.stabstr        0x00000000       0x76
 .stabstr       0x00000000       0x76 c:/asat/arm-gcc/10 2020-q4-major/bin/../lib/gcc/arm-none-eabi/10.2.1/../../../../arm-none-eabi/lib/thumb/v7e-m+fp/hard\libnosys.a(getpid.o)
