Archive member included to satisfy reference by file (symbol)

c:/asat/arm-gcc/10 2020-q4-major/bin/../lib/gcc/arm-none-eabi/10.2.1/thumb/v7e-m+fp/hard\libgcc.a(_arm_addsubdf3.o)
                              CMakeFiles/TEST_INTEGRATION.elf.dir/src/main.cpp.obj (__aeabi_f2d)
c:/asat/arm-gcc/10 2020-q4-major/bin/../lib/gcc/arm-none-eabi/10.2.1/thumb/v7e-m+fp/hard\libgcc.a(_aeabi_uldivmod.o)
                              CMakeFiles/TEST_INTEGRATION.elf.dir/src/config/default/system/time/src/sys_time.c.obj (__aeabi_uldivmod)
c:/asat/arm-gcc/10 2020-q4-major/bin/../lib/gcc/arm-none-eabi/10.2.1/thumb/v7e-m+fp/hard\libgcc.a(_udivmoddi4.o)
                              c:/asat/arm-gcc/10 2020-q4-major/bin/../lib/gcc/arm-none-eabi/10.2.1/thumb/v7e-m+fp/hard\libgcc.a(_aeabi_uldivmod.o) (__udivmoddi4)
c:/asat/arm-gcc/10 2020-q4-major/bin/../lib/gcc/arm-none-eabi/10.2.1/thumb/v7e-m+fp/hard\libgcc.a(unwind-arm.o)
                              CMakeFiles/TEST_INTEGRATION.elf.dir/src/MCP9808/Src/MCP9808-internal.cpp.obj (__aeabi_unwind_cpp_pr1)
c:/asat/arm-gcc/10 2020-q4-major/bin/../lib/gcc/arm-none-eabi/10.2.1/thumb/v7e-m+fp/hard\libgcc.a(libunwind.o)
                              c:/asat/arm-gcc/10 2020-q4-major/bin/../lib/gcc/arm-none-eabi/10.2.1/thumb/v7e-m+fp/hard\libgcc.a(unwind-arm.o) (restore_core_regs)
c:/asat/arm-gcc/10 2020-q4-major/bin/../lib/gcc/arm-none-eabi/10.2.1/thumb/v7e-m+fp/hard\libgcc.a(pr-support.o)
                              c:/asat/arm-gcc/10 2020-q4-major/bin/../lib/gcc/arm-none-eabi/10.2.1/thumb/v7e-m+fp/hard\libgcc.a(unwind-arm.o) (__gnu_unwind_execute)
c:/asat/arm-gcc/10 2020-q4-major/bin/../lib/gcc/arm-none-eabi/10.2.1/thumb/v7e-m+fp/hard\libgcc.a(_dvmd_tls.o)
                              c:/asat/arm-gcc/10 2020-q4-major/bin/../lib/gcc/arm-none-eabi/10.2.1/thumb/v7e-m+fp/hard\libgcc.a(_aeabi_uldivmod.o) (__aeabi_ldiv0)
c:/asat/arm-gcc/10 2020-q4-major/bin/../lib/gcc/arm-none-eabi/10.2.1/../../../../arm-none-eabi/lib/thumb/v7e-m+fp/hard\libg_nano.a(lib_a-abort.o)
                              c:/asat/arm-gcc/10 2020-q4-major/bin/../lib/gcc/arm-none-eabi/10.2.1/thumb/v7e-m+fp/hard\libgcc.a(unwind-arm.o) (abort)
c:/asat/arm-gcc/10 2020-q4-major/bin/../lib/gcc/arm-none-eabi/10.2.1/../../../../arm-none-eabi/lib/thumb/v7e-m+fp/hard\libg_nano.a(lib_a-exit.o)
                              c:/asat/arm-gcc/10 2020-q4-major/bin/../lib/gcc/arm-none-eabi/10.2.1/../../../../arm-none-eabi/lib/thumb/v7e-m+fp/hard/crt0.o (exit)
c:/asat/arm-gcc/10 2020-q4-major/bin/../lib/gcc/arm-none-eabi/10.2.1/../../../../arm-none-eabi/lib/thumb/v7e-m+fp/hard\libg_nano.a(lib_a-impure.o)
                              c:/asat/arm-gcc/10 2020-q4-major/bin/../lib/gcc/arm-none-eabi/10.2.1/../../../../arm-none-eabi/lib/thumb/v7e-m+fp/hard\libg_nano.a(lib_a-exit.o) (_global_impure_ptr)
c:/asat/arm-gcc/10 2020-q4-major/bin/../lib/gcc/arm-none-eabi/10.2.1/../../../../arm-none-eabi/lib/thumb/v7e-m+fp/hard\libg_nano.a(lib_a-init.o)
                              c:/asat/arm-gcc/10 2020-q4-major/bin/../lib/gcc/arm-none-eabi/10.2.1/../../../../arm-none-eabi/lib/thumb/v7e-m+fp/hard/crt0.o (__libc_init_array)
c:/asat/arm-gcc/10 2020-q4-major/bin/../lib/gcc/arm-none-eabi/10.2.1/../../../../arm-none-eabi/lib/thumb/v7e-m+fp/hard\libg_nano.a(lib_a-memcpy-stub.o)
                              CMakeFiles/TEST_INTEGRATION.elf.dir/src/FreeRTOS/Source/queue.c.obj (memcpy)
c:/asat/arm-gcc/10 2020-q4-major/bin/../lib/gcc/arm-none-eabi/10.2.1/../../../../arm-none-eabi/lib/thumb/v7e-m+fp/hard\libg_nano.a(lib_a-memset.o)
                              c:/asat/arm-gcc/10 2020-q4-major/bin/../lib/gcc/arm-none-eabi/10.2.1/../../../../arm-none-eabi/lib/thumb/v7e-m+fp/hard/crt0.o (memset)
c:/asat/arm-gcc/10 2020-q4-major/bin/../lib/gcc/arm-none-eabi/10.2.1/../../../../arm-none-eabi/lib/thumb/v7e-m+fp/hard\libg_nano.a(lib_a-signal.o)
                              c:/asat/arm-gcc/10 2020-q4-major/bin/../lib/gcc/arm-none-eabi/10.2.1/../../../../arm-none-eabi/lib/thumb/v7e-m+fp/hard\libg_nano.a(lib_a-abort.o) (raise)
c:/asat/arm-gcc/10 2020-q4-major/bin/../lib/gcc/arm-none-eabi/10.2.1/../../../../arm-none-eabi/lib/thumb/v7e-m+fp/hard\libg_nano.a(lib_a-signalr.o)
                              c:/asat/arm-gcc/10 2020-q4-major/bin/../lib/gcc/arm-none-eabi/10.2.1/../../../../arm-none-eabi/lib/thumb/v7e-m+fp/hard\libg_nano.a(lib_a-signal.o) (_kill_r)
c:/asat/arm-gcc/10 2020-q4-major/bin/../lib/gcc/arm-none-eabi/10.2.1/../../../../arm-none-eabi/lib/thumb/v7e-m+fp/hard\libg_nano.a(lib_a-strlen.o)
                              CMakeFiles/TEST_INTEGRATION.elf.dir/src/SEGGER_RTT/SEGGER_RTT.c.obj (strlen)
c:/asat/arm-gcc/10 2020-q4-major/bin/../lib/gcc/arm-none-eabi/10.2.1/../../../../arm-none-eabi/lib/thumb/v7e-m+fp/hard\libg_nano.a(lib_a-nano-mallocr.o)
                              c:/asat/arm-gcc/10 2020-q4-major/bin/../lib/gcc/arm-none-eabi/10.2.1/../../../../arm-none-eabi/lib/thumb/v7e-m+fp/hard\libg_nano.a(lib_a-signal.o) (_malloc_r)
[...]
Memory Configuration

Name             Origin             Length             Attributes
rom              0x00400000         0x00200000         xr
ram              0x20400000         0x00060000         xrw
*default*        0x00000000         0xffffffff

Linker script and memory map

LOAD c:/asat/arm-gcc/10 2020-q4-major/bin/../lib/gcc/arm-none-eabi/10.2.1/thumb/v7e-m+fp/hard/crti.o
LOAD c:/asat/arm-gcc/10 2020-q4-major/bin/../lib/gcc/arm-none-eabi/10.2.1/thumb/v7e-m+fp/hard/crtbegin.o
LOAD c:/asat/arm-gcc/10 2020-q4-major/bin/../lib/gcc/arm-none-eabi/10.2.1/../../../../arm-none-eabi/lib/thumb/v7e-m+fp/hard/crt0.o
LOAD CMakeFiles/TEST_INTEGRATION.elf.dir/src/FreeRTOS/Source/FreeRTOS_tasks.c.obj
LOAD CMakeFiles/TEST_INTEGRATION.elf.dir/src/FreeRTOS/Source/croutine.c.obj
LOAD CMakeFiles/TEST_INTEGRATION.elf.dir/src/FreeRTOS/Source/event_groups.c.obj
LOAD CMakeFiles/TEST_INTEGRATION.elf.dir/src/FreeRTOS/Source/list.c.obj
LOAD CMakeFiles/TEST_INTEGRATION.elf.dir/src/FreeRTOS/Source/portable/GCC/SAM/CM7/port.c.obj
LOAD CMakeFiles/TEST_INTEGRATION.elf.dir/src/FreeRTOS/Source/portable/MemMang/heap_4.c.obj
LOAD CMakeFiles/TEST_INTEGRATION.elf.dir/src/FreeRTOS/Source/queue.c.obj
LOAD CMakeFiles/TEST_INTEGRATION.elf.dir/src/FreeRTOS/Source/stream_buffer.c.obj
LOAD CMakeFiles/TEST_INTEGRATION.elf.dir/src/FreeRTOS/Source/timers.c.obj
LOAD CMakeFiles/TEST_INTEGRATION.elf.dir/src/MCP9808/Src/MCP9808-internal.cpp.obj
LOAD CMakeFiles/TEST_INTEGRATION.elf.dir/src/MCP9808/Src/MCP9808.cpp.obj
LOAD CMakeFiles/TEST_INTEGRATION.elf.dir/src/SEGGER_RTT/SEGGER_RTT.c.obj
LOAD CMakeFiles/TEST_INTEGRATION.elf.dir/src/SEGGER_RTT/SEGGER_RTT_printf.c.obj
LOAD CMakeFiles/TEST_INTEGRATION.elf.dir/src/app.c.obj
LOAD CMakeFiles/TEST_INTEGRATION.elf.dir/src/config/default/driver/i2c/src/drv_i2c.c.obj
LOAD CMakeFiles/TEST_INTEGRATION.elf.dir/src/config/default/exceptions.c.obj
LOAD CMakeFiles/TEST_INTEGRATION.elf.dir/src/config/default/initialization.c.obj
LOAD CMakeFiles/TEST_INTEGRATION.elf.dir/src/config/default/interrupts.c.obj
LOAD CMakeFiles/TEST_INTEGRATION.elf.dir/src/config/default/libc_syscalls.c.obj
LOAD CMakeFiles/TEST_INTEGRATION.elf.dir/src/config/default/peripheral/clk/plib_clk.c.obj
LOAD CMakeFiles/TEST_INTEGRATION.elf.dir/src/config/default/peripheral/efc/plib_efc.c.obj
LOAD CMakeFiles/TEST_INTEGRATION.elf.dir/src/config/default/peripheral/nvic/plib_nvic.c.obj
LOAD CMakeFiles/TEST_INTEGRATION.elf.dir/src/config/default/peripheral/pio/plib_pio.c.obj
LOAD CMakeFiles/TEST_INTEGRATION.elf.dir/src/config/default/peripheral/systick/plib_systick.c.obj
LOAD CMakeFiles/TEST_INTEGRATION.elf.dir/src/config/default/peripheral/twihs/master/plib_twihs0_master.c.obj
LOAD CMakeFiles/TEST_INTEGRATION.elf.dir/src/config/default/startup_gcc.c.obj
LOAD CMakeFiles/TEST_INTEGRATION.elf.dir/src/config/default/stdio/gcc_monitor.c.obj
LOAD CMakeFiles/TEST_INTEGRATION.elf.dir/src/config/default/system/cache/sys_cache.c.obj
LOAD CMakeFiles/TEST_INTEGRATION.elf.dir/src/config/default/system/int/src/sys_int.c.obj
LOAD CMakeFiles/TEST_INTEGRATION.elf.dir/src/config/default/system/time/src/sys_time.c.obj
LOAD CMakeFiles/TEST_INTEGRATION.elf.dir/src/config/default/tasks.c.obj
LOAD CMakeFiles/TEST_INTEGRATION.elf.dir/src/main.c.obj
LOAD CMakeFiles/TEST_INTEGRATION.elf.dir/src/main.cpp.obj
LOAD c:/asat/arm-gcc/10 2020-q4-major/bin/../lib/gcc/arm-none-eabi/10.2.1/../../../../arm-none-eabi/lib/thumb/v7e-m+fp/hard\libstdc++_nano.a
LOAD c:/asat/arm-gcc/10 2020-q4-major/bin/../lib/gcc/arm-none-eabi/10.2.1/../../../../arm-none-eabi/lib/thumb/v7e-m+fp/hard\libm.a
START GROUP
LOAD c:/asat/arm-gcc/10 2020-q4-major/bin/../lib/gcc/arm-none-eabi/10.2.1/thumb/v7e-m+fp/hard\libgcc.a
LOAD c:/asat/arm-gcc/10 2020-q4-major/bin/../lib/gcc/arm-none-eabi/10.2.1/../../../../arm-none-eabi/lib/thumb/v7e-m+fp/hard\libg_nano.a
LOAD c:/asat/arm-gcc/10 2020-q4-major/bin/../lib/gcc/arm-none-eabi/10.2.1/../../../../arm-none-eabi/lib/thumb/v7e-m+fp/hard\libc_nano.a
END GROUP
START GROUP
LOAD c:/asat/arm-gcc/10 2020-q4-major/bin/../lib/gcc/arm-none-eabi/10.2.1/thumb/v7e-m+fp/hard\libgcc.a
LOAD c:/asat/arm-gcc/10 2020-q4-major/bin/../lib/gcc/arm-none-eabi/10.2.1/../../../../arm-none-eabi/lib/thumb/v7e-m+fp/hard\libc_nano.a
LOAD c:/asat/arm-gcc/10 2020-q4-major/bin/../lib/gcc/arm-none-eabi/10.2.1/../../../../arm-none-eabi/lib/thumb/v7e-m+fp/hard\libnosys.a
END GROUP
START GROUP
LOAD c:/asat/arm-gcc/10 2020-q4-major/bin/../lib/gcc/arm-none-eabi/10.2.1/thumb/v7e-m+fp/hard\libgcc.a
LOAD c:/asat/arm-gcc/10 2020-q4-major/bin/../lib/gcc/arm-none-eabi/10.2.1/../../../../arm-none-eabi/lib/thumb/v7e-m+fp/hard\libc_nano.a
LOAD c:/asat/arm-gcc/10 2020-q4-major/bin/../lib/gcc/arm-none-eabi/10.2.1/../../../../arm-none-eabi/lib/thumb/v7e-m+fp/hard\libnosys.a
END GROUP
LOAD c:/asat/arm-gcc/10 2020-q4-major/bin/../lib/gcc/arm-none-eabi/10.2.1/thumb/v7e-m+fp/hard/crtend.o
LOAD c:/asat/arm-gcc/10 2020-q4-major/bin/../lib/gcc/arm-none-eabi/10.2.1/thumb/v7e-m+fp/hard/crtn.o
                0x00002000                STACK_SIZE = DEFINED (STACK_SIZE)?STACK_SIZE:DEFINED (__stack_size__)?__stack_size__:0x2000

.text           0x00400000     0x4418
                0x00400000                . = ALIGN (0x4)
                0x00400000                _sfixed = .
 *(.vectors .vectors.*)
 .vectors       0x00400000      0x168 CMakeFiles/TEST_INTEGRATION.elf.dir/src/config/default/interrupts.c.obj
                0x00400000                exception_table
 *(.text .text.* .gnu.linkonce.t.*)
 .text          0x00400168       0x40 c:/asat/arm-gcc/10 2020-q4-major/bin/../lib/gcc/arm-none-eabi/10.2.1/thumb/v7e-m+fp/hard/crtbegin.o
 .text.xTaskCreate
                0x004001a8       0x82 CMakeFiles/TEST_INTEGRATION.elf.dir/src/FreeRTOS/Source/FreeRTOS_tasks.c.obj
                0x004001a8                xTaskCreate
 .text.prvInitialiseNewTask
                0x0040022a      0x110 CMakeFiles/TEST_INTEGRATION.elf.dir/src/FreeRTOS/Source/FreeRTOS_tasks.c.obj
 *fill*         0x0040033a        0x2 
 .text.prvAddNewTaskToReadyList
                0x0040033c       0xd4 CMakeFiles/TEST_INTEGRATION.elf.dir/src/FreeRTOS/Source/FreeRTOS_tasks.c.obj
 .text.vTaskDelay
                0x00400410       0x6c CMakeFiles/TEST_INTEGRATION.elf.dir/src/FreeRTOS/Source/FreeRTOS_tasks.c.obj
                0x00400410                vTaskDelay
 .text.vTaskStartScheduler
                0x0040047c       0x98 CMakeFiles/TEST_INTEGRATION.elf.dir/src/FreeRTOS/Source/FreeRTOS_tasks.c.obj
                0x0040047c                vTaskStartScheduler
 .text.vTaskSuspendAll
                0x00400514       0x1c CMakeFiles/TEST_INTEGRATION.elf.dir/src/FreeRTOS/Source/FreeRTOS_tasks.c.obj
                0x00400514                vTaskSuspendAll
 .text.xTaskResumeAll
                0x00400530      0x13c CMakeFiles/TEST_INTEGRATION.elf.dir/src/FreeRTOS/Source/FreeRTOS_tasks.c.obj
                0x00400530                xTaskResumeAll
 .text.xTaskIncrementTick
                0x0040066c      0x174 CMakeFiles/TEST_INTEGRATION.elf.dir/src/FreeRTOS/Source/FreeRTOS_tasks.c.obj
                0x0040066c                xTaskIncrementTick
 .text.vTaskSwitchContext
                0x004007e0       0xb8 CMakeFiles/TEST_INTEGRATION.elf.dir/src/FreeRTOS/Source/FreeRTOS_tasks.c.obj
                0x004007e0                vTaskSwitchContext
 .text.prvIdleTask
                0x00400898       0x30 CMakeFiles/TEST_INTEGRATION.elf.dir/src/FreeRTOS/Source/FreeRTOS_tasks.c.obj
 .text.prvInitialiseTaskLists
                0x004008c8       0x80 CMakeFiles/TEST_INTEGRATION.elf.dir/src/FreeRTOS/Source/FreeRTOS_tasks.c.obj
 .text.prvCheckTasksWaitingTermination
                0x00400948       0x5c CMakeFiles/TEST_INTEGRATION.elf.dir/src/FreeRTOS/Source/FreeRTOS_tasks.c.obj
 .text.prvDeleteTCB
                0x004009a4       0x20 CMakeFiles/TEST_INTEGRATION.elf.dir/src/FreeRTOS/Source/FreeRTOS_tasks.c.obj
 .text.prvResetNextTaskUnblockTime
                0x004009c4       0x40 CMakeFiles/TEST_INTEGRATION.elf.dir/src/FreeRTOS/Source/FreeRTOS_tasks.c.obj
 .text.prvAddCurrentTaskToDelayedList
                0x00400a04       0xcc CMakeFiles/TEST_INTEGRATION.elf.dir/src/FreeRTOS/Source/FreeRTOS_tasks.c.obj
 .text.vListInitialise
                0x00400ad0       0x40 CMakeFiles/TEST_INTEGRATION.elf.dir/src/FreeRTOS/Source/list.c.obj
                0x00400ad0                vListInitialise
 .text.vListInitialiseItem
                0x00400b10       0x1a CMakeFiles/TEST_INTEGRATION.elf.dir/src/FreeRTOS/Source/list.c.obj
                0x00400b10                vListInitialiseItem
 .text.vListInsertEnd
                0x00400b2a       0x48 CMakeFiles/TEST_INTEGRATION.elf.dir/src/FreeRTOS/Source/list.c.obj
                0x00400b2a                vListInsertEnd
 .text.vListInsert
                0x00400b72       0x72 CMakeFiles/TEST_INTEGRATION.elf.dir/src/FreeRTOS/Source/list.c.obj
                0x00400b72                vListInsert
 .text.uxListRemove
                0x00400be4       0x54 CMakeFiles/TEST_INTEGRATION.elf.dir/src/FreeRTOS/Source/list.c.obj
                0x00400be4                uxListRemove
 .text.pxPortInitialiseStack
                0x00400c38       0x68 CMakeFiles/TEST_INTEGRATION.elf.dir/src/FreeRTOS/Source/portable/GCC/SAM/CM7/port.c.obj
                0x00400c38                pxPortInitialiseStack
 .text.prvTaskExitError
                0x00400ca0       0x60 CMakeFiles/TEST_INTEGRATION.elf.dir/src/FreeRTOS/Source/portable/GCC/SAM/CM7/port.c.obj
 .text.SVCall_Handler
                0x00400d00       0x28 CMakeFiles/TEST_INTEGRATION.elf.dir/src/FreeRTOS/Source/portable/GCC/SAM/CM7/port.c.obj
                0x00400d00                SVCall_Handler
 .text.prvPortStartFirstTask
                0x00400d28       0x2c CMakeFiles/TEST_INTEGRATION.elf.dir/src/FreeRTOS/Source/portable/GCC/SAM/CM7/port.c.obj
 .text.xPortStartScheduler
                0x00400d54       0xd4 CMakeFiles/TEST_INTEGRATION.elf.dir/src/FreeRTOS/Source/portable/GCC/SAM/CM7/port.c.obj
                0x00400d54                xPortStartScheduler
 .text.vPortEnterCritical
                0x00400e28       0x68 CMakeFiles/TEST_INTEGRATION.elf.dir/src/FreeRTOS/Source/portable/GCC/SAM/CM7/port.c.obj
                0x00400e28                vPortEnterCritical
 .text.vPortExitCritical
                0x00400e90       0x54 CMakeFiles/TEST_INTEGRATION.elf.dir/src/FreeRTOS/Source/portable/GCC/SAM/CM7/port.c.obj
                0x00400e90                vPortExitCritical
 *fill*         0x00400ee4        0xc 
 .text.PendSV_Handler
                0x00400ef0       0x68 CMakeFiles/TEST_INTEGRATION.elf.dir/src/FreeRTOS/Source/portable/GCC/SAM/CM7/port.c.obj
                0x00400ef0                PendSV_Handler
 .text.SysTick_Handler
                0x00400f58       0x48 CMakeFiles/TEST_INTEGRATION.elf.dir/src/FreeRTOS/Source/portable/GCC/SAM/CM7/port.c.obj
                0x00400f58                SysTick_Handler
 .text.vPortSetupTimerInterrupt
                0x00400fa0       0x38 CMakeFiles/TEST_INTEGRATION.elf.dir/src/FreeRTOS/Source/portable/GCC/SAM/CM7/port.c.obj
                0x00400fa0                vPortSetupTimerInterrupt
 .text.vPortEnableVFP
                0x00400fd8       0x18 CMakeFiles/TEST_INTEGRATION.elf.dir/src/FreeRTOS/Source/portable/GCC/SAM/CM7/port.c.obj
 .text.pvPortMalloc
                0x00400ff0      0x1c8 CMakeFiles/TEST_INTEGRATION.elf.dir/src/FreeRTOS/Source/portable/MemMang/heap_4.c.obj
                0x00400ff0                pvPortMalloc
 .text.vPortFree
                0x004011b8       0xc8 CMakeFiles/TEST_INTEGRATION.elf.dir/src/FreeRTOS/Source/portable/MemMang/heap_4.c.obj
                0x004011b8                vPortFree
 .text.prvHeapInit
                0x00401280       0xc4 CMakeFiles/TEST_INTEGRATION.elf.dir/src/FreeRTOS/Source/portable/MemMang/heap_4.c.obj
 .text.prvInsertBlockIntoFreeList
                0x00401344       0xb4 CMakeFiles/TEST_INTEGRATION.elf.dir/src/FreeRTOS/Source/portable/MemMang/heap_4.c.obj
 .text._ZN7MCP98087readRegEhRt
                0x004013f8       0x46 CMakeFiles/TEST_INTEGRATION.elf.dir/src/MCP9808/Src/MCP9808-internal.cpp.obj
                0x004013f8                MCP9808::readReg(unsigned char, unsigned short&)
 *fill*         0x0040143e        0x2 
 .text._ZN7MCP98087getTempERf
                0x00401440       0x88 CMakeFiles/TEST_INTEGRATION.elf.dir/src/MCP9808/Src/MCP9808.cpp.obj
                0x00401440                MCP9808::getTemp(float&)
 .text._DoInit  0x004014c8       0xa4 CMakeFiles/TEST_INTEGRATION.elf.dir/src/SEGGER_RTT/SEGGER_RTT.c.obj
 .text._WriteBlocking
                0x0040156c       0xb4 CMakeFiles/TEST_INTEGRATION.elf.dir/src/SEGGER_RTT/SEGGER_RTT.c.obj
 .text._WriteNoCheck
                0x00401620       0x80 CMakeFiles/TEST_INTEGRATION.elf.dir/src/SEGGER_RTT/SEGGER_RTT.c.obj
 .text._GetAvailWriteSpace
                0x004016a0       0x46 CMakeFiles/TEST_INTEGRATION.elf.dir/src/SEGGER_RTT/SEGGER_RTT.c.obj
 *fill*         0x004016e6        0x2 
 .text.SEGGER_RTT_WriteNoLock
                0x004016e8       0xa0 CMakeFiles/TEST_INTEGRATION.elf.dir/src/SEGGER_RTT/SEGGER_RTT.c.obj
                0x004016e8                SEGGER_RTT_WriteNoLock
 .text.SEGGER_RTT_Write
                0x00401788       0x48 CMakeFiles/TEST_INTEGRATION.elf.dir/src/SEGGER_RTT/SEGGER_RTT.c.obj
                0x00401788                SEGGER_RTT_Write
 .text._StoreChar
                0x004017d0       0x7c CMakeFiles/TEST_INTEGRATION.elf.dir/src/SEGGER_RTT/SEGGER_RTT_printf.c.obj
 .text._PrintUnsigned
                0x0040184c      0x158 CMakeFiles/TEST_INTEGRATION.elf.dir/src/SEGGER_RTT/SEGGER_RTT_printf.c.obj
 .text._PrintInt
                0x004019a4      0x14e CMakeFiles/TEST_INTEGRATION.elf.dir/src/SEGGER_RTT/SEGGER_RTT_printf.c.obj
 *fill*         0x00401af2        0x2 
 .text.SEGGER_RTT_vprintf
                0x00401af4      0x3a8 CMakeFiles/TEST_INTEGRATION.elf.dir/src/SEGGER_RTT/SEGGER_RTT_printf.c.obj
                0x00401af4                SEGGER_RTT_vprintf
 .text.SEGGER_RTT_printf
                0x00401e9c       0x30 CMakeFiles/TEST_INTEGRATION.elf.dir/src/SEGGER_RTT/SEGGER_RTT_printf.c.obj
                0x00401e9c                SEGGER_RTT_printf
 .text.APP_Initialize
                0x00401ecc       0x18 CMakeFiles/TEST_INTEGRATION.elf.dir/src/app.c.obj
                0x00401ecc                APP_Initialize
 .text.APP_Tasks
                0x00401ee4       0x3c CMakeFiles/TEST_INTEGRATION.elf.dir/src/app.c.obj
                0x00401ee4                APP_Tasks
 .text.NonMaskableInt_Handler
                0x00401f20        0x6 CMakeFiles/TEST_INTEGRATION.elf.dir/src/config/default/exceptions.c.obj
                0x00401f20                NonMaskableInt_Handler
 .text.HardFault_Handler
                0x00401f26        0x6 CMakeFiles/TEST_INTEGRATION.elf.dir/src/config/default/exceptions.c.obj
                0x00401f26                HardFault_Handler
 .text.DebugMonitor_Handler
                0x00401f2c        0x6 CMakeFiles/TEST_INTEGRATION.elf.dir/src/config/default/exceptions.c.obj
                0x00401f2c                DebugMonitor_Handler
 .text.MemoryManagement_Handler
                0x00401f32        0x6 CMakeFiles/TEST_INTEGRATION.elf.dir/src/config/default/exceptions.c.obj
                0x00401f32                MemoryManagement_Handler
 .text.BusFault_Handler
                0x00401f38        0x6 CMakeFiles/TEST_INTEGRATION.elf.dir/src/config/default/exceptions.c.obj
                0x00401f38                BusFault_Handler
 .text.UsageFault_Handler
                0x00401f3e        0x6 CMakeFiles/TEST_INTEGRATION.elf.dir/src/config/default/exceptions.c.obj
                0x00401f3e                UsageFault_Handler
 .text.SYS_Initialize
                0x00401f44       0x58 CMakeFiles/TEST_INTEGRATION.elf.dir/src/config/default/initialization.c.obj
                0x00401f44                SYS_Initialize
 .text.Dummy_Handler
                0x00401f9c        0x2 CMakeFiles/TEST_INTEGRATION.elf.dir/src/config/default/interrupts.c.obj
                0x00401f9c                DACC_Handler
                0x00401f9c                TC0_CH2_Handler
                0x00401f9c                TC3_CH1_Handler
                0x00401f9c                UART3_Handler
                0x00401f9c                UART2_Handler
                0x00401f9c                TRNG_Handler
                0x00401f9c                AFEC1_Handler
                0x00401f9c                TC0_CH1_Handler
                0x00401f9c                QSPI_Handler
                0x00401f9c                ISI_Handler
                0x00401f9c                MCAN0_INT0_Handler
                0x00401f9c                RSWDT_Handler
                0x00401f9c                USART0_Handler
                0x00401f9c                TC1_CH2_Handler
                0x00401f9c                RTT_Handler
                0x00401f9c                USBHS_Handler
                0x00401f9c                IXC_Handler
                0x00401f9c                CCF_Handler
                0x00401f9c                PIOB_Handler
                0x00401f9c                RTC_Handler
                0x00401f9c                WDT_Handler
                0x00401f9c                MCAN1_INT1_Handler
                0x00401f9c                HSMCI_Handler
                0x00401f9c                UART1_Handler
                0x00401f9c                Dummy_Handler
                0x00401f9c                TWIHS1_Handler
                0x00401f9c                TC3_CH2_Handler
                0x00401f9c                XDMAC_Handler
                0x00401f9c                UART4_Handler
                0x00401f9c                TC2_CH0_Handler
                0x00401f9c                PWM1_Handler
                0x00401f9c                USART1_Handler
                0x00401f9c                PWM0_Handler
                0x00401f9c                PIOA_Handler
                0x00401f9c                AFEC0_Handler
                0x00401f9c                CCW_Handler
                0x00401f9c                TC3_CH0_Handler
                0x00401f9c                SSC_Handler
                0x00401f9c                TC1_CH0_Handler
                0x00401f9c                ACC_Handler
                0x00401f9c                PMC_Handler
                0x00401f9c                GMAC_Handler
                0x00401f9c                TC2_CH2_Handler
                0x00401f9c                MCAN0_INT1_Handler
                0x00401f9c                GMAC_Q5_Handler
                0x00401f9c                SUPC_Handler
                0x00401f9c                TC2_CH1_Handler
                0x00401f9c                MCAN1_INT0_Handler
                0x00401f9c                EFC_Handler
                0x00401f9c                GMAC_Q1_Handler
                0x00401f9c                USART2_Handler
                0x00401f9c                SDRAMC_Handler
                0x00401f9c                GMAC_Q2_Handler
                0x00401f9c                PIOE_Handler
                0x00401f9c                SPI1_Handler
                0x00401f9c                TC1_CH1_Handler
                0x00401f9c                GMAC_Q3_Handler
                0x00401f9c                PIOD_Handler
                0x00401f9c                TWIHS2_Handler
                0x00401f9c                MLB_Handler
                0x00401f9c                I2SC0_Handler
                0x00401f9c                UART0_Handler
                0x00401f9c                I2SC1_Handler
                0x00401f9c                TC0_CH0_Handler
                0x00401f9c                PIOC_Handler
                0x00401f9c                GMAC_Q4_Handler
                0x00401f9c                FPU_Handler
                0x00401f9c                RSTC_Handler
                0x00401f9c                ICM_Handler
                0x00401f9c                AES_Handler
                0x00401f9c                SPI0_Handler
 .text._exit    0x00401f9e        0xa CMakeFiles/TEST_INTEGRATION.elf.dir/src/config/default/libc_syscalls.c.obj
                0x00401f9e                _exit
 .text.CLK_PLLAInitialize
                0x00401fa8       0x2c CMakeFiles/TEST_INTEGRATION.elf.dir/src/config/default/peripheral/clk/plib_clk.c.obj
 .text.CLK_MasterClockInitialize
                0x00401fd4       0x6c CMakeFiles/TEST_INTEGRATION.elf.dir/src/config/default/peripheral/clk/plib_clk.c.obj
 .text.CLOCK_Initialize
                0x00402040       0x20 CMakeFiles/TEST_INTEGRATION.elf.dir/src/config/default/peripheral/clk/plib_clk.c.obj
                0x00402040                CLOCK_Initialize
 .text.EFC_Initialize
                0x00402060       0x1c CMakeFiles/TEST_INTEGRATION.elf.dir/src/config/default/peripheral/efc/plib_efc.c.obj
                0x00402060                EFC_Initialize
 .text.__NVIC_SetPriorityGrouping
                0x0040207c       0x48 CMakeFiles/TEST_INTEGRATION.elf.dir/src/config/default/peripheral/nvic/plib_nvic.c.obj
 .text.__NVIC_EnableIRQ
                0x004020c4       0x3c CMakeFiles/TEST_INTEGRATION.elf.dir/src/config/default/peripheral/nvic/plib_nvic.c.obj
 .text.__NVIC_SetPriority
                0x00402100       0x54 CMakeFiles/TEST_INTEGRATION.elf.dir/src/config/default/peripheral/nvic/plib_nvic.c.obj
 .text.NVIC_Initialize
                0x00402154       0x26 CMakeFiles/TEST_INTEGRATION.elf.dir/src/config/default/peripheral/nvic/plib_nvic.c.obj
                0x00402154                NVIC_Initialize
 .text.NVIC_INT_Disable
                0x0040217a       0x30 CMakeFiles/TEST_INTEGRATION.elf.dir/src/config/default/peripheral/nvic/plib_nvic.c.obj
                0x0040217a                NVIC_INT_Disable
 .text.NVIC_INT_Restore
                0x004021aa       0x30 CMakeFiles/TEST_INTEGRATION.elf.dir/src/config/default/peripheral/nvic/plib_nvic.c.obj
                0x004021aa                NVIC_INT_Restore
 *fill*         0x004021da        0x2 
 .text.PIO_Initialize
                0x004021dc      0x1a0 CMakeFiles/TEST_INTEGRATION.elf.dir/src/config/default/peripheral/pio/plib_pio.c.obj
                0x004021dc                PIO_Initialize
 .text.SYSTICK_TimerInitialize
                0x0040237c       0x40 CMakeFiles/TEST_INTEGRATION.elf.dir/src/config/default/peripheral/systick/plib_systick.c.obj
                0x0040237c                SYSTICK_TimerInitialize
 .text.SYSTICK_TimerStart
                0x004023bc       0x24 CMakeFiles/TEST_INTEGRATION.elf.dir/src/config/default/peripheral/systick/plib_systick.c.obj
                0x004023bc                SYSTICK_TimerStart
 .text.SYSTICK_TimerStop
                0x004023e0       0x20 CMakeFiles/TEST_INTEGRATION.elf.dir/src/config/default/peripheral/systick/plib_systick.c.obj
                0x004023e0                SYSTICK_TimerStop
 .text.SYSTICK_TimerPeriodSet
                0x00402400       0x20 CMakeFiles/TEST_INTEGRATION.elf.dir/src/config/default/peripheral/systick/plib_systick.c.obj
                0x00402400                SYSTICK_TimerPeriodSet
 .text.SYSTICK_TimerFrequencyGet
                0x00402420       0x14 CMakeFiles/TEST_INTEGRATION.elf.dir/src/config/default/peripheral/systick/plib_systick.c.obj
                0x00402420                SYSTICK_TimerFrequencyGet
 .text.SYSTICK_TimerInterruptDisable
                0x00402434       0x18 CMakeFiles/TEST_INTEGRATION.elf.dir/src/config/default/peripheral/systick/plib_systick.c.obj
                0x00402434                SYSTICK_TimerInterruptDisable
 .text.SYSTICK_TimerInterruptEnable
                0x0040244c       0x44 CMakeFiles/TEST_INTEGRATION.elf.dir/src/config/default/peripheral/systick/plib_systick.c.obj
                0x0040244c                SYSTICK_TimerInterruptEnable
 .text.SYSTICK_TimerCallbackSet
                0x00402490       0x28 CMakeFiles/TEST_INTEGRATION.elf.dir/src/config/default/peripheral/systick/plib_systick.c.obj
                0x00402490                SYSTICK_TimerCallbackSet
 .text.TWIHS0_InitiateRead
                0x004024b8       0x48 CMakeFiles/TEST_INTEGRATION.elf.dir/src/config/default/peripheral/twihs/master/plib_twihs0_master.c.obj
 .text.TWIHS0_InitiateTransfer
                0x00402500      0x108 CMakeFiles/TEST_INTEGRATION.elf.dir/src/config/default/peripheral/twihs/master/plib_twihs0_master.c.obj
 .text.TWIHS0_Read
                0x00402608       0x58 CMakeFiles/TEST_INTEGRATION.elf.dir/src/config/default/peripheral/twihs/master/plib_twihs0_master.c.obj
                0x00402608                TWIHS0_Read
 .text.TWIHS0_Write
                0x00402660       0x58 CMakeFiles/TEST_INTEGRATION.elf.dir/src/config/default/peripheral/twihs/master/plib_twihs0_master.c.obj
                0x00402660                TWIHS0_Write
 .text.TWIHS0_InterruptHandler
                0x004026b8      0x26c CMakeFiles/TEST_INTEGRATION.elf.dir/src/config/default/peripheral/twihs/master/plib_twihs0_master.c.obj
                0x004026b8                TWIHS0_InterruptHandler
 .text.Reset_Handler
                0x00402924       0x7c CMakeFiles/TEST_INTEGRATION.elf.dir/src/config/default/startup_gcc.c.obj
                0x00402924                Reset_Handler
 .text.SYS_TIME_ResourceLock
                0x004029a0       0x54 CMakeFiles/TEST_INTEGRATION.elf.dir/src/config/default/system/time/src/sys_time.c.obj
 .text.SYS_TIME_ResourceUnlock
                0x004029f4       0x30 CMakeFiles/TEST_INTEGRATION.elf.dir/src/config/default/system/time/src/sys_time.c.obj
 .text.SYS_TIME_GetTimerObject
                0x00402a24       0x58 CMakeFiles/TEST_INTEGRATION.elf.dir/src/config/default/system/time/src/sys_time.c.obj
 .text.SYS_TIME_Counter32Update
                0x00402a7c       0x40 CMakeFiles/TEST_INTEGRATION.elf.dir/src/config/default/system/time/src/sys_time.c.obj
 .text.SYS_TIME_Counter64Update
                0x00402abc       0x38 CMakeFiles/TEST_INTEGRATION.elf.dir/src/config/default/system/time/src/sys_time.c.obj
 .text.SYS_TIME_RemoveFromList
                0x00402af4       0x8c CMakeFiles/TEST_INTEGRATION.elf.dir/src/config/default/system/time/src/sys_time.c.obj
 .text.SYS_TIME_AddToList
                0x00402b80       0xfc CMakeFiles/TEST_INTEGRATION.elf.dir/src/config/default/system/time/src/sys_time.c.obj
 .text.SYS_TIME_ClientNotify
                0x00402c7c       0x88 CMakeFiles/TEST_INTEGRATION.elf.dir/src/config/default/system/time/src/sys_time.c.obj
 .text.SYS_TIME_UpdateTime
                0x00402d04       0xac CMakeFiles/TEST_INTEGRATION.elf.dir/src/config/default/system/time/src/sys_time.c.obj
 .text.SYS_TIME_PLIBCallback
                0x00402db0       0x48 CMakeFiles/TEST_INTEGRATION.elf.dir/src/config/default/system/time/src/sys_time.c.obj
 .text.SYS_TIME_CounterInit
                0x00402df8       0x68 CMakeFiles/TEST_INTEGRATION.elf.dir/src/config/default/system/time/src/sys_time.c.obj
 .text.SYS_TIME_Initialize
                0x00402e60       0x60 CMakeFiles/TEST_INTEGRATION.elf.dir/src/config/default/system/time/src/sys_time.c.obj
                0x00402e60                SYS_TIME_Initialize
 .text.SYS_TIME_TimerDestroy
                0x00402ec0       0x6a CMakeFiles/TEST_INTEGRATION.elf.dir/src/config/default/system/time/src/sys_time.c.obj
                0x00402ec0                SYS_TIME_TimerDestroy
 .text.SYS_Tasks
                0x00402f2a        0xc CMakeFiles/TEST_INTEGRATION.elf.dir/src/config/default/tasks.c.obj
                0x00402f2a                SYS_Tasks
 .text.xTask1Code
                0x00402f36        0xa CMakeFiles/TEST_INTEGRATION.elf.dir/src/main.c.obj
                0x00402f36                xTask1Code
 .text.xTask2Code
                0x00402f40       0x16 CMakeFiles/TEST_INTEGRATION.elf.dir/src/main.c.obj
                0x00402f40                xTask2Code
 *fill*         0x00402f56        0x2 
 .text.main     0x00402f58       0x50 CMakeFiles/TEST_INTEGRATION.elf.dir/src/main.c.obj
                0x00402f58                main
 .text.main_cpp
                0x00402fa8       0x34 CMakeFiles/TEST_INTEGRATION.elf.dir/src/main.cpp.obj
                0x00402fa8                main_cpp
 .text          0x00402fdc      0x378 c:/asat/arm-gcc/10 2020-q4-major/bin/../lib/gcc/arm-none-eabi/10.2.1/thumb/v7e-m+fp/hard\libgcc.a(_arm_addsubdf3.o)
                0x00402fdc                __aeabi_drsub
                0x00402fe4                __aeabi_dsub
                0x00402fe4                __subdf3
                0x00402fe8                __aeabi_dadd
                0x00402fe8                __adddf3
                0x00403260                __floatunsidf
                0x00403260                __aeabi_ui2d
                0x00403280                __floatsidf
                0x00403280                __aeabi_i2d
                0x004032a4                __aeabi_f2d
                0x004032a4                __extendsfdf2
                0x004032e8                __floatundidf
                0x004032e8                __aeabi_ul2d
                0x004032f8                __floatdidf
                0x004032f8                __aeabi_l2d
 .text          0x00403354      0x9d8 c:/asat/arm-gcc/10 2020-q4-major/bin/../lib/gcc/arm-none-eabi/10.2.1/thumb/v7e-m+fp/hard\libgcc.a(unwind-arm.o)
                0x004035fc                _Unwind_GetCFA
                0x00403600                __gnu_Unwind_RaiseException
                0x00403668                __gnu_Unwind_ForcedUnwind
                0x00403678                __gnu_Unwind_Resume
                0x004036bc                __gnu_Unwind_Resume_or_Rethrow
                0x004036cc                _Unwind_Complete
                0x004036d0                _Unwind_DeleteException
                0x004036dc                _Unwind_VRS_Get
                0x00403728                _Unwind_VRS_Set
                0x00403770                __gnu_Unwind_Backtrace
                0x00403a9c                __aeabi_unwind_cpp_pr0
                0x00403aa0                __aeabi_unwind_cpp_pr1
                0x00403aa4                __aeabi_unwind_cpp_pr2
                0x00403aa8                _Unwind_VRS_Pop
 .text          0x00403d2c      0x1ac c:/asat/arm-gcc/10 2020-q4-major/bin/../lib/gcc/arm-none-eabi/10.2.1/thumb/v7e-m+fp/hard\libgcc.a(libunwind.o)
                0x00403d2c                __restore_core_regs
                0x00403d2c                restore_core_regs
                0x00403d44                __gnu_Unwind_Restore_VFP
                0x00403d4c                __gnu_Unwind_Save_VFP
                0x00403d54                __gnu_Unwind_Restore_VFP_D
                0x00403d5c                __gnu_Unwind_Save_VFP_D
                0x00403d64                __gnu_Unwind_Restore_VFP_D_16_to_31
                0x00403d6c                __gnu_Unwind_Save_VFP_D_16_to_31
                0x00403d74                __gnu_Unwind_Restore_WMMXD
                0x00403db8                __gnu_Unwind_Save_WMMXD
                0x00403dfc                __gnu_Unwind_Restore_WMMXC
                0x00403e10                __gnu_Unwind_Save_WMMXC
                0x00403e24                ___Unwind_RaiseException
                0x00403e24                _Unwind_RaiseException
                0x00403e48                _Unwind_Resume
                0x00403e48                ___Unwind_Resume
                0x00403e6c                _Unwind_Resume_or_Rethrow
                0x00403e6c                ___Unwind_Resume_or_Rethrow
                0x00403e90                _Unwind_ForcedUnwind
                0x00403e90                ___Unwind_ForcedUnwind
                0x00403eb4                ___Unwind_Backtrace
                0x00403eb4                _Unwind_Backtrace
 .text          0x00403ed8      0x350 c:/asat/arm-gcc/10 2020-q4-major/bin/../lib/gcc/arm-none-eabi/10.2.1/thumb/v7e-m+fp/hard\libgcc.a(pr-support.o)
                0x00403f30                __gnu_unwind_execute
                0x004041dc                __gnu_unwind_frame
                0x00404208                _Unwind_GetRegionStart
                0x00404214                _Unwind_GetLanguageSpecificData
 .text.abort    0x00404228        0xe c:/asat/arm-gcc/10 2020-q4-major/bin/../lib/gcc/arm-none-eabi/10.2.1/../../../../arm-none-eabi/lib/thumb/v7e-m+fp/hard\libg_nano.a(lib_a-abort.o)
                0x00404228                abort
 *fill*         0x00404236        0x2 
 .text.__libc_init_array
                0x00404238       0x48 c:/asat/arm-gcc/10 2020-q4-major/bin/../lib/gcc/arm-none-eabi/10.2.1/../../../../arm-none-eabi/lib/thumb/v7e-m+fp/hard\libg_nano.a(lib_a-init.o)
                0x00404238                __libc_init_array
 .text.memcpy   0x00404280       0x1c c:/asat/arm-gcc/10 2020-q4-major/bin/../lib/gcc/arm-none-eabi/10.2.1/../../../../arm-none-eabi/lib/thumb/v7e-m+fp/hard\libg_nano.a(lib_a-memcpy-stub.o)
                0x00404280                memcpy
 .text.memset   0x0040429c       0x10 c:/asat/arm-gcc/10 2020-q4-major/bin/../lib/gcc/arm-none-eabi/10.2.1/../../../../arm-none-eabi/lib/thumb/v7e-m+fp/hard\libg_nano.a(lib_a-memset.o)
                0x0040429c                memset
 .text._raise_r
                0x004042ac       0x50 c:/asat/arm-gcc/10 2020-q4-major/bin/../lib/gcc/arm-none-eabi/10.2.1/../../../../arm-none-eabi/lib/thumb/v7e-m+fp/hard\libg_nano.a(lib_a-signal.o)
                0x004042ac                _raise_r
 .text.raise    0x004042fc       0x10 c:/asat/arm-gcc/10 2020-q4-major/bin/../lib/gcc/arm-none-eabi/10.2.1/../../../../arm-none-eabi/lib/thumb/v7e-m+fp/hard\libg_nano.a(lib_a-signal.o)
                0x004042fc                raise
 .text._kill_r  0x0040430c       0x24 c:/asat/arm-gcc/10 2020-q4-major/bin/../lib/gcc/arm-none-eabi/10.2.1/../../../../arm-none-eabi/lib/thumb/v7e-m+fp/hard\libg_nano.a(lib_a-signalr.o)
                0x0040430c                _kill_r
 .text._getpid_r
                0x00404330        0x4 c:/asat/arm-gcc/10 2020-q4-major/bin/../lib/gcc/arm-none-eabi/10.2.1/../../../../arm-none-eabi/lib/thumb/v7e-m+fp/hard\libg_nano.a(lib_a-signalr.o)
                0x00404330                _getpid_r
 .text._getpid  0x00404334       0x10 c:/asat/arm-gcc/10 2020-q4-major/bin/../lib/gcc/arm-none-eabi/10.2.1/../../../../arm-none-eabi/lib/thumb/v7e-m+fp/hard\libnosys.a(getpid.o)
                0x00404334                _getpid
 .text._kill    0x00404344       0x10 c:/asat/arm-gcc/10 2020-q4-major/bin/../lib/gcc/arm-none-eabi/10.2.1/../../../../arm-none-eabi/lib/thumb/v7e-m+fp/hard\libnosys.a(kill.o)
                0x00404344                _kill
 *(.glue_7t)
 .glue_7t       0x00404354        0x0 linker stubs
 *(.glue_7)
 .glue_7        0x00404354        0x0 linker stubs
 *(.rodata .rodata* .gnu.linkonce.r.*)
 .rodata        0x00404354        0x5 CMakeFiles/TEST_INTEGRATION.elf.dir/src/FreeRTOS/Source/FreeRTOS_tasks.c.obj
 *fill*         0x00404359        0x3 
 .rodata        0x0040435c       0x17 CMakeFiles/TEST_INTEGRATION.elf.dir/src/SEGGER_RTT/SEGGER_RTT.c.obj
 *fill*         0x00404373        0x1 
 .rodata._aV2C.0
                0x00404374       0x10 CMakeFiles/TEST_INTEGRATION.elf.dir/src/SEGGER_RTT/SEGGER_RTT_printf.c.obj
 .rodata.sysTimePlibAPI
                0x00404384       0x1c CMakeFiles/TEST_INTEGRATION.elf.dir/src/config/default/initialization.c.obj
                0x00404384                sysTimePlibAPI
 .rodata.sysTimeInitData
                0x004043a0        0x8 CMakeFiles/TEST_INTEGRATION.elf.dir/src/config/default/initialization.c.obj
                0x004043a0                sysTimeInitData
 .rodata        0x004043a8        0xe CMakeFiles/TEST_INTEGRATION.elf.dir/src/main.c.obj
 *fill*         0x004043b6        0x2 
 .rodata        0x004043b8        0x4 CMakeFiles/TEST_INTEGRATION.elf.dir/src/main.cpp.obj
 *(.ARM.extab* .gnu.linkonce.armextab.*)
 .ARM.extab.text._ZN7MCP98087readRegEhRt
                0x004043bc        0xc CMakeFiles/TEST_INTEGRATION.elf.dir/src/MCP9808/Src/MCP9808-internal.cpp.obj
 .ARM.extab.text._ZN7MCP98087getTempERf
                0x004043c8        0xc CMakeFiles/TEST_INTEGRATION.elf.dir/src/MCP9808/Src/MCP9808.cpp.obj
 .ARM.extab.text.main_cpp
                0x004043d4        0xc CMakeFiles/TEST_INTEGRATION.elf.dir/src/main.cpp.obj
 .ARM.extab     0x004043e0       0x18 c:/asat/arm-gcc/10 2020-q4-major/bin/../lib/gcc/arm-none-eabi/10.2.1/thumb/v7e-m+fp/hard\libgcc.a(pr-support.o)
                0x004043f8                . = ALIGN (0x4)
 *(.init)
 .init          0x004043f8        0x4 c:/asat/arm-gcc/10 2020-q4-major/bin/../lib/gcc/arm-none-eabi/10.2.1/thumb/v7e-m+fp/hard/crti.o
                0x004043f8                _init
 .init          0x004043fc        0x8 c:/asat/arm-gcc/10 2020-q4-major/bin/../lib/gcc/arm-none-eabi/10.2.1/thumb/v7e-m+fp/hard/crtn.o
                0x00404404                . = ALIGN (0x4)
                0x00404404                __preinit_array_start = .
 *(.preinit_array)
                0x00404404                __preinit_array_end = .
                0x00404404                . = ALIGN (0x4)
                0x00404404                __init_array_start = .
 *(SORT_BY_NAME(.init_array.*))
 *(.init_array)
 .init_array    0x00404404        0x4 c:/asat/arm-gcc/10 2020-q4-major/bin/../lib/gcc/arm-none-eabi/10.2.1/thumb/v7e-m+fp/hard/crtbegin.o
                0x00404408                __init_array_end = .
                0x00404408                . = ALIGN (0x4)
 *crtbegin.o(.ctors)
 *(EXCLUDE_FILE(*crtend.o) .ctors)
 *(SORT_BY_NAME(.ctors.*))
 *crtend.o(.ctors)
                0x00404408                . = ALIGN (0x4)
 *(.fini)
 .fini          0x00404408        0x4 c:/asat/arm-gcc/10 2020-q4-major/bin/../lib/gcc/arm-none-eabi/10.2.1/thumb/v7e-m+fp/hard/crti.o
                0x00404408                _fini
 .fini          0x0040440c        0x8 c:/asat/arm-gcc/10 2020-q4-major/bin/../lib/gcc/arm-none-eabi/10.2.1/thumb/v7e-m+fp/hard/crtn.o
                0x00404414                . = ALIGN (0x4)
                0x00404414                __fini_array_start = .
 *(.fini_array)
 .fini_array    0x00404414        0x4 c:/asat/arm-gcc/10 2020-q4-major/bin/../lib/gcc/arm-none-eabi/10.2.1/thumb/v7e-m+fp/hard/crtbegin.o
 *(SORT_BY_NAME(.fini_array.*))
                0x00404418                __fini_array_end = .
 *crtbegin.o(.dtors)
 *(EXCLUDE_FILE(*crtend.o) .dtors)
 *(SORT_BY_NAME(.dtors.*))
 *crtend.o(.dtors)
                0x00404418                . = ALIGN (0x4)
                0x00404418                _efixed = .
                0x00404418                PROVIDE (__exidx_start = .)

.vfp11_veneer   0x00404418        0x0
 .vfp11_veneer  0x00404418        0x0 linker stubs

.v4_bx          0x00404418        0x0
 .v4_bx         0x00404418        0x0 linker stubs

.iplt           0x00404418        0x0
 .iplt          0x00404418        0x0 c:/asat/arm-gcc/10 2020-q4-major/bin/../lib/gcc/arm-none-eabi/10.2.1/thumb/v7e-m+fp/hard/crtbegin.o

.igot.plt       0x00404418        0x0
 .igot.plt      0x00404418        0x0 c:/asat/arm-gcc/10 2020-q4-major/bin/../lib/gcc/arm-none-eabi/10.2.1/thumb/v7e-m+fp/hard/crtbegin.o

.ARM.exidx      0x00404418       0xd8
 *(.ARM.exidx* .gnu.linkonce.armexidx.*)
 .ARM.exidx.text._ZN7MCP98087readRegEhRt
                0x00404418        0x8 CMakeFiles/TEST_INTEGRATION.elf.dir/src/MCP9808/Src/MCP9808-internal.cpp.obj
 .ARM.exidx.text._ZN7MCP98087getTempERf
                0x00404420       0x10 CMakeFiles/TEST_INTEGRATION.elf.dir/src/MCP9808/Src/MCP9808.cpp.obj
                                  0x8 (size before relaxing)
 .ARM.exidx.text.main_cpp
                0x00404430       0x10 CMakeFiles/TEST_INTEGRATION.elf.dir/src/main.cpp.obj
                                  0x8 (size before relaxing)
 .ARM.exidx     0x00404440       0x78 c:/asat/arm-gcc/10 2020-q4-major/bin/../lib/gcc/arm-none-eabi/10.2.1/thumb/v7e-m+fp/hard\libgcc.a(unwind-arm.o)
                                 0xd8 (size before relaxing)
 .ARM.exidx     0x004044b8       0x38 c:/asat/arm-gcc/10 2020-q4-major/bin/../lib/gcc/arm-none-eabi/10.2.1/thumb/v7e-m+fp/hard\libgcc.a(pr-support.o)
                0x004044f0                PROVIDE (__exidx_end = .)

.eh_frame       0x004044f0        0x0
 .eh_frame      0x004044f0        0x0 c:/asat/arm-gcc/10 2020-q4-major/bin/../lib/gcc/arm-none-eabi/10.2.1/thumb/v7e-m+fp/hard/crtbegin.o

.rel.dyn        0x004044f0        0x0
 .rel.iplt      0x004044f0        0x0 c:/asat/arm-gcc/10 2020-q4-major/bin/../lib/gcc/arm-none-eabi/10.2.1/thumb/v7e-m+fp/hard/crtbegin.o
                0x004044f0                . = ALIGN (0x4)
                0x004044f0                _etext = .

.relocate       0x20400000       0x68 load address 0x004044f0
                0x20400000                . = ALIGN (0x4)
                0x20400000                _srelocate = .
 *(.ramfunc .ramfunc.*)
 *(.data .data.*)
 .data.uxCriticalNesting
                0x20400000        0x4 CMakeFiles/TEST_INTEGRATION.elf.dir/src/FreeRTOS/Source/portable/GCC/SAM/CM7/port.c.obj
 .data._impure_ptr
                0x20400004        0x4 c:/asat/arm-gcc/10 2020-q4-major/bin/../lib/gcc/arm-none-eabi/10.2.1/../../../../arm-none-eabi/lib/thumb/v7e-m+fp/hard\libg_nano.a(lib_a-impure.o)
                0x20400004                _impure_ptr
 .data.impure_data
                0x20400008       0x60 c:/asat/arm-gcc/10 2020-q4-major/bin/../lib/gcc/arm-none-eabi/10.2.1/../../../../arm-none-eabi/lib/thumb/v7e-m+fp/hard\libg_nano.a(lib_a-impure.o)
                0x20400068                . = ALIGN (0x4)
                0x20400068                _erelocate = .

.bss            0x20400068     0xa70c load address 0x00404558
                0x20400068                . = ALIGN (0x4)
                0x20400068                _sbss = .
                0x20400068                _szero = .
 *(.bss .bss.*)
 .bss           0x20400068       0x1c c:/asat/arm-gcc/10 2020-q4-major/bin/../lib/gcc/arm-none-eabi/10.2.1/thumb/v7e-m+fp/hard/crtbegin.o
 .bss.pxCurrentTCB
                0x20400084        0x4 CMakeFiles/TEST_INTEGRATION.elf.dir/src/FreeRTOS/Source/FreeRTOS_tasks.c.obj
                0x20400084                pxCurrentTCB
 .bss.pxReadyTasksLists
                0x20400088       0x64 CMakeFiles/TEST_INTEGRATION.elf.dir/src/FreeRTOS/Source/FreeRTOS_tasks.c.obj
 .bss.xDelayedTaskList1
                0x204000ec       0x14 CMakeFiles/TEST_INTEGRATION.elf.dir/src/FreeRTOS/Source/FreeRTOS_tasks.c.obj
 .bss.xDelayedTaskList2
                0x20400100       0x14 CMakeFiles/TEST_INTEGRATION.elf.dir/src/FreeRTOS/Source/FreeRTOS_tasks.c.obj
 .bss.pxDelayedTaskList
                0x20400114        0x4 CMakeFiles/TEST_INTEGRATION.elf.dir/src/FreeRTOS/Source/FreeRTOS_tasks.c.obj
 .bss.pxOverflowDelayedTaskList
                0x20400118        0x4 CMakeFiles/TEST_INTEGRATION.elf.dir/src/FreeRTOS/Source/FreeRTOS_tasks.c.obj
 .bss.xPendingReadyList
                0x2040011c       0x14 CMakeFiles/TEST_INTEGRATION.elf.dir/src/FreeRTOS/Source/FreeRTOS_tasks.c.obj
 .bss.xTasksWaitingTermination
                0x20400130       0x14 CMakeFiles/TEST_INTEGRATION.elf.dir/src/FreeRTOS/Source/FreeRTOS_tasks.c.obj
 .bss.uxDeletedTasksWaitingCleanUp
                0x20400144        0x4 CMakeFiles/TEST_INTEGRATION.elf.dir/src/FreeRTOS/Source/FreeRTOS_tasks.c.obj
 .bss.xSuspendedTaskList
                0x20400148       0x14 CMakeFiles/TEST_INTEGRATION.elf.dir/src/FreeRTOS/Source/FreeRTOS_tasks.c.obj
 .bss.uxCurrentNumberOfTasks
                0x2040015c        0x4 CMakeFiles/TEST_INTEGRATION.elf.dir/src/FreeRTOS/Source/FreeRTOS_tasks.c.obj
 .bss.xTickCount
                0x20400160        0x4 CMakeFiles/TEST_INTEGRATION.elf.dir/src/FreeRTOS/Source/FreeRTOS_tasks.c.obj
 .bss.uxTopReadyPriority
                0x20400164        0x4 CMakeFiles/TEST_INTEGRATION.elf.dir/src/FreeRTOS/Source/FreeRTOS_tasks.c.obj
 .bss.xSchedulerRunning
                0x20400168        0x4 CMakeFiles/TEST_INTEGRATION.elf.dir/src/FreeRTOS/Source/FreeRTOS_tasks.c.obj
 .bss.xPendedTicks
                0x2040016c        0x4 CMakeFiles/TEST_INTEGRATION.elf.dir/src/FreeRTOS/Source/FreeRTOS_tasks.c.obj
 .bss.xYieldPending
                0x20400170        0x4 CMakeFiles/TEST_INTEGRATION.elf.dir/src/FreeRTOS/Source/FreeRTOS_tasks.c.obj
 .bss.xNumOfOverflows
                0x20400174        0x4 CMakeFiles/TEST_INTEGRATION.elf.dir/src/FreeRTOS/Source/FreeRTOS_tasks.c.obj
 .bss.uxTaskNumber
                0x20400178        0x4 CMakeFiles/TEST_INTEGRATION.elf.dir/src/FreeRTOS/Source/FreeRTOS_tasks.c.obj
 .bss.xNextTaskUnblockTime
                0x2040017c        0x4 CMakeFiles/TEST_INTEGRATION.elf.dir/src/FreeRTOS/Source/FreeRTOS_tasks.c.obj
 .bss.xIdleTaskHandle
                0x20400180        0x4 CMakeFiles/TEST_INTEGRATION.elf.dir/src/FreeRTOS/Source/FreeRTOS_tasks.c.obj
 .bss.uxSchedulerSuspended
                0x20400184        0x4 CMakeFiles/TEST_INTEGRATION.elf.dir/src/FreeRTOS/Source/FreeRTOS_tasks.c.obj
 .bss.ucMaxSysCallPriority
                0x20400188        0x1 CMakeFiles/TEST_INTEGRATION.elf.dir/src/FreeRTOS/Source/portable/GCC/SAM/CM7/port.c.obj
 *fill*         0x20400189        0x3 
 .bss.ulMaxPRIGROUPValue
                0x2040018c        0x4 CMakeFiles/TEST_INTEGRATION.elf.dir/src/FreeRTOS/Source/portable/GCC/SAM/CM7/port.c.obj
 .bss.ucHeap    0x20400190     0xa000 CMakeFiles/TEST_INTEGRATION.elf.dir/src/FreeRTOS/Source/portable/MemMang/heap_4.c.obj
 .bss.xStart    0x2040a190        0x8 CMakeFiles/TEST_INTEGRATION.elf.dir/src/FreeRTOS/Source/portable/MemMang/heap_4.c.obj
 .bss.pxEnd     0x2040a198        0x4 CMakeFiles/TEST_INTEGRATION.elf.dir/src/FreeRTOS/Source/portable/MemMang/heap_4.c.obj
 .bss.xFreeBytesRemaining
                0x2040a19c        0x4 CMakeFiles/TEST_INTEGRATION.elf.dir/src/FreeRTOS/Source/portable/MemMang/heap_4.c.obj
 .bss.xMinimumEverFreeBytesRemaining
                0x2040a1a0        0x4 CMakeFiles/TEST_INTEGRATION.elf.dir/src/FreeRTOS/Source/portable/MemMang/heap_4.c.obj
 .bss.xNumberOfSuccessfulAllocations
                0x2040a1a4        0x4 CMakeFiles/TEST_INTEGRATION.elf.dir/src/FreeRTOS/Source/portable/MemMang/heap_4.c.obj
 .bss.xNumberOfSuccessfulFrees
                0x2040a1a8        0x4 CMakeFiles/TEST_INTEGRATION.elf.dir/src/FreeRTOS/Source/portable/MemMang/heap_4.c.obj
 .bss.xBlockAllocatedBit
                0x2040a1ac        0x4 CMakeFiles/TEST_INTEGRATION.elf.dir/src/FreeRTOS/Source/portable/MemMang/heap_4.c.obj
 .bss._SEGGER_RTT
                0x2040a1b0       0xa8 CMakeFiles/TEST_INTEGRATION.elf.dir/src/SEGGER_RTT/SEGGER_RTT.c.obj
                0x2040a1b0                _SEGGER_RTT
 .bss._acUpBuffer
                0x2040a258      0x400 CMakeFiles/TEST_INTEGRATION.elf.dir/src/SEGGER_RTT/SEGGER_RTT.c.obj
 .bss._acDownBuffer
                0x2040a658       0x10 CMakeFiles/TEST_INTEGRATION.elf.dir/src/SEGGER_RTT/SEGGER_RTT.c.obj
 .bss.appData   0x2040a668        0x1 CMakeFiles/TEST_INTEGRATION.elf.dir/src/app.c.obj
                0x2040a668                appData
 *fill*         0x2040a669        0x3 
 .bss.sysObj    0x2040a66c        0x8 CMakeFiles/TEST_INTEGRATION.elf.dir/src/config/default/initialization.c.obj
                0x2040a66c                sysObj
 .bss.systick   0x2040a674        0xc CMakeFiles/TEST_INTEGRATION.elf.dir/src/config/default/peripheral/systick/plib_systick.c.obj
 .bss.twihs0Obj
                0x2040a680       0x28 CMakeFiles/TEST_INTEGRATION.elf.dir/src/config/default/peripheral/twihs/master/plib_twihs0_master.c.obj
 .bss.gSystemCounterObj
                0x2040a6a8       0x28 CMakeFiles/TEST_INTEGRATION.elf.dir/src/config/default/system/time/src/sys_time.c.obj
 .bss.timers    0x2040a6d0       0xa0 CMakeFiles/TEST_INTEGRATION.elf.dir/src/config/default/system/time/src/sys_time.c.obj
 .bss.errno     0x2040a770        0x4 c:/asat/arm-gcc/10 2020-q4-major/bin/../lib/gcc/arm-none-eabi/10.2.1/../../../../arm-none-eabi/lib/thumb/v7e-m+fp/hard\libg_nano.a(lib_a-reent.o)
                0x2040a770                errno
 *(COMMON)
                0x2040a774                . = ALIGN (0x4)
                0x2040a774                _ebss = .
                0x2040a774                _ezero = .

.stack          0x2040a774     0x2004 load address 0x0040ec64
                0x2040a778                . = ALIGN (0x8)
 *fill*         0x2040a774        0x4 
                0x2040a778                _sstack = .
                0x2040c778                . = (. + STACK_SIZE)
 *fill*         0x2040a778     0x2000 
                0x2040c778                . = ALIGN (0x8)
                0x2040c778                _stack = .
                0x2040c778                . = ALIGN (0x4)
                0x2040c778                _end = .
OUTPUT(TEST_INTEGRATION.elf elf32-littlearm)
LOAD linker stubs

.ARM.attributes
                0x00000000       0x30
 .ARM.attributes
                0x00000000       0x1e c:/asat/arm-gcc/10 2020-q4-major/bin/../lib/gcc/arm-none-eabi/10.2.1/thumb/v7e-m+fp/hard/crti.o
 .ARM.attributes
                0x0000001e       0x34 c:/asat/arm-gcc/10 2020-q4-major/bin/../lib/gcc/arm-none-eabi/10.2.1/thumb/v7e-m+fp/hard/crtbegin.o
 .ARM.attributes
                0x00000052       0x34 CMakeFiles/TEST_INTEGRATION.elf.dir/src/FreeRTOS/Source/FreeRTOS_tasks.c.obj
 .ARM.attributes
                0x00000086       0x34 CMakeFiles/TEST_INTEGRATION.elf.dir/src/FreeRTOS/Source/list.c.obj
 .ARM.attributes
                0x000000ba       0x34 CMakeFiles/TEST_INTEGRATION.elf.dir/src/FreeRTOS/Source/portable/GCC/SAM/CM7/port.c.obj
 .ARM.attributes
                0x000000ee       0x34 CMakeFiles/TEST_INTEGRATION.elf.dir/src/FreeRTOS/Source/portable/MemMang/heap_4.c.obj
 .ARM.attributes
                0x00000122       0x34 CMakeFiles/TEST_INTEGRATION.elf.dir/src/MCP9808/Src/MCP9808-internal.cpp.obj
 .ARM.attributes
                0x00000156       0x34 CMakeFiles/TEST_INTEGRATION.elf.dir/src/MCP9808/Src/MCP9808.cpp.obj
 .ARM.attributes
                0x0000018a       0x34 CMakeFiles/TEST_INTEGRATION.elf.dir/src/SEGGER_RTT/SEGGER_RTT.c.obj
 .ARM.attributes
                0x000001be       0x34 CMakeFiles/TEST_INTEGRATION.elf.dir/src/SEGGER_RTT/SEGGER_RTT_printf.c.obj
 .ARM.attributes
                0x000001f2       0x34 CMakeFiles/TEST_INTEGRATION.elf.dir/src/app.c.obj
 .ARM.attributes
                0x00000226       0x34 CMakeFiles/TEST_INTEGRATION.elf.dir/src/config/default/exceptions.c.obj
 .ARM.attributes
                0x0000025a       0x34 CMakeFiles/TEST_INTEGRATION.elf.dir/src/config/default/initialization.c.obj
 .ARM.attributes
                0x0000028e       0x34 CMakeFiles/TEST_INTEGRATION.elf.dir/src/config/default/interrupts.c.obj
 .ARM.attributes
                0x000002c2       0x34 CMakeFiles/TEST_INTEGRATION.elf.dir/src/config/default/libc_syscalls.c.obj
 .ARM.attributes
                0x000002f6       0x34 CMakeFiles/TEST_INTEGRATION.elf.dir/src/config/default/peripheral/clk/plib_clk.c.obj
 .ARM.attributes
                0x0000032a       0x34 CMakeFiles/TEST_INTEGRATION.elf.dir/src/config/default/peripheral/efc/plib_efc.c.obj
 .ARM.attributes
                0x0000035e       0x34 CMakeFiles/TEST_INTEGRATION.elf.dir/src/config/default/peripheral/nvic/plib_nvic.c.obj
 .ARM.attributes
                0x00000392       0x34 CMakeFiles/TEST_INTEGRATION.elf.dir/src/config/default/peripheral/pio/plib_pio.c.obj
 .ARM.attributes
                0x000003c6       0x34 CMakeFiles/TEST_INTEGRATION.elf.dir/src/config/default/peripheral/systick/plib_systick.c.obj
 .ARM.attributes
                0x000003fa       0x34 CMakeFiles/TEST_INTEGRATION.elf.dir/src/config/default/peripheral/twihs/master/plib_twihs0_master.c.obj
 .ARM.attributes
                0x0000042e       0x34 CMakeFiles/TEST_INTEGRATION.elf.dir/src/config/default/startup_gcc.c.obj
 .ARM.attributes
                0x00000462       0x34 CMakeFiles/TEST_INTEGRATION.elf.dir/src/config/default/system/time/src/sys_time.c.obj
 .ARM.attributes
                0x00000496       0x34 CMakeFiles/TEST_INTEGRATION.elf.dir/src/config/default/tasks.c.obj
 .ARM.attributes
                0x000004ca       0x34 CMakeFiles/TEST_INTEGRATION.elf.dir/src/main.c.obj
 .ARM.attributes
                0x000004fe       0x34 CMakeFiles/TEST_INTEGRATION.elf.dir/src/main.cpp.obj
 .ARM.attributes
                0x00000532       0x1e c:/asat/arm-gcc/10 2020-q4-major/bin/../lib/gcc/arm-none-eabi/10.2.1/thumb/v7e-m+fp/hard\libgcc.a(_arm_addsubdf3.o)
 .ARM.attributes
                0x00000550       0x34 c:/asat/arm-gcc/10 2020-q4-major/bin/../lib/gcc/arm-none-eabi/10.2.1/thumb/v7e-m+fp/hard\libgcc.a(unwind-arm.o)
 .ARM.attributes
                0x00000584       0x1e c:/asat/arm-gcc/10 2020-q4-major/bin/../lib/gcc/arm-none-eabi/10.2.1/thumb/v7e-m+fp/hard\libgcc.a(libunwind.o)
 .ARM.attributes
                0x000005a2       0x34 c:/asat/arm-gcc/10 2020-q4-major/bin/../lib/gcc/arm-none-eabi/10.2.1/thumb/v7e-m+fp/hard\libgcc.a(pr-support.o)
 .ARM.attributes
                0x000005d6       0x34 c:/asat/arm-gcc/10 2020-q4-major/bin/../lib/gcc/arm-none-eabi/10.2.1/../../../../arm-none-eabi/lib/thumb/v7e-m+fp/hard\libg_nano.a(lib_a-abort.o)
 .ARM.attributes
                0x0000060a       0x32 c:/asat/arm-gcc/10 2020-q4-major/bin/../lib/gcc/arm-none-eabi/10.2.1/../../../../arm-none-eabi/lib/thumb/v7e-m+fp/hard\libg_nano.a(lib_a-impure.o)
 .ARM.attributes
                0x0000063c       0x34 c:/asat/arm-gcc/10 2020-q4-major/bin/../lib/gcc/arm-none-eabi/10.2.1/../../../../arm-none-eabi/lib/thumb/v7e-m+fp/hard\libg_nano.a(lib_a-init.o)
 .ARM.attributes
                0x00000670       0x34 c:/asat/arm-gcc/10 2020-q4-major/bin/../lib/gcc/arm-none-eabi/10.2.1/../../../../arm-none-eabi/lib/thumb/v7e-m+fp/hard\libg_nano.a(lib_a-memcpy-stub.o)
 .ARM.attributes
                0x000006a4       0x34 c:/asat/arm-gcc/10 2020-q4-major/bin/../lib/gcc/arm-none-eabi/10.2.1/../../../../arm-none-eabi/lib/thumb/v7e-m+fp/hard\libg_nano.a(lib_a-memset.o)
 .ARM.attributes
                0x000006d8       0x34 c:/asat/arm-gcc/10 2020-q4-major/bin/../lib/gcc/arm-none-eabi/10.2.1/../../../../arm-none-eabi/lib/thumb/v7e-m+fp/hard\libg_nano.a(lib_a-signal.o)
 .ARM.attributes
                0x0000070c       0x34 c:/asat/arm-gcc/10 2020-q4-major/bin/../lib/gcc/arm-none-eabi/10.2.1/../../../../arm-none-eabi/lib/thumb/v7e-m+fp/hard\libg_nano.a(lib_a-signalr.o)
 .ARM.attributes
                0x00000740       0x34 c:/asat/arm-gcc/10 2020-q4-major/bin/../lib/gcc/arm-none-eabi/10.2.1/../../../../arm-none-eabi/lib/thumb/v7e-m+fp/hard\libg_nano.a(lib_a-reent.o)
 .ARM.attributes
                0x00000774       0x34 c:/asat/arm-gcc/10 2020-q4-major/bin/../lib/gcc/arm-none-eabi/10.2.1/../../../../arm-none-eabi/lib/thumb/v7e-m+fp/hard\libnosys.a(getpid.o)
 .ARM.attributes
                0x000007a8       0x34 c:/asat/arm-gcc/10 2020-q4-major/bin/../lib/gcc/arm-none-eabi/10.2.1/../../../../arm-none-eabi/lib/thumb/v7e-m+fp/hard\libnosys.a(kill.o)
 .ARM.attributes
                0x000007dc       0x1e c:/asat/arm-gcc/10 2020-q4-major/bin/../lib/gcc/arm-none-eabi/10.2.1/thumb/v7e-m+fp/hard/crtn.o

.comment        0x00000000       0x4d
 .comment       0x00000000       0x4d CMakeFiles/TEST_INTEGRATION.elf.dir/src/FreeRTOS/Source/FreeRTOS_tasks.c.obj
                                 0x4e (size before relaxing)
 .comment       0x0000004d       0x4e CMakeFiles/TEST_INTEGRATION.elf.dir/src/FreeRTOS/Source/list.c.obj
 .comment       0x0000004d       0x4e CMakeFiles/TEST_INTEGRATION.elf.dir/src/FreeRTOS/Source/portable/GCC/SAM/CM7/port.c.obj
 .comment       0x0000004d       0x4e CMakeFiles/TEST_INTEGRATION.elf.dir/src/FreeRTOS/Source/portable/MemMang/heap_4.c.obj
 .comment       0x0000004d       0x4e CMakeFiles/TEST_INTEGRATION.elf.dir/src/MCP9808/Src/MCP9808-internal.cpp.obj
 .comment       0x0000004d       0x4e CMakeFiles/TEST_INTEGRATION.elf.dir/src/MCP9808/Src/MCP9808.cpp.obj
 .comment       0x0000004d       0x4e CMakeFiles/TEST_INTEGRATION.elf.dir/src/SEGGER_RTT/SEGGER_RTT.c.obj
 .comment       0x0000004d       0x4e CMakeFiles/TEST_INTEGRATION.elf.dir/src/SEGGER_RTT/SEGGER_RTT_printf.c.obj
 .comment       0x0000004d       0x4e CMakeFiles/TEST_INTEGRATION.elf.dir/src/app.c.obj
 .comment       0x0000004d       0x4e CMakeFiles/TEST_INTEGRATION.elf.dir/src/config/default/exceptions.c.obj
 .comment       0x0000004d       0x4e CMakeFiles/TEST_INTEGRATION.elf.dir/src/config/default/initialization.c.obj
 .comment       0x0000004d       0x4e CMakeFiles/TEST_INTEGRATION.elf.dir/src/config/default/interrupts.c.obj
 .comment       0x0000004d       0x4e CMakeFiles/TEST_INTEGRATION.elf.dir/src/config/default/libc_syscalls.c.obj
 .comment       0x0000004d       0x4e CMakeFiles/TEST_INTEGRATION.elf.dir/src/config/default/peripheral/clk/plib_clk.c.obj
 .comment       0x0000004d       0x4e CMakeFiles/TEST_INTEGRATION.elf.dir/src/config/default/peripheral/efc/plib_efc.c.obj
 .comment       0x0000004d       0x4e CMakeFiles/TEST_INTEGRATION.elf.dir/src/config/default/peripheral/nvic/plib_nvic.c.obj
 .comment       0x0000004d       0x4e CMakeFiles/TEST_INTEGRATION.elf.dir/src/config/default/peripheral/pio/plib_pio.c.obj
 .comment       0x0000004d       0x4e CMakeFiles/TEST_INTEGRATION.elf.dir/src/config/default/peripheral/systick/plib_systick.c.obj
 .comment       0x0000004d       0x4e CMakeFiles/TEST_INTEGRATION.elf.dir/src/config/default/peripheral/twihs/master/plib_twihs0_master.c.obj
 .comment       0x0000004d       0x4e CMakeFiles/TEST_INTEGRATION.elf.dir/src/config/default/startup_gcc.c.obj
 .comment       0x0000004d       0x4e CMakeFiles/TEST_INTEGRATION.elf.dir/src/config/default/system/time/src/sys_time.c.obj
 .comment       0x0000004d       0x4e CMakeFiles/TEST_INTEGRATION.elf.dir/src/config/default/tasks.c.obj
 .comment       0x0000004d       0x4e CMakeFiles/TEST_INTEGRATION.elf.dir/src/main.c.obj
 .comment       0x0000004d       0x4e CMakeFiles/TEST_INTEGRATION.elf.dir/src/main.cpp.obj

.debug_info     0x00000000     0xa75e
 .debug_info    0x00000000     0x1a1e CMakeFiles/TEST_INTEGRATION.elf.dir/src/FreeRTOS/Source/FreeRTOS_tasks.c.obj
 .debug_info    0x00001a1e      0x2cd CMakeFiles/TEST_INTEGRATION.elf.dir/src/FreeRTOS/Source/list.c.obj
 .debug_info    0x00001ceb      0x48b CMakeFiles/TEST_INTEGRATION.elf.dir/src/FreeRTOS/Source/portable/GCC/SAM/CM7/port.c.obj
 .debug_info    0x00002176      0x4e4 CMakeFiles/TEST_INTEGRATION.elf.dir/src/FreeRTOS/Source/portable/MemMang/heap_4.c.obj
 .debug_info    0x0000265a      0x721 CMakeFiles/TEST_INTEGRATION.elf.dir/src/MCP9808/Src/MCP9808-internal.cpp.obj
 .debug_info    0x00002d7b      0x886 CMakeFiles/TEST_INTEGRATION.elf.dir/src/MCP9808/Src/MCP9808.cpp.obj
 .debug_info    0x00003601      0xed7 CMakeFiles/TEST_INTEGRATION.elf.dir/src/SEGGER_RTT/SEGGER_RTT.c.obj
 .debug_info    0x000044d8      0x41f CMakeFiles/TEST_INTEGRATION.elf.dir/src/SEGGER_RTT/SEGGER_RTT_printf.c.obj
 .debug_info    0x000048f7      0x11b CMakeFiles/TEST_INTEGRATION.elf.dir/src/app.c.obj
 .debug_info    0x00004a12       0xed CMakeFiles/TEST_INTEGRATION.elf.dir/src/config/default/exceptions.c.obj
 .debug_info    0x00004aff      0x5ae CMakeFiles/TEST_INTEGRATION.elf.dir/src/config/default/initialization.c.obj
 .debug_info    0x000050ad      0x5b5 CMakeFiles/TEST_INTEGRATION.elf.dir/src/config/default/interrupts.c.obj
 .debug_info    0x00005662      0x10b CMakeFiles/TEST_INTEGRATION.elf.dir/src/config/default/libc_syscalls.c.obj
 .debug_info    0x0000576d      0x411 CMakeFiles/TEST_INTEGRATION.elf.dir/src/config/default/peripheral/clk/plib_clk.c.obj
 .debug_info    0x00005b7e      0x4af CMakeFiles/TEST_INTEGRATION.elf.dir/src/config/default/peripheral/efc/plib_efc.c.obj
 .debug_info    0x0000602d      0x9d5 CMakeFiles/TEST_INTEGRATION.elf.dir/src/config/default/peripheral/nvic/plib_nvic.c.obj
 .debug_info    0x00006a02      0x93b CMakeFiles/TEST_INTEGRATION.elf.dir/src/config/default/peripheral/pio/plib_pio.c.obj
 .debug_info    0x0000733d      0x6a8 CMakeFiles/TEST_INTEGRATION.elf.dir/src/config/default/peripheral/systick/plib_systick.c.obj
 .debug_info    0x000079e5      0x6b6 CMakeFiles/TEST_INTEGRATION.elf.dir/src/config/default/peripheral/twihs/master/plib_twihs0_master.c.obj
 .debug_info    0x0000809b      0x4e2 CMakeFiles/TEST_INTEGRATION.elf.dir/src/config/default/startup_gcc.c.obj
 .debug_info    0x0000857d     0x1339 CMakeFiles/TEST_INTEGRATION.elf.dir/src/config/default/system/time/src/sys_time.c.obj
 .debug_info    0x000098b6       0x93 CMakeFiles/TEST_INTEGRATION.elf.dir/src/config/default/tasks.c.obj
 .debug_info    0x00009949      0x157 CMakeFiles/TEST_INTEGRATION.elf.dir/src/main.c.obj
 .debug_info    0x00009aa0      0xcbe CMakeFiles/TEST_INTEGRATION.elf.dir/src/main.cpp.obj

.debug_abbrev   0x00000000     0x22f4
 .debug_abbrev  0x00000000      0x2ba CMakeFiles/TEST_INTEGRATION.elf.dir/src/FreeRTOS/Source/FreeRTOS_tasks.c.obj
 .debug_abbrev  0x000002ba       0xef CMakeFiles/TEST_INTEGRATION.elf.dir/src/FreeRTOS/Source/list.c.obj
 .debug_abbrev  0x000003a9      0x219 CMakeFiles/TEST_INTEGRATION.elf.dir/src/FreeRTOS/Source/portable/GCC/SAM/CM7/port.c.obj
 .debug_abbrev  0x000005c2      0x1ee CMakeFiles/TEST_INTEGRATION.elf.dir/src/FreeRTOS/Source/portable/MemMang/heap_4.c.obj
 .debug_abbrev  0x000007b0      0x169 CMakeFiles/TEST_INTEGRATION.elf.dir/src/MCP9808/Src/MCP9808-internal.cpp.obj
 .debug_abbrev  0x00000919      0x182 CMakeFiles/TEST_INTEGRATION.elf.dir/src/MCP9808/Src/MCP9808.cpp.obj
 .debug_abbrev  0x00000a9b      0x206 CMakeFiles/TEST_INTEGRATION.elf.dir/src/SEGGER_RTT/SEGGER_RTT.c.obj
 .debug_abbrev  0x00000ca1      0x18d CMakeFiles/TEST_INTEGRATION.elf.dir/src/SEGGER_RTT/SEGGER_RTT_printf.c.obj
 .debug_abbrev  0x00000e2e       0xd6 CMakeFiles/TEST_INTEGRATION.elf.dir/src/app.c.obj
 .debug_abbrev  0x00000f04       0x47 CMakeFiles/TEST_INTEGRATION.elf.dir/src/config/default/exceptions.c.obj
 .debug_abbrev  0x00000f4b      0x173 CMakeFiles/TEST_INTEGRATION.elf.dir/src/config/default/initialization.c.obj
 .debug_abbrev  0x000010be       0xc0 CMakeFiles/TEST_INTEGRATION.elf.dir/src/config/default/interrupts.c.obj
 .debug_abbrev  0x0000117e       0xb2 CMakeFiles/TEST_INTEGRATION.elf.dir/src/config/default/libc_syscalls.c.obj
 .debug_abbrev  0x00001230       0xcb CMakeFiles/TEST_INTEGRATION.elf.dir/src/config/default/peripheral/clk/plib_clk.c.obj
 .debug_abbrev  0x000012fb      0x19e CMakeFiles/TEST_INTEGRATION.elf.dir/src/config/default/peripheral/efc/plib_efc.c.obj
 .debug_abbrev  0x00001499      0x201 CMakeFiles/TEST_INTEGRATION.elf.dir/src/config/default/peripheral/nvic/plib_nvic.c.obj
 .debug_abbrev  0x0000169a      0x156 CMakeFiles/TEST_INTEGRATION.elf.dir/src/config/default/peripheral/pio/plib_pio.c.obj
 .debug_abbrev  0x000017f0      0x182 CMakeFiles/TEST_INTEGRATION.elf.dir/src/config/default/peripheral/systick/plib_systick.c.obj
 .debug_abbrev  0x00001972      0x23b CMakeFiles/TEST_INTEGRATION.elf.dir/src/config/default/peripheral/twihs/master/plib_twihs0_master.c.obj
 .debug_abbrev  0x00001bad       0xf3 CMakeFiles/TEST_INTEGRATION.elf.dir/src/config/default/startup_gcc.c.obj
 .debug_abbrev  0x00001ca0      0x345 CMakeFiles/TEST_INTEGRATION.elf.dir/src/config/default/system/time/src/sys_time.c.obj
 .debug_abbrev  0x00001fe5       0x44 CMakeFiles/TEST_INTEGRATION.elf.dir/src/config/default/tasks.c.obj
 .debug_abbrev  0x00002029       0xbd CMakeFiles/TEST_INTEGRATION.elf.dir/src/main.c.obj
 .debug_abbrev  0x000020e6      0x20e CMakeFiles/TEST_INTEGRATION.elf.dir/src/main.cpp.obj

.debug_aranges  0x00000000      0x998
 .debug_aranges
                0x00000000      0x1a8 CMakeFiles/TEST_INTEGRATION.elf.dir/src/FreeRTOS/Source/FreeRTOS_tasks.c.obj
 .debug_aranges
                0x000001a8       0x40 CMakeFiles/TEST_INTEGRATION.elf.dir/src/FreeRTOS/Source/list.c.obj
 .debug_aranges
                0x000001e8       0x80 CMakeFiles/TEST_INTEGRATION.elf.dir/src/FreeRTOS/Source/portable/GCC/SAM/CM7/port.c.obj
 .debug_aranges
                0x00000268       0x58 CMakeFiles/TEST_INTEGRATION.elf.dir/src/FreeRTOS/Source/portable/MemMang/heap_4.c.obj
 .debug_aranges
                0x000002c0       0x30 CMakeFiles/TEST_INTEGRATION.elf.dir/src/MCP9808/Src/MCP9808-internal.cpp.obj
 .debug_aranges
                0x000002f0       0x78 CMakeFiles/TEST_INTEGRATION.elf.dir/src/MCP9808/Src/MCP9808.cpp.obj
 .debug_aranges
                0x00000368      0x108 CMakeFiles/TEST_INTEGRATION.elf.dir/src/SEGGER_RTT/SEGGER_RTT.c.obj
 .debug_aranges
                0x00000470       0x40 CMakeFiles/TEST_INTEGRATION.elf.dir/src/SEGGER_RTT/SEGGER_RTT_printf.c.obj
 .debug_aranges
                0x000004b0       0x28 CMakeFiles/TEST_INTEGRATION.elf.dir/src/app.c.obj
 .debug_aranges
                0x000004d8       0x48 CMakeFiles/TEST_INTEGRATION.elf.dir/src/config/default/exceptions.c.obj
 .debug_aranges
                0x00000520       0x20 CMakeFiles/TEST_INTEGRATION.elf.dir/src/config/default/initialization.c.obj
 .debug_aranges
                0x00000540       0x20 CMakeFiles/TEST_INTEGRATION.elf.dir/src/config/default/interrupts.c.obj
 .debug_aranges
                0x00000560       0x28 CMakeFiles/TEST_INTEGRATION.elf.dir/src/config/default/libc_syscalls.c.obj
 .debug_aranges
                0x00000588       0x30 CMakeFiles/TEST_INTEGRATION.elf.dir/src/config/default/peripheral/clk/plib_clk.c.obj
 .debug_aranges
                0x000005b8       0x70 CMakeFiles/TEST_INTEGRATION.elf.dir/src/config/default/peripheral/efc/plib_efc.c.obj
 .debug_aranges
                0x00000628       0x50 CMakeFiles/TEST_INTEGRATION.elf.dir/src/config/default/peripheral/nvic/plib_nvic.c.obj
 .debug_aranges
                0x00000678       0x60 CMakeFiles/TEST_INTEGRATION.elf.dir/src/config/default/peripheral/pio/plib_pio.c.obj
 .debug_aranges
                0x000006d8       0x78 CMakeFiles/TEST_INTEGRATION.elf.dir/src/config/default/peripheral/systick/plib_systick.c.obj
 .debug_aranges
                0x00000750       0x70 CMakeFiles/TEST_INTEGRATION.elf.dir/src/config/default/peripheral/twihs/master/plib_twihs0_master.c.obj
 .debug_aranges
                0x000007c0       0x20 CMakeFiles/TEST_INTEGRATION.elf.dir/src/config/default/startup_gcc.c.obj
 .debug_aranges
                0x000007e0      0x148 CMakeFiles/TEST_INTEGRATION.elf.dir/src/config/default/system/time/src/sys_time.c.obj
 .debug_aranges
                0x00000928       0x20 CMakeFiles/TEST_INTEGRATION.elf.dir/src/config/default/tasks.c.obj
 .debug_aranges
                0x00000948       0x30 CMakeFiles/TEST_INTEGRATION.elf.dir/src/main.c.obj
 .debug_aranges
                0x00000978       0x20 CMakeFiles/TEST_INTEGRATION.elf.dir/src/main.cpp.obj

.debug_ranges   0x00000000      0x848
 .debug_ranges  0x00000000      0x198 CMakeFiles/TEST_INTEGRATION.elf.dir/src/FreeRTOS/Source/FreeRTOS_tasks.c.obj
 .debug_ranges  0x00000198       0x30 CMakeFiles/TEST_INTEGRATION.elf.dir/src/FreeRTOS/Source/list.c.obj
 .debug_ranges  0x000001c8       0x70 CMakeFiles/TEST_INTEGRATION.elf.dir/src/FreeRTOS/Source/portable/GCC/SAM/CM7/port.c.obj
 .debug_ranges  0x00000238       0x48 CMakeFiles/TEST_INTEGRATION.elf.dir/src/FreeRTOS/Source/portable/MemMang/heap_4.c.obj
 .debug_ranges  0x00000280       0x20 CMakeFiles/TEST_INTEGRATION.elf.dir/src/MCP9808/Src/MCP9808-internal.cpp.obj
 .debug_ranges  0x000002a0       0x68 CMakeFiles/TEST_INTEGRATION.elf.dir/src/MCP9808/Src/MCP9808.cpp.obj
 .debug_ranges  0x00000308       0xf8 CMakeFiles/TEST_INTEGRATION.elf.dir/src/SEGGER_RTT/SEGGER_RTT.c.obj
 .debug_ranges  0x00000400       0x48 CMakeFiles/TEST_INTEGRATION.elf.dir/src/SEGGER_RTT/SEGGER_RTT_printf.c.obj
 .debug_ranges  0x00000448       0x30 CMakeFiles/TEST_INTEGRATION.elf.dir/src/app.c.obj
 .debug_ranges  0x00000478       0x38 CMakeFiles/TEST_INTEGRATION.elf.dir/src/config/default/exceptions.c.obj
 .debug_ranges  0x000004b0       0x10 CMakeFiles/TEST_INTEGRATION.elf.dir/src/config/default/initialization.c.obj
 .debug_ranges  0x000004c0       0x10 CMakeFiles/TEST_INTEGRATION.elf.dir/src/config/default/interrupts.c.obj
 .debug_ranges  0x000004d0       0x18 CMakeFiles/TEST_INTEGRATION.elf.dir/src/config/default/libc_syscalls.c.obj
 .debug_ranges  0x000004e8       0x20 CMakeFiles/TEST_INTEGRATION.elf.dir/src/config/default/peripheral/clk/plib_clk.c.obj
 .debug_ranges  0x00000508       0x60 CMakeFiles/TEST_INTEGRATION.elf.dir/src/config/default/peripheral/efc/plib_efc.c.obj
 .debug_ranges  0x00000568       0x40 CMakeFiles/TEST_INTEGRATION.elf.dir/src/config/default/peripheral/nvic/plib_nvic.c.obj
 .debug_ranges  0x000005a8       0x50 CMakeFiles/TEST_INTEGRATION.elf.dir/src/config/default/peripheral/pio/plib_pio.c.obj
 .debug_ranges  0x000005f8       0x68 CMakeFiles/TEST_INTEGRATION.elf.dir/src/config/default/peripheral/systick/plib_systick.c.obj
 .debug_ranges  0x00000660       0x60 CMakeFiles/TEST_INTEGRATION.elf.dir/src/config/default/peripheral/twihs/master/plib_twihs0_master.c.obj
 .debug_ranges  0x000006c0       0x10 CMakeFiles/TEST_INTEGRATION.elf.dir/src/config/default/startup_gcc.c.obj
 .debug_ranges  0x000006d0      0x138 CMakeFiles/TEST_INTEGRATION.elf.dir/src/config/default/system/time/src/sys_time.c.obj
 .debug_ranges  0x00000808       0x10 CMakeFiles/TEST_INTEGRATION.elf.dir/src/config/default/tasks.c.obj
 .debug_ranges  0x00000818       0x20 CMakeFiles/TEST_INTEGRATION.elf.dir/src/main.c.obj
 .debug_ranges  0x00000838       0x10 CMakeFiles/TEST_INTEGRATION.elf.dir/src/main.cpp.obj

.debug_line     0x00000000     0x6116
 .debug_line    0x00000000     0x135f CMakeFiles/TEST_INTEGRATION.elf.dir/src/FreeRTOS/Source/FreeRTOS_tasks.c.obj
 .debug_line    0x0000135f      0x29c CMakeFiles/TEST_INTEGRATION.elf.dir/src/FreeRTOS/Source/list.c.obj
 .debug_line    0x000015fb      0x41e CMakeFiles/TEST_INTEGRATION.elf.dir/src/FreeRTOS/Source/portable/GCC/SAM/CM7/port.c.obj
 .debug_line    0x00001a19      0x52b CMakeFiles/TEST_INTEGRATION.elf.dir/src/FreeRTOS/Source/portable/MemMang/heap_4.c.obj
 .debug_line    0x00001f44      0x2bf CMakeFiles/TEST_INTEGRATION.elf.dir/src/MCP9808/Src/MCP9808-internal.cpp.obj
 .debug_line    0x00002203      0x389 CMakeFiles/TEST_INTEGRATION.elf.dir/src/MCP9808/Src/MCP9808.cpp.obj
 .debug_line    0x0000258c      0x7e8 CMakeFiles/TEST_INTEGRATION.elf.dir/src/SEGGER_RTT/SEGGER_RTT.c.obj
 .debug_line    0x00002d74      0x42c CMakeFiles/TEST_INTEGRATION.elf.dir/src/SEGGER_RTT/SEGGER_RTT_printf.c.obj
 .debug_line    0x000031a0       0x9a CMakeFiles/TEST_INTEGRATION.elf.dir/src/app.c.obj
 .debug_line    0x0000323a       0xf0 CMakeFiles/TEST_INTEGRATION.elf.dir/src/config/default/exceptions.c.obj
 .debug_line    0x0000332a      0x2c8 CMakeFiles/TEST_INTEGRATION.elf.dir/src/config/default/initialization.c.obj
 .debug_line    0x000035f2      0x11c CMakeFiles/TEST_INTEGRATION.elf.dir/src/config/default/interrupts.c.obj
 .debug_line    0x0000370e       0xe2 CMakeFiles/TEST_INTEGRATION.elf.dir/src/config/default/libc_syscalls.c.obj
 .debug_line    0x000037f0      0x223 CMakeFiles/TEST_INTEGRATION.elf.dir/src/config/default/peripheral/clk/plib_clk.c.obj
 .debug_line    0x00003a13      0x430 CMakeFiles/TEST_INTEGRATION.elf.dir/src/config/default/peripheral/efc/plib_efc.c.obj
 .debug_line    0x00003e43      0x32e CMakeFiles/TEST_INTEGRATION.elf.dir/src/config/default/peripheral/nvic/plib_nvic.c.obj
 .debug_line    0x00004171      0x37b CMakeFiles/TEST_INTEGRATION.elf.dir/src/config/default/peripheral/pio/plib_pio.c.obj
 .debug_line    0x000044ec      0x300 CMakeFiles/TEST_INTEGRATION.elf.dir/src/config/default/peripheral/systick/plib_systick.c.obj
 .debug_line    0x000047ec      0x68d CMakeFiles/TEST_INTEGRATION.elf.dir/src/config/default/peripheral/twihs/master/plib_twihs0_master.c.obj
 .debug_line    0x00004e79      0x19e CMakeFiles/TEST_INTEGRATION.elf.dir/src/config/default/startup_gcc.c.obj
 .debug_line    0x00005017      0xbf0 CMakeFiles/TEST_INTEGRATION.elf.dir/src/config/default/system/time/src/sys_time.c.obj
 .debug_line    0x00005c07       0x70 CMakeFiles/TEST_INTEGRATION.elf.dir/src/config/default/tasks.c.obj
 .debug_line    0x00005c77      0x18d CMakeFiles/TEST_INTEGRATION.elf.dir/src/main.c.obj
 .debug_line    0x00005e04      0x312 CMakeFiles/TEST_INTEGRATION.elf.dir/src/main.cpp.obj

.debug_str      0x00000000     0x4657
 .debug_str     0x00000000      0xd96 CMakeFiles/TEST_INTEGRATION.elf.dir/src/FreeRTOS/Source/FreeRTOS_tasks.c.obj
                                0xe2e (size before relaxing)
 .debug_str     0x00000d96       0xca CMakeFiles/TEST_INTEGRATION.elf.dir/src/FreeRTOS/Source/list.c.obj
                                0x321 (size before relaxing)
 .debug_str     0x00000e60      0x1e8 CMakeFiles/TEST_INTEGRATION.elf.dir/src/FreeRTOS/Source/portable/GCC/SAM/CM7/port.c.obj
                                0x469 (size before relaxing)
 .debug_str     0x00001048      0x303 CMakeFiles/TEST_INTEGRATION.elf.dir/src/FreeRTOS/Source/portable/MemMang/heap_4.c.obj
                                0x508 (size before relaxing)
 .debug_str     0x0000134b      0x515 CMakeFiles/TEST_INTEGRATION.elf.dir/src/MCP9808/Src/MCP9808-internal.cpp.obj
                                0x704 (size before relaxing)
 .debug_str     0x00001860       0x3c CMakeFiles/TEST_INTEGRATION.elf.dir/src/MCP9808/Src/MCP9808.cpp.obj
                                0x6d4 (size before relaxing)
 .debug_str     0x0000189c      0x410 CMakeFiles/TEST_INTEGRATION.elf.dir/src/SEGGER_RTT/SEGGER_RTT.c.obj
                                0x5da (size before relaxing)
 .debug_str     0x00001cac      0x131 CMakeFiles/TEST_INTEGRATION.elf.dir/src/SEGGER_RTT/SEGGER_RTT_printf.c.obj
                                0x312 (size before relaxing)
 .debug_str     0x00001ddd       0x9c CMakeFiles/TEST_INTEGRATION.elf.dir/src/app.c.obj
                                0x234 (size before relaxing)
 .debug_str     0x00001e79       0x3b CMakeFiles/TEST_INTEGRATION.elf.dir/src/config/default/exceptions.c.obj
                                0x254 (size before relaxing)
 .debug_str     0x00001eb4      0x633 CMakeFiles/TEST_INTEGRATION.elf.dir/src/config/default/initialization.c.obj
                                0x862 (size before relaxing)
 .debug_str     0x000024e7      0x692 CMakeFiles/TEST_INTEGRATION.elf.dir/src/config/default/interrupts.c.obj
                                0x854 (size before relaxing)
 .debug_str     0x00002b79       0x6d CMakeFiles/TEST_INTEGRATION.elf.dir/src/config/default/libc_syscalls.c.obj
                                0x20a (size before relaxing)
 .debug_str     0x00002be6      0x25a CMakeFiles/TEST_INTEGRATION.elf.dir/src/config/default/peripheral/clk/plib_clk.c.obj
                                0x418 (size before relaxing)
 .debug_str     0x00002e40      0x1a3 CMakeFiles/TEST_INTEGRATION.elf.dir/src/config/default/peripheral/efc/plib_efc.c.obj
                                0x398 (size before relaxing)
 .debug_str     0x00002fe3      0x2c9 CMakeFiles/TEST_INTEGRATION.elf.dir/src/config/default/peripheral/nvic/plib_nvic.c.obj
                                0x881 (size before relaxing)
 .debug_str     0x000032ac      0x425 CMakeFiles/TEST_INTEGRATION.elf.dir/src/config/default/peripheral/pio/plib_pio.c.obj
                                0x63e (size before relaxing)
 .debug_str     0x000036d1      0x209 CMakeFiles/TEST_INTEGRATION.elf.dir/src/config/default/peripheral/systick/plib_systick.c.obj
                                0x539 (size before relaxing)
 .debug_str     0x000038da      0x3a1 CMakeFiles/TEST_INTEGRATION.elf.dir/src/config/default/peripheral/twihs/master/plib_twihs0_master.c.obj
                                0x606 (size before relaxing)
 .debug_str     0x00003c7b       0x7a CMakeFiles/TEST_INTEGRATION.elf.dir/src/config/default/startup_gcc.c.obj
                                0x3a2 (size before relaxing)
 .debug_str     0x00003cf5      0x772 CMakeFiles/TEST_INTEGRATION.elf.dir/src/config/default/system/time/src/sys_time.c.obj
                                0xf50 (size before relaxing)
 .debug_str     0x00004467       0x40 CMakeFiles/TEST_INTEGRATION.elf.dir/src/config/default/tasks.c.obj
                                0x1de (size before relaxing)
 .debug_str     0x000044a7       0x4f CMakeFiles/TEST_INTEGRATION.elf.dir/src/main.c.obj
                                0x237 (size before relaxing)
 .debug_str     0x000044f6      0x161 CMakeFiles/TEST_INTEGRATION.elf.dir/src/main.cpp.obj
                                0x819 (size before relaxing)

.debug_frame    0x00000000     0x2954
 .debug_frame   0x00000000      0x724 CMakeFiles/TEST_INTEGRATION.elf.dir/src/FreeRTOS/Source/FreeRTOS_tasks.c.obj
 .debug_frame   0x00000724       0xd8 CMakeFiles/TEST_INTEGRATION.elf.dir/src/FreeRTOS/Source/list.c.obj
 .debug_frame   0x000007fc      0x1a8 CMakeFiles/TEST_INTEGRATION.elf.dir/src/FreeRTOS/Source/portable/GCC/SAM/CM7/port.c.obj
 .debug_frame   0x000009a4      0x12c CMakeFiles/TEST_INTEGRATION.elf.dir/src/FreeRTOS/Source/portable/MemMang/heap_4.c.obj
 .debug_frame   0x00000ad0       0x7c CMakeFiles/TEST_INTEGRATION.elf.dir/src/MCP9808/Src/MCP9808-internal.cpp.obj
 .debug_frame   0x00000b4c      0x1c0 CMakeFiles/TEST_INTEGRATION.elf.dir/src/MCP9808/Src/MCP9808.cpp.obj
 .debug_frame   0x00000d0c      0x454 CMakeFiles/TEST_INTEGRATION.elf.dir/src/SEGGER_RTT/SEGGER_RTT.c.obj
 .debug_frame   0x00001160       0xe0 CMakeFiles/TEST_INTEGRATION.elf.dir/src/SEGGER_RTT/SEGGER_RTT_printf.c.obj
 .debug_frame   0x00001240       0x58 CMakeFiles/TEST_INTEGRATION.elf.dir/src/app.c.obj
 .debug_frame   0x00001298       0xa0 CMakeFiles/TEST_INTEGRATION.elf.dir/src/config/default/exceptions.c.obj
 .debug_frame   0x00001338       0x34 CMakeFiles/TEST_INTEGRATION.elf.dir/src/config/default/initialization.c.obj
 .debug_frame   0x0000136c       0x20 CMakeFiles/TEST_INTEGRATION.elf.dir/src/config/default/interrupts.c.obj
 .debug_frame   0x0000138c       0x54 CMakeFiles/TEST_INTEGRATION.elf.dir/src/config/default/libc_syscalls.c.obj
 .debug_frame   0x000013e0       0x6c CMakeFiles/TEST_INTEGRATION.elf.dir/src/config/default/peripheral/clk/plib_clk.c.obj
 .debug_frame   0x0000144c      0x1ac CMakeFiles/TEST_INTEGRATION.elf.dir/src/config/default/peripheral/efc/plib_efc.c.obj
 .debug_frame   0x000015f8      0x114 CMakeFiles/TEST_INTEGRATION.elf.dir/src/config/default/peripheral/nvic/plib_nvic.c.obj
 .debug_frame   0x0000170c      0x170 CMakeFiles/TEST_INTEGRATION.elf.dir/src/config/default/peripheral/pio/plib_pio.c.obj
 .debug_frame   0x0000187c      0x1ac CMakeFiles/TEST_INTEGRATION.elf.dir/src/config/default/peripheral/systick/plib_systick.c.obj
 .debug_frame   0x00001a28      0x1a0 CMakeFiles/TEST_INTEGRATION.elf.dir/src/config/default/peripheral/twihs/master/plib_twihs0_master.c.obj
 .debug_frame   0x00001bc8       0x30 CMakeFiles/TEST_INTEGRATION.elf.dir/src/config/default/startup_gcc.c.obj
 .debug_frame   0x00001bf8      0x5cc CMakeFiles/TEST_INTEGRATION.elf.dir/src/config/default/system/time/src/sys_time.c.obj
 .debug_frame   0x000021c4       0x2c CMakeFiles/TEST_INTEGRATION.elf.dir/src/config/default/tasks.c.obj
 .debug_frame   0x000021f0       0x6c CMakeFiles/TEST_INTEGRATION.elf.dir/src/main.c.obj
 .debug_frame   0x0000225c       0x34 CMakeFiles/TEST_INTEGRATION.elf.dir/src/main.cpp.obj
 .debug_frame   0x00002290       0xac c:/asat/arm-gcc/10 2020-q4-major/bin/../lib/gcc/arm-none-eabi/10.2.1/thumb/v7e-m+fp/hard\libgcc.a(_arm_addsubdf3.o)
 .debug_frame   0x0000233c      0x2d4 c:/asat/arm-gcc/10 2020-q4-major/bin/../lib/gcc/arm-none-eabi/10.2.1/thumb/v7e-m+fp/hard\libgcc.a(unwind-arm.o)
 .debug_frame   0x00002610      0x104 c:/asat/arm-gcc/10 2020-q4-major/bin/../lib/gcc/arm-none-eabi/10.2.1/thumb/v7e-m+fp/hard\libgcc.a(pr-support.o)
 .debug_frame   0x00002714       0x28 c:/asat/arm-gcc/10 2020-q4-major/bin/../lib/gcc/arm-none-eabi/10.2.1/../../../../arm-none-eabi/lib/thumb/v7e-m+fp/hard\libg_nano.a(lib_a-abort.o)
 .debug_frame   0x0000273c       0x2c c:/asat/arm-gcc/10 2020-q4-major/bin/../lib/gcc/arm-none-eabi/10.2.1/../../../../arm-none-eabi/lib/thumb/v7e-m+fp/hard\libg_nano.a(lib_a-init.o)
 .debug_frame   0x00002768       0x28 c:/asat/arm-gcc/10 2020-q4-major/bin/../lib/gcc/arm-none-eabi/10.2.1/../../../../arm-none-eabi/lib/thumb/v7e-m+fp/hard\libg_nano.a(lib_a-memcpy-stub.o)
 .debug_frame   0x00002790       0x20 c:/asat/arm-gcc/10 2020-q4-major/bin/../lib/gcc/arm-none-eabi/10.2.1/../../../../arm-none-eabi/lib/thumb/v7e-m+fp/hard\libg_nano.a(lib_a-memset.o)
 .debug_frame   0x000027b0       0xcc c:/asat/arm-gcc/10 2020-q4-major/bin/../lib/gcc/arm-none-eabi/10.2.1/../../../../arm-none-eabi/lib/thumb/v7e-m+fp/hard\libg_nano.a(lib_a-signal.o)
 .debug_frame   0x0000287c       0x3c c:/asat/arm-gcc/10 2020-q4-major/bin/../lib/gcc/arm-none-eabi/10.2.1/../../../../arm-none-eabi/lib/thumb/v7e-m+fp/hard\libg_nano.a(lib_a-signalr.o)
 .debug_frame   0x000028b8       0x5c c:/asat/arm-gcc/10 2020-q4-major/bin/../lib/gcc/arm-none-eabi/10.2.1/../../../../arm-none-eabi/lib/thumb/v7e-m+fp/hard\libg_nano.a(lib_a-reent.o)
 .debug_frame   0x00002914       0x20 c:/asat/arm-gcc/10 2020-q4-major/bin/../lib/gcc/arm-none-eabi/10.2.1/../../../../arm-none-eabi/lib/thumb/v7e-m+fp/hard\libnosys.a(getpid.o)
 .debug_frame   0x00002934       0x20 c:/asat/arm-gcc/10 2020-q4-major/bin/../lib/gcc/arm-none-eabi/10.2.1/../../../../arm-none-eabi/lib/thumb/v7e-m+fp/hard\libnosys.a(kill.o)

.stab           0x00000000       0x3c
 .stab          0x00000000       0x24 c:/asat/arm-gcc/10 2020-q4-major/bin/../lib/gcc/arm-none-eabi/10.2.1/../../../../arm-none-eabi/lib/thumb/v7e-m+fp/hard\libnosys.a(getpid.o)
 .stab          0x00000024       0x18 c:/asat/arm-gcc/10 2020-q4-major/bin/../lib/gcc/arm-none-eabi/10.2.1/../../../../arm-none-eabi/lib/thumb/v7e-m+fp/hard\libnosys.a(kill.o)
                                 0x24 (size before relaxing)

.stabstr        0x00000000       0x76
 .stabstr       0x00000000       0x76 c:/asat/arm-gcc/10 2020-q4-major/bin/../lib/gcc/arm-none-eabi/10.2.1/../../../../arm-none-eabi/lib/thumb/v7e-m+fp/hard\libnosys.a(getpid.o)
